{
  "Entries": [
    {
<<<<<<< HEAD
      "RequestUri": "/subscriptions/12053b8f-cab5-4f5c-9c1a-870580142abd/resourceGroups/CosmosDBResourceGroup27/providers/Microsoft.DocumentDB/databaseAccounts/dbaccount27?api-version=2019-08-01",
      "EncodedRequestUri": "L3N1YnNjcmlwdGlvbnMvMTIwNTNiOGYtY2FiNS00ZjVjLTljMWEtODcwNTgwMTQyYWJkL3Jlc291cmNlR3JvdXBzL0Nvc21vc0RCUmVzb3VyY2VHcm91cDI3L3Byb3ZpZGVycy9NaWNyb3NvZnQuRG9jdW1lbnREQi9kYXRhYmFzZUFjY291bnRzL2RiYWNjb3VudDI3P2FwaS12ZXJzaW9uPTIwMTktMDgtMDE=",
=======
      "RequestUri": "/subscriptions/12053b8f-cab5-4f5c-9c1a-870580142abd/resourceGroups/CosmosDBResourceGroup27/providers/Microsoft.DocumentDB/databaseAccounts/dbaccount27?api-version=2020-03-01",
      "EncodedRequestUri": "L3N1YnNjcmlwdGlvbnMvMTIwNTNiOGYtY2FiNS00ZjVjLTljMWEtODcwNTgwMTQyYWJkL3Jlc291cmNlR3JvdXBzL0Nvc21vc0RCUmVzb3VyY2VHcm91cDI3L3Byb3ZpZGVycy9NaWNyb3NvZnQuRG9jdW1lbnREQi9kYXRhYmFzZUFjY291bnRzL2RiYWNjb3VudDI3P2FwaS12ZXJzaW9uPTIwMjAtMDMtMDE=",
>>>>>>> e5fcd5c7b105c638909ca50ef4370d71fce2137e
      "RequestMethod": "GET",
      "RequestBody": "",
      "RequestHeaders": {
        "x-ms-client-request-id": [
<<<<<<< HEAD
          "cb2329e8-db0a-490e-a904-8aa8e7eeeeb7"
=======
          "dd492ffb-a4c7-43f8-a7cb-7197cb640174"
>>>>>>> e5fcd5c7b105c638909ca50ef4370d71fce2137e
        ],
        "Accept-Language": [
          "en-US"
        ],
        "User-Agent": [
<<<<<<< HEAD
          "FxVersion/4.6.27817.03",
          "OSName/Windows",
          "OSVersion/Microsoft.Windows.10.0.18363.",
          "Microsoft.Azure.Management.CosmosDB.CosmosDBManagementClient/1.0.0.0"
=======
          "FxVersion/4.6.28207.03",
          "OSName/Windows",
          "OSVersion/Microsoft.Windows.10.0.18363.",
          "Microsoft.Azure.Management.CosmosDB.CosmosDBManagementClient/1.1.0.0"
>>>>>>> e5fcd5c7b105c638909ca50ef4370d71fce2137e
        ]
      },
      "ResponseHeaders": {
        "Cache-Control": [
          "no-store, no-cache"
        ],
        "Pragma": [
          "no-cache"
        ],
        "Strict-Transport-Security": [
          "max-age=31536000; includeSubDomains"
        ],
        "x-ms-gatewayversion": [
<<<<<<< HEAD
          "version=2.9.2"
=======
          "version=2.10.0"
>>>>>>> e5fcd5c7b105c638909ca50ef4370d71fce2137e
        ],
        "Server": [
          "Microsoft-HTTPAPI/2.0"
        ],
        "x-ms-ratelimit-remaining-subscription-reads": [
<<<<<<< HEAD
          "11998"
        ],
        "x-ms-request-id": [
          "78e6187c-32ab-4e03-9290-8297538a89be"
        ],
        "x-ms-correlation-request-id": [
          "78e6187c-32ab-4e03-9290-8297538a89be"
        ],
        "x-ms-routing-request-id": [
          "WESTUS:20200116T211735Z:78e6187c-32ab-4e03-9290-8297538a89be"
=======
          "11999"
        ],
        "x-ms-request-id": [
          "f0ffdd98-ae1b-4012-a2b4-29348e7ce859"
        ],
        "x-ms-correlation-request-id": [
          "f0ffdd98-ae1b-4012-a2b4-29348e7ce859"
        ],
        "x-ms-routing-request-id": [
          "WESTUS:20200409T005350Z:f0ffdd98-ae1b-4012-a2b4-29348e7ce859"
>>>>>>> e5fcd5c7b105c638909ca50ef4370d71fce2137e
        ],
        "X-Content-Type-Options": [
          "nosniff"
        ],
        "Date": [
<<<<<<< HEAD
          "Thu, 16 Jan 2020 21:17:34 GMT"
        ],
        "Content-Length": [
          "1720"
=======
          "Thu, 09 Apr 2020 00:53:50 GMT"
        ],
        "Content-Length": [
          "1883"
>>>>>>> e5fcd5c7b105c638909ca50ef4370d71fce2137e
        ],
        "Content-Type": [
          "application/json"
        ],
        "Content-Location": [
<<<<<<< HEAD
          "https://management.documents.azure.com:450/subscriptions/12053b8f-cab5-4f5c-9c1a-870580142abd/resourceGroups/CosmosDBResourceGroup27/providers/Microsoft.DocumentDB/databaseAccounts/dbaccount27?api-version=2019-08-01"
        ]
      },
      "ResponseBody": "{\r\n  \"id\": \"/subscriptions/12053b8f-cab5-4f5c-9c1a-870580142abd/resourceGroups/CosmosDBResourceGroup27/providers/Microsoft.DocumentDB/databaseAccounts/dbaccount27\",\r\n  \"name\": \"dbaccount27\",\r\n  \"location\": \"East US\",\r\n  \"type\": \"Microsoft.DocumentDB/databaseAccounts\",\r\n  \"kind\": \"GlobalDocumentDB\",\r\n  \"tags\": {\r\n    \"defaultExperience\": \"Core (SQL)\",\r\n    \"hidden-cosmos-mmspecial\": \"\"\r\n  },\r\n  \"properties\": {\r\n    \"provisioningState\": \"Succeeded\",\r\n    \"documentEndpoint\": \"https://dbaccount27.documents.azure.com:443/\",\r\n    \"ipRangeFilter\": \"\",\r\n    \"enableAutomaticFailover\": false,\r\n    \"enableMultipleWriteLocations\": false,\r\n    \"enablePartitionKeyMonitor\": false,\r\n    \"isVirtualNetworkFilterEnabled\": false,\r\n    \"virtualNetworkRules\": [],\r\n    \"EnabledApiTypes\": \"Sql\",\r\n    \"disableKeyBasedMetadataWriteAccess\": false,\r\n    \"databaseAccountOfferType\": \"Standard\",\r\n    \"enableCassandraConnector\": false,\r\n    \"connectorOffer\": \"\",\r\n    \"consistencyPolicy\": {\r\n      \"defaultConsistencyLevel\": \"Session\",\r\n      \"maxIntervalInSeconds\": 5,\r\n      \"maxStalenessPrefix\": 100\r\n    },\r\n    \"configurationOverrides\": {},\r\n    \"writeLocations\": [\r\n      {\r\n        \"id\": \"dbaccount27-eastus\",\r\n        \"locationName\": \"East US\",\r\n        \"documentEndpoint\": \"https://dbaccount27-eastus.documents.azure.com:443/\",\r\n        \"provisioningState\": \"Succeeded\",\r\n        \"failoverPriority\": 0,\r\n        \"isZoneRedundant\": false\r\n      }\r\n    ],\r\n    \"readLocations\": [\r\n      {\r\n        \"id\": \"dbaccount27-eastus\",\r\n        \"locationName\": \"East US\",\r\n        \"documentEndpoint\": \"https://dbaccount27-eastus.documents.azure.com:443/\",\r\n        \"provisioningState\": \"Succeeded\",\r\n        \"failoverPriority\": 0,\r\n        \"isZoneRedundant\": false\r\n      }\r\n    ],\r\n    \"locations\": [\r\n      {\r\n        \"id\": \"dbaccount27-eastus\",\r\n        \"locationName\": \"East US\",\r\n        \"documentEndpoint\": \"https://dbaccount27-eastus.documents.azure.com:443/\",\r\n        \"provisioningState\": \"Succeeded\",\r\n        \"failoverPriority\": 0,\r\n        \"isZoneRedundant\": false\r\n      }\r\n    ],\r\n    \"failoverPolicies\": [\r\n      {\r\n        \"id\": \"dbaccount27-eastus\",\r\n        \"locationName\": \"East US\",\r\n        \"failoverPriority\": 0\r\n      }\r\n    ],\r\n    \"cors\": [],\r\n    \"capabilities\": []\r\n  }\r\n}",
      "StatusCode": 200
    },
    {
      "RequestUri": "/subscriptions/12053b8f-cab5-4f5c-9c1a-870580142abd/resourceGroups/CosmosDBResourceGroup27/providers/Microsoft.DocumentDB/databaseAccounts/dbaccount27?api-version=2019-08-01",
      "EncodedRequestUri": "L3N1YnNjcmlwdGlvbnMvMTIwNTNiOGYtY2FiNS00ZjVjLTljMWEtODcwNTgwMTQyYWJkL3Jlc291cmNlR3JvdXBzL0Nvc21vc0RCUmVzb3VyY2VHcm91cDI3L3Byb3ZpZGVycy9NaWNyb3NvZnQuRG9jdW1lbnREQi9kYXRhYmFzZUFjY291bnRzL2RiYWNjb3VudDI3P2FwaS12ZXJzaW9uPTIwMTktMDgtMDE=",
=======
          "https://management.documents.azure.com:450/subscriptions/12053b8f-cab5-4f5c-9c1a-870580142abd/resourceGroups/CosmosDBResourceGroup27/providers/Microsoft.DocumentDB/databaseAccounts/dbaccount27?api-version=2020-03-01"
        ]
      },
      "ResponseBody": "{\r\n  \"id\": \"/subscriptions/12053b8f-cab5-4f5c-9c1a-870580142abd/resourceGroups/CosmosDBResourceGroup27/providers/Microsoft.DocumentDB/databaseAccounts/dbaccount27\",\r\n  \"name\": \"dbaccount27\",\r\n  \"location\": \"East US 2\",\r\n  \"type\": \"Microsoft.DocumentDB/databaseAccounts\",\r\n  \"kind\": \"GlobalDocumentDB\",\r\n  \"tags\": {\r\n    \"defaultExperience\": \"Core (SQL)\",\r\n    \"hidden-cosmos-mmspecial\": \"\",\r\n    \"CosmosAccountType\": \"Non-Production\"\r\n  },\r\n  \"properties\": {\r\n    \"provisioningState\": \"Succeeded\",\r\n    \"documentEndpoint\": \"https://dbaccount27.documents.azure.com:443/\",\r\n    \"ipRangeFilter\": \"\",\r\n    \"publicNetworkAccess\": \"Enabled\",\r\n    \"enableAutomaticFailover\": false,\r\n    \"enableMultipleWriteLocations\": false,\r\n    \"enablePartitionKeyMonitor\": false,\r\n    \"isVirtualNetworkFilterEnabled\": false,\r\n    \"virtualNetworkRules\": [],\r\n    \"EnabledApiTypes\": \"Sql\",\r\n    \"disableKeyBasedMetadataWriteAccess\": false,\r\n    \"enableFreeTier\": false,\r\n    \"apiProperties\": null,\r\n    \"databaseAccountOfferType\": \"Standard\",\r\n    \"enableCassandraConnector\": false,\r\n    \"connectorOffer\": \"\",\r\n    \"consistencyPolicy\": {\r\n      \"defaultConsistencyLevel\": \"Session\",\r\n      \"maxIntervalInSeconds\": 5,\r\n      \"maxStalenessPrefix\": 100\r\n    },\r\n    \"configurationOverrides\": {},\r\n    \"writeLocations\": [\r\n      {\r\n        \"id\": \"dbaccount27-eastus2\",\r\n        \"locationName\": \"East US 2\",\r\n        \"documentEndpoint\": \"https://dbaccount27-eastus2.documents.azure.com:443/\",\r\n        \"provisioningState\": \"Succeeded\",\r\n        \"failoverPriority\": 0,\r\n        \"isZoneRedundant\": false\r\n      }\r\n    ],\r\n    \"readLocations\": [\r\n      {\r\n        \"id\": \"dbaccount27-eastus2\",\r\n        \"locationName\": \"East US 2\",\r\n        \"documentEndpoint\": \"https://dbaccount27-eastus2.documents.azure.com:443/\",\r\n        \"provisioningState\": \"Succeeded\",\r\n        \"failoverPriority\": 0,\r\n        \"isZoneRedundant\": false\r\n      }\r\n    ],\r\n    \"locations\": [\r\n      {\r\n        \"id\": \"dbaccount27-eastus2\",\r\n        \"locationName\": \"East US 2\",\r\n        \"documentEndpoint\": \"https://dbaccount27-eastus2.documents.azure.com:443/\",\r\n        \"provisioningState\": \"Succeeded\",\r\n        \"failoverPriority\": 0,\r\n        \"isZoneRedundant\": false\r\n      }\r\n    ],\r\n    \"failoverPolicies\": [\r\n      {\r\n        \"id\": \"dbaccount27-eastus2\",\r\n        \"locationName\": \"East US 2\",\r\n        \"failoverPriority\": 0\r\n      }\r\n    ],\r\n    \"cors\": [],\r\n    \"capabilities\": [\r\n      {\r\n        \"name\": \"EnableStorageAnalytics\"\r\n      }\r\n    ]\r\n  }\r\n}",
      "StatusCode": 200
    },
    {
      "RequestUri": "/subscriptions/12053b8f-cab5-4f5c-9c1a-870580142abd/resourceGroups/CosmosDBResourceGroup27/providers/Microsoft.DocumentDB/databaseAccounts/dbaccount27?api-version=2020-03-01",
      "EncodedRequestUri": "L3N1YnNjcmlwdGlvbnMvMTIwNTNiOGYtY2FiNS00ZjVjLTljMWEtODcwNTgwMTQyYWJkL3Jlc291cmNlR3JvdXBzL0Nvc21vc0RCUmVzb3VyY2VHcm91cDI3L3Byb3ZpZGVycy9NaWNyb3NvZnQuRG9jdW1lbnREQi9kYXRhYmFzZUFjY291bnRzL2RiYWNjb3VudDI3P2FwaS12ZXJzaW9uPTIwMjAtMDMtMDE=",
>>>>>>> e5fcd5c7b105c638909ca50ef4370d71fce2137e
      "RequestMethod": "GET",
      "RequestBody": "",
      "RequestHeaders": {
        "x-ms-client-request-id": [
<<<<<<< HEAD
          "c735f72d-0157-482d-b571-a293274ed508"
=======
          "5942c7d7-e8bd-4c64-933a-4ac7d622247f"
>>>>>>> e5fcd5c7b105c638909ca50ef4370d71fce2137e
        ],
        "Accept-Language": [
          "en-US"
        ],
        "User-Agent": [
<<<<<<< HEAD
          "FxVersion/4.6.27817.03",
          "OSName/Windows",
          "OSVersion/Microsoft.Windows.10.0.18363.",
          "Microsoft.Azure.Management.CosmosDB.CosmosDBManagementClient/1.0.0.0"
=======
          "FxVersion/4.6.28207.03",
          "OSName/Windows",
          "OSVersion/Microsoft.Windows.10.0.18363.",
          "Microsoft.Azure.Management.CosmosDB.CosmosDBManagementClient/1.1.0.0"
>>>>>>> e5fcd5c7b105c638909ca50ef4370d71fce2137e
        ]
      },
      "ResponseHeaders": {
        "Cache-Control": [
          "no-store, no-cache"
        ],
        "Pragma": [
          "no-cache"
        ],
        "Strict-Transport-Security": [
          "max-age=31536000; includeSubDomains"
        ],
        "x-ms-gatewayversion": [
<<<<<<< HEAD
          "version=2.9.2"
=======
          "version=2.10.0"
>>>>>>> e5fcd5c7b105c638909ca50ef4370d71fce2137e
        ],
        "Server": [
          "Microsoft-HTTPAPI/2.0"
        ],
        "x-ms-ratelimit-remaining-subscription-reads": [
<<<<<<< HEAD
          "11997"
        ],
        "x-ms-request-id": [
          "74492770-5434-45aa-8148-2526a68ba5fc"
        ],
        "x-ms-correlation-request-id": [
          "74492770-5434-45aa-8148-2526a68ba5fc"
        ],
        "x-ms-routing-request-id": [
          "WESTUS:20200116T211735Z:74492770-5434-45aa-8148-2526a68ba5fc"
=======
          "11998"
        ],
        "x-ms-request-id": [
          "6470ab63-175a-4e17-b9fb-1ac6ce427a27"
        ],
        "x-ms-correlation-request-id": [
          "6470ab63-175a-4e17-b9fb-1ac6ce427a27"
        ],
        "x-ms-routing-request-id": [
          "WESTUS:20200409T005351Z:6470ab63-175a-4e17-b9fb-1ac6ce427a27"
>>>>>>> e5fcd5c7b105c638909ca50ef4370d71fce2137e
        ],
        "X-Content-Type-Options": [
          "nosniff"
        ],
        "Date": [
<<<<<<< HEAD
          "Thu, 16 Jan 2020 21:17:34 GMT"
        ],
        "Content-Length": [
          "1720"
=======
          "Thu, 09 Apr 2020 00:53:50 GMT"
        ],
        "Content-Length": [
          "1883"
>>>>>>> e5fcd5c7b105c638909ca50ef4370d71fce2137e
        ],
        "Content-Type": [
          "application/json"
        ],
        "Content-Location": [
<<<<<<< HEAD
          "https://management.documents.azure.com:450/subscriptions/12053b8f-cab5-4f5c-9c1a-870580142abd/resourceGroups/CosmosDBResourceGroup27/providers/Microsoft.DocumentDB/databaseAccounts/dbaccount27?api-version=2019-08-01"
        ]
      },
      "ResponseBody": "{\r\n  \"id\": \"/subscriptions/12053b8f-cab5-4f5c-9c1a-870580142abd/resourceGroups/CosmosDBResourceGroup27/providers/Microsoft.DocumentDB/databaseAccounts/dbaccount27\",\r\n  \"name\": \"dbaccount27\",\r\n  \"location\": \"East US\",\r\n  \"type\": \"Microsoft.DocumentDB/databaseAccounts\",\r\n  \"kind\": \"GlobalDocumentDB\",\r\n  \"tags\": {\r\n    \"defaultExperience\": \"Core (SQL)\",\r\n    \"hidden-cosmos-mmspecial\": \"\"\r\n  },\r\n  \"properties\": {\r\n    \"provisioningState\": \"Succeeded\",\r\n    \"documentEndpoint\": \"https://dbaccount27.documents.azure.com:443/\",\r\n    \"ipRangeFilter\": \"\",\r\n    \"enableAutomaticFailover\": false,\r\n    \"enableMultipleWriteLocations\": false,\r\n    \"enablePartitionKeyMonitor\": false,\r\n    \"isVirtualNetworkFilterEnabled\": false,\r\n    \"virtualNetworkRules\": [],\r\n    \"EnabledApiTypes\": \"Sql\",\r\n    \"disableKeyBasedMetadataWriteAccess\": false,\r\n    \"databaseAccountOfferType\": \"Standard\",\r\n    \"enableCassandraConnector\": false,\r\n    \"connectorOffer\": \"\",\r\n    \"consistencyPolicy\": {\r\n      \"defaultConsistencyLevel\": \"Session\",\r\n      \"maxIntervalInSeconds\": 5,\r\n      \"maxStalenessPrefix\": 100\r\n    },\r\n    \"configurationOverrides\": {},\r\n    \"writeLocations\": [\r\n      {\r\n        \"id\": \"dbaccount27-eastus\",\r\n        \"locationName\": \"East US\",\r\n        \"documentEndpoint\": \"https://dbaccount27-eastus.documents.azure.com:443/\",\r\n        \"provisioningState\": \"Succeeded\",\r\n        \"failoverPriority\": 0,\r\n        \"isZoneRedundant\": false\r\n      }\r\n    ],\r\n    \"readLocations\": [\r\n      {\r\n        \"id\": \"dbaccount27-eastus\",\r\n        \"locationName\": \"East US\",\r\n        \"documentEndpoint\": \"https://dbaccount27-eastus.documents.azure.com:443/\",\r\n        \"provisioningState\": \"Succeeded\",\r\n        \"failoverPriority\": 0,\r\n        \"isZoneRedundant\": false\r\n      }\r\n    ],\r\n    \"locations\": [\r\n      {\r\n        \"id\": \"dbaccount27-eastus\",\r\n        \"locationName\": \"East US\",\r\n        \"documentEndpoint\": \"https://dbaccount27-eastus.documents.azure.com:443/\",\r\n        \"provisioningState\": \"Succeeded\",\r\n        \"failoverPriority\": 0,\r\n        \"isZoneRedundant\": false\r\n      }\r\n    ],\r\n    \"failoverPolicies\": [\r\n      {\r\n        \"id\": \"dbaccount27-eastus\",\r\n        \"locationName\": \"East US\",\r\n        \"failoverPriority\": 0\r\n      }\r\n    ],\r\n    \"cors\": [],\r\n    \"capabilities\": []\r\n  }\r\n}",
      "StatusCode": 200
    },
    {
      "RequestUri": "/subscriptions/12053b8f-cab5-4f5c-9c1a-870580142abd/resourceGroups/CosmosDBResourceGroup27/providers/Microsoft.DocumentDB/databaseAccounts/dbaccount27?api-version=2019-08-01",
      "EncodedRequestUri": "L3N1YnNjcmlwdGlvbnMvMTIwNTNiOGYtY2FiNS00ZjVjLTljMWEtODcwNTgwMTQyYWJkL3Jlc291cmNlR3JvdXBzL0Nvc21vc0RCUmVzb3VyY2VHcm91cDI3L3Byb3ZpZGVycy9NaWNyb3NvZnQuRG9jdW1lbnREQi9kYXRhYmFzZUFjY291bnRzL2RiYWNjb3VudDI3P2FwaS12ZXJzaW9uPTIwMTktMDgtMDE=",
=======
          "https://management.documents.azure.com:450/subscriptions/12053b8f-cab5-4f5c-9c1a-870580142abd/resourceGroups/CosmosDBResourceGroup27/providers/Microsoft.DocumentDB/databaseAccounts/dbaccount27?api-version=2020-03-01"
        ]
      },
      "ResponseBody": "{\r\n  \"id\": \"/subscriptions/12053b8f-cab5-4f5c-9c1a-870580142abd/resourceGroups/CosmosDBResourceGroup27/providers/Microsoft.DocumentDB/databaseAccounts/dbaccount27\",\r\n  \"name\": \"dbaccount27\",\r\n  \"location\": \"East US 2\",\r\n  \"type\": \"Microsoft.DocumentDB/databaseAccounts\",\r\n  \"kind\": \"GlobalDocumentDB\",\r\n  \"tags\": {\r\n    \"defaultExperience\": \"Core (SQL)\",\r\n    \"hidden-cosmos-mmspecial\": \"\",\r\n    \"CosmosAccountType\": \"Non-Production\"\r\n  },\r\n  \"properties\": {\r\n    \"provisioningState\": \"Succeeded\",\r\n    \"documentEndpoint\": \"https://dbaccount27.documents.azure.com:443/\",\r\n    \"ipRangeFilter\": \"\",\r\n    \"publicNetworkAccess\": \"Enabled\",\r\n    \"enableAutomaticFailover\": false,\r\n    \"enableMultipleWriteLocations\": false,\r\n    \"enablePartitionKeyMonitor\": false,\r\n    \"isVirtualNetworkFilterEnabled\": false,\r\n    \"virtualNetworkRules\": [],\r\n    \"EnabledApiTypes\": \"Sql\",\r\n    \"disableKeyBasedMetadataWriteAccess\": false,\r\n    \"enableFreeTier\": false,\r\n    \"apiProperties\": null,\r\n    \"databaseAccountOfferType\": \"Standard\",\r\n    \"enableCassandraConnector\": false,\r\n    \"connectorOffer\": \"\",\r\n    \"consistencyPolicy\": {\r\n      \"defaultConsistencyLevel\": \"Session\",\r\n      \"maxIntervalInSeconds\": 5,\r\n      \"maxStalenessPrefix\": 100\r\n    },\r\n    \"configurationOverrides\": {},\r\n    \"writeLocations\": [\r\n      {\r\n        \"id\": \"dbaccount27-eastus2\",\r\n        \"locationName\": \"East US 2\",\r\n        \"documentEndpoint\": \"https://dbaccount27-eastus2.documents.azure.com:443/\",\r\n        \"provisioningState\": \"Succeeded\",\r\n        \"failoverPriority\": 0,\r\n        \"isZoneRedundant\": false\r\n      }\r\n    ],\r\n    \"readLocations\": [\r\n      {\r\n        \"id\": \"dbaccount27-eastus2\",\r\n        \"locationName\": \"East US 2\",\r\n        \"documentEndpoint\": \"https://dbaccount27-eastus2.documents.azure.com:443/\",\r\n        \"provisioningState\": \"Succeeded\",\r\n        \"failoverPriority\": 0,\r\n        \"isZoneRedundant\": false\r\n      }\r\n    ],\r\n    \"locations\": [\r\n      {\r\n        \"id\": \"dbaccount27-eastus2\",\r\n        \"locationName\": \"East US 2\",\r\n        \"documentEndpoint\": \"https://dbaccount27-eastus2.documents.azure.com:443/\",\r\n        \"provisioningState\": \"Succeeded\",\r\n        \"failoverPriority\": 0,\r\n        \"isZoneRedundant\": false\r\n      }\r\n    ],\r\n    \"failoverPolicies\": [\r\n      {\r\n        \"id\": \"dbaccount27-eastus2\",\r\n        \"locationName\": \"East US 2\",\r\n        \"failoverPriority\": 0\r\n      }\r\n    ],\r\n    \"cors\": [],\r\n    \"capabilities\": [\r\n      {\r\n        \"name\": \"EnableStorageAnalytics\"\r\n      }\r\n    ]\r\n  }\r\n}",
      "StatusCode": 200
    },
    {
      "RequestUri": "/subscriptions/12053b8f-cab5-4f5c-9c1a-870580142abd/resourceGroups/CosmosDBResourceGroup27/providers/Microsoft.DocumentDB/databaseAccounts/dbaccount27?api-version=2020-03-01",
      "EncodedRequestUri": "L3N1YnNjcmlwdGlvbnMvMTIwNTNiOGYtY2FiNS00ZjVjLTljMWEtODcwNTgwMTQyYWJkL3Jlc291cmNlR3JvdXBzL0Nvc21vc0RCUmVzb3VyY2VHcm91cDI3L3Byb3ZpZGVycy9NaWNyb3NvZnQuRG9jdW1lbnREQi9kYXRhYmFzZUFjY291bnRzL2RiYWNjb3VudDI3P2FwaS12ZXJzaW9uPTIwMjAtMDMtMDE=",
>>>>>>> e5fcd5c7b105c638909ca50ef4370d71fce2137e
      "RequestMethod": "GET",
      "RequestBody": "",
      "RequestHeaders": {
        "x-ms-client-request-id": [
<<<<<<< HEAD
          "3d20952e-23dd-43b1-a637-ab4c4130161f"
=======
          "3082c959-4329-4495-8320-7723d29b7d77"
>>>>>>> e5fcd5c7b105c638909ca50ef4370d71fce2137e
        ],
        "Accept-Language": [
          "en-US"
        ],
        "User-Agent": [
<<<<<<< HEAD
          "FxVersion/4.6.27817.03",
          "OSName/Windows",
          "OSVersion/Microsoft.Windows.10.0.18363.",
          "Microsoft.Azure.Management.CosmosDB.CosmosDBManagementClient/1.0.0.0"
=======
          "FxVersion/4.6.28207.03",
          "OSName/Windows",
          "OSVersion/Microsoft.Windows.10.0.18363.",
          "Microsoft.Azure.Management.CosmosDB.CosmosDBManagementClient/1.1.0.0"
>>>>>>> e5fcd5c7b105c638909ca50ef4370d71fce2137e
        ]
      },
      "ResponseHeaders": {
        "Cache-Control": [
          "no-store, no-cache"
        ],
        "Pragma": [
          "no-cache"
        ],
        "Strict-Transport-Security": [
          "max-age=31536000; includeSubDomains"
        ],
        "x-ms-gatewayversion": [
<<<<<<< HEAD
          "version=2.9.2"
=======
          "version=2.10.0"
>>>>>>> e5fcd5c7b105c638909ca50ef4370d71fce2137e
        ],
        "Server": [
          "Microsoft-HTTPAPI/2.0"
        ],
        "x-ms-ratelimit-remaining-subscription-reads": [
<<<<<<< HEAD
          "11996"
        ],
        "x-ms-request-id": [
          "35076f22-3c8d-45b6-a844-37bae337062c"
        ],
        "x-ms-correlation-request-id": [
          "35076f22-3c8d-45b6-a844-37bae337062c"
        ],
        "x-ms-routing-request-id": [
          "WESTUS:20200116T211735Z:35076f22-3c8d-45b6-a844-37bae337062c"
=======
          "11997"
        ],
        "x-ms-request-id": [
          "c359c4b4-02f1-42bb-bf6d-51ca8095de15"
        ],
        "x-ms-correlation-request-id": [
          "c359c4b4-02f1-42bb-bf6d-51ca8095de15"
        ],
        "x-ms-routing-request-id": [
          "WESTUS:20200409T005351Z:c359c4b4-02f1-42bb-bf6d-51ca8095de15"
>>>>>>> e5fcd5c7b105c638909ca50ef4370d71fce2137e
        ],
        "X-Content-Type-Options": [
          "nosniff"
        ],
        "Date": [
<<<<<<< HEAD
          "Thu, 16 Jan 2020 21:17:35 GMT"
        ],
        "Content-Length": [
          "1720"
=======
          "Thu, 09 Apr 2020 00:53:50 GMT"
        ],
        "Content-Length": [
          "1883"
>>>>>>> e5fcd5c7b105c638909ca50ef4370d71fce2137e
        ],
        "Content-Type": [
          "application/json"
        ],
        "Content-Location": [
<<<<<<< HEAD
          "https://management.documents.azure.com:450/subscriptions/12053b8f-cab5-4f5c-9c1a-870580142abd/resourceGroups/CosmosDBResourceGroup27/providers/Microsoft.DocumentDB/databaseAccounts/dbaccount27?api-version=2019-08-01"
        ]
      },
      "ResponseBody": "{\r\n  \"id\": \"/subscriptions/12053b8f-cab5-4f5c-9c1a-870580142abd/resourceGroups/CosmosDBResourceGroup27/providers/Microsoft.DocumentDB/databaseAccounts/dbaccount27\",\r\n  \"name\": \"dbaccount27\",\r\n  \"location\": \"East US\",\r\n  \"type\": \"Microsoft.DocumentDB/databaseAccounts\",\r\n  \"kind\": \"GlobalDocumentDB\",\r\n  \"tags\": {\r\n    \"defaultExperience\": \"Core (SQL)\",\r\n    \"hidden-cosmos-mmspecial\": \"\"\r\n  },\r\n  \"properties\": {\r\n    \"provisioningState\": \"Succeeded\",\r\n    \"documentEndpoint\": \"https://dbaccount27.documents.azure.com:443/\",\r\n    \"ipRangeFilter\": \"\",\r\n    \"enableAutomaticFailover\": false,\r\n    \"enableMultipleWriteLocations\": false,\r\n    \"enablePartitionKeyMonitor\": false,\r\n    \"isVirtualNetworkFilterEnabled\": false,\r\n    \"virtualNetworkRules\": [],\r\n    \"EnabledApiTypes\": \"Sql\",\r\n    \"disableKeyBasedMetadataWriteAccess\": false,\r\n    \"databaseAccountOfferType\": \"Standard\",\r\n    \"enableCassandraConnector\": false,\r\n    \"connectorOffer\": \"\",\r\n    \"consistencyPolicy\": {\r\n      \"defaultConsistencyLevel\": \"Session\",\r\n      \"maxIntervalInSeconds\": 5,\r\n      \"maxStalenessPrefix\": 100\r\n    },\r\n    \"configurationOverrides\": {},\r\n    \"writeLocations\": [\r\n      {\r\n        \"id\": \"dbaccount27-eastus\",\r\n        \"locationName\": \"East US\",\r\n        \"documentEndpoint\": \"https://dbaccount27-eastus.documents.azure.com:443/\",\r\n        \"provisioningState\": \"Succeeded\",\r\n        \"failoverPriority\": 0,\r\n        \"isZoneRedundant\": false\r\n      }\r\n    ],\r\n    \"readLocations\": [\r\n      {\r\n        \"id\": \"dbaccount27-eastus\",\r\n        \"locationName\": \"East US\",\r\n        \"documentEndpoint\": \"https://dbaccount27-eastus.documents.azure.com:443/\",\r\n        \"provisioningState\": \"Succeeded\",\r\n        \"failoverPriority\": 0,\r\n        \"isZoneRedundant\": false\r\n      }\r\n    ],\r\n    \"locations\": [\r\n      {\r\n        \"id\": \"dbaccount27-eastus\",\r\n        \"locationName\": \"East US\",\r\n        \"documentEndpoint\": \"https://dbaccount27-eastus.documents.azure.com:443/\",\r\n        \"provisioningState\": \"Succeeded\",\r\n        \"failoverPriority\": 0,\r\n        \"isZoneRedundant\": false\r\n      }\r\n    ],\r\n    \"failoverPolicies\": [\r\n      {\r\n        \"id\": \"dbaccount27-eastus\",\r\n        \"locationName\": \"East US\",\r\n        \"failoverPriority\": 0\r\n      }\r\n    ],\r\n    \"cors\": [],\r\n    \"capabilities\": []\r\n  }\r\n}",
      "StatusCode": 200
    },
    {
      "RequestUri": "/subscriptions/12053b8f-cab5-4f5c-9c1a-870580142abd/resourceGroups/CosmosDBResourceGroup27/providers/Microsoft.DocumentDB/databaseAccounts/dbaccount27?api-version=2019-08-01",
      "EncodedRequestUri": "L3N1YnNjcmlwdGlvbnMvMTIwNTNiOGYtY2FiNS00ZjVjLTljMWEtODcwNTgwMTQyYWJkL3Jlc291cmNlR3JvdXBzL0Nvc21vc0RCUmVzb3VyY2VHcm91cDI3L3Byb3ZpZGVycy9NaWNyb3NvZnQuRG9jdW1lbnREQi9kYXRhYmFzZUFjY291bnRzL2RiYWNjb3VudDI3P2FwaS12ZXJzaW9uPTIwMTktMDgtMDE=",
=======
          "https://management.documents.azure.com:450/subscriptions/12053b8f-cab5-4f5c-9c1a-870580142abd/resourceGroups/CosmosDBResourceGroup27/providers/Microsoft.DocumentDB/databaseAccounts/dbaccount27?api-version=2020-03-01"
        ]
      },
      "ResponseBody": "{\r\n  \"id\": \"/subscriptions/12053b8f-cab5-4f5c-9c1a-870580142abd/resourceGroups/CosmosDBResourceGroup27/providers/Microsoft.DocumentDB/databaseAccounts/dbaccount27\",\r\n  \"name\": \"dbaccount27\",\r\n  \"location\": \"East US 2\",\r\n  \"type\": \"Microsoft.DocumentDB/databaseAccounts\",\r\n  \"kind\": \"GlobalDocumentDB\",\r\n  \"tags\": {\r\n    \"defaultExperience\": \"Core (SQL)\",\r\n    \"hidden-cosmos-mmspecial\": \"\",\r\n    \"CosmosAccountType\": \"Non-Production\"\r\n  },\r\n  \"properties\": {\r\n    \"provisioningState\": \"Succeeded\",\r\n    \"documentEndpoint\": \"https://dbaccount27.documents.azure.com:443/\",\r\n    \"ipRangeFilter\": \"\",\r\n    \"publicNetworkAccess\": \"Enabled\",\r\n    \"enableAutomaticFailover\": false,\r\n    \"enableMultipleWriteLocations\": false,\r\n    \"enablePartitionKeyMonitor\": false,\r\n    \"isVirtualNetworkFilterEnabled\": false,\r\n    \"virtualNetworkRules\": [],\r\n    \"EnabledApiTypes\": \"Sql\",\r\n    \"disableKeyBasedMetadataWriteAccess\": false,\r\n    \"enableFreeTier\": false,\r\n    \"apiProperties\": null,\r\n    \"databaseAccountOfferType\": \"Standard\",\r\n    \"enableCassandraConnector\": false,\r\n    \"connectorOffer\": \"\",\r\n    \"consistencyPolicy\": {\r\n      \"defaultConsistencyLevel\": \"Session\",\r\n      \"maxIntervalInSeconds\": 5,\r\n      \"maxStalenessPrefix\": 100\r\n    },\r\n    \"configurationOverrides\": {},\r\n    \"writeLocations\": [\r\n      {\r\n        \"id\": \"dbaccount27-eastus2\",\r\n        \"locationName\": \"East US 2\",\r\n        \"documentEndpoint\": \"https://dbaccount27-eastus2.documents.azure.com:443/\",\r\n        \"provisioningState\": \"Succeeded\",\r\n        \"failoverPriority\": 0,\r\n        \"isZoneRedundant\": false\r\n      }\r\n    ],\r\n    \"readLocations\": [\r\n      {\r\n        \"id\": \"dbaccount27-eastus2\",\r\n        \"locationName\": \"East US 2\",\r\n        \"documentEndpoint\": \"https://dbaccount27-eastus2.documents.azure.com:443/\",\r\n        \"provisioningState\": \"Succeeded\",\r\n        \"failoverPriority\": 0,\r\n        \"isZoneRedundant\": false\r\n      }\r\n    ],\r\n    \"locations\": [\r\n      {\r\n        \"id\": \"dbaccount27-eastus2\",\r\n        \"locationName\": \"East US 2\",\r\n        \"documentEndpoint\": \"https://dbaccount27-eastus2.documents.azure.com:443/\",\r\n        \"provisioningState\": \"Succeeded\",\r\n        \"failoverPriority\": 0,\r\n        \"isZoneRedundant\": false\r\n      }\r\n    ],\r\n    \"failoverPolicies\": [\r\n      {\r\n        \"id\": \"dbaccount27-eastus2\",\r\n        \"locationName\": \"East US 2\",\r\n        \"failoverPriority\": 0\r\n      }\r\n    ],\r\n    \"cors\": [],\r\n    \"capabilities\": [\r\n      {\r\n        \"name\": \"EnableStorageAnalytics\"\r\n      }\r\n    ]\r\n  }\r\n}",
      "StatusCode": 200
    },
    {
      "RequestUri": "/subscriptions/12053b8f-cab5-4f5c-9c1a-870580142abd/resourceGroups/CosmosDBResourceGroup27/providers/Microsoft.DocumentDB/databaseAccounts/dbaccount27?api-version=2020-03-01",
      "EncodedRequestUri": "L3N1YnNjcmlwdGlvbnMvMTIwNTNiOGYtY2FiNS00ZjVjLTljMWEtODcwNTgwMTQyYWJkL3Jlc291cmNlR3JvdXBzL0Nvc21vc0RCUmVzb3VyY2VHcm91cDI3L3Byb3ZpZGVycy9NaWNyb3NvZnQuRG9jdW1lbnREQi9kYXRhYmFzZUFjY291bnRzL2RiYWNjb3VudDI3P2FwaS12ZXJzaW9uPTIwMjAtMDMtMDE=",
>>>>>>> e5fcd5c7b105c638909ca50ef4370d71fce2137e
      "RequestMethod": "GET",
      "RequestBody": "",
      "RequestHeaders": {
        "User-Agent": [
<<<<<<< HEAD
          "FxVersion/4.6.27817.03",
          "OSName/Windows",
          "OSVersion/Microsoft.Windows.10.0.18363.",
          "Microsoft.Azure.Management.CosmosDB.CosmosDBManagementClient/1.0.0.0"
=======
          "FxVersion/4.6.28207.03",
          "OSName/Windows",
          "OSVersion/Microsoft.Windows.10.0.18363.",
          "Microsoft.Azure.Management.CosmosDB.CosmosDBManagementClient/1.1.0.0"
>>>>>>> e5fcd5c7b105c638909ca50ef4370d71fce2137e
        ]
      },
      "ResponseHeaders": {
        "Cache-Control": [
          "no-store, no-cache"
        ],
        "Pragma": [
          "no-cache"
        ],
        "Strict-Transport-Security": [
          "max-age=31536000; includeSubDomains"
        ],
        "x-ms-gatewayversion": [
<<<<<<< HEAD
          "version=2.9.2"
=======
          "version=2.10.0"
>>>>>>> e5fcd5c7b105c638909ca50ef4370d71fce2137e
        ],
        "Server": [
          "Microsoft-HTTPAPI/2.0"
        ],
        "x-ms-ratelimit-remaining-subscription-reads": [
          "11992"
        ],
        "x-ms-request-id": [
<<<<<<< HEAD
          "ed0efbfd-7a58-4f25-b4ee-2cb15369cac4"
        ],
        "x-ms-correlation-request-id": [
          "ed0efbfd-7a58-4f25-b4ee-2cb15369cac4"
        ],
        "x-ms-routing-request-id": [
          "WESTUS:20200116T211909Z:ed0efbfd-7a58-4f25-b4ee-2cb15369cac4"
=======
          "8e93d60b-8294-4af2-bb84-eeea115ff086"
        ],
        "x-ms-correlation-request-id": [
          "8e93d60b-8294-4af2-bb84-eeea115ff086"
        ],
        "x-ms-routing-request-id": [
          "WESTUS:20200409T005556Z:8e93d60b-8294-4af2-bb84-eeea115ff086"
>>>>>>> e5fcd5c7b105c638909ca50ef4370d71fce2137e
        ],
        "X-Content-Type-Options": [
          "nosniff"
        ],
        "Date": [
<<<<<<< HEAD
          "Thu, 16 Jan 2020 21:19:08 GMT"
        ],
        "Content-Length": [
          "1722"
=======
          "Thu, 09 Apr 2020 00:55:55 GMT"
        ],
        "Content-Length": [
          "1848"
>>>>>>> e5fcd5c7b105c638909ca50ef4370d71fce2137e
        ],
        "Content-Type": [
          "application/json"
        ],
        "Content-Location": [
<<<<<<< HEAD
          "https://management.documents.azure.com:450/subscriptions/12053b8f-cab5-4f5c-9c1a-870580142abd/resourceGroups/CosmosDBResourceGroup27/providers/Microsoft.DocumentDB/databaseAccounts/dbaccount27?api-version=2019-08-01"
        ]
      },
      "ResponseBody": "{\r\n  \"id\": \"/subscriptions/12053b8f-cab5-4f5c-9c1a-870580142abd/resourceGroups/CosmosDBResourceGroup27/providers/Microsoft.DocumentDB/databaseAccounts/dbaccount27\",\r\n  \"name\": \"dbaccount27\",\r\n  \"location\": \"East US\",\r\n  \"type\": \"Microsoft.DocumentDB/databaseAccounts\",\r\n  \"kind\": \"GlobalDocumentDB\",\r\n  \"tags\": {\r\n    \"Shape\": \"Square\",\r\n    \"name\": \"test\",\r\n    \"Color\": \"Blue\"\r\n  },\r\n  \"properties\": {\r\n    \"provisioningState\": \"Succeeded\",\r\n    \"documentEndpoint\": \"https://dbaccount27.documents.azure.com:443/\",\r\n    \"ipRangeFilter\": \"192.168.0.1\",\r\n    \"enableAutomaticFailover\": true,\r\n    \"enableMultipleWriteLocations\": false,\r\n    \"enablePartitionKeyMonitor\": false,\r\n    \"isVirtualNetworkFilterEnabled\": true,\r\n    \"virtualNetworkRules\": [],\r\n    \"EnabledApiTypes\": \"Sql\",\r\n    \"disableKeyBasedMetadataWriteAccess\": false,\r\n    \"databaseAccountOfferType\": \"Standard\",\r\n    \"enableCassandraConnector\": false,\r\n    \"connectorOffer\": \"\",\r\n    \"consistencyPolicy\": {\r\n      \"defaultConsistencyLevel\": \"BoundedStaleness\",\r\n      \"maxIntervalInSeconds\": 10,\r\n      \"maxStalenessPrefix\": 20\r\n    },\r\n    \"configurationOverrides\": {},\r\n    \"writeLocations\": [\r\n      {\r\n        \"id\": \"dbaccount27-eastus\",\r\n        \"locationName\": \"East US\",\r\n        \"documentEndpoint\": \"https://dbaccount27-eastus.documents.azure.com:443/\",\r\n        \"provisioningState\": \"Succeeded\",\r\n        \"failoverPriority\": 0,\r\n        \"isZoneRedundant\": false\r\n      }\r\n    ],\r\n    \"readLocations\": [\r\n      {\r\n        \"id\": \"dbaccount27-eastus\",\r\n        \"locationName\": \"East US\",\r\n        \"documentEndpoint\": \"https://dbaccount27-eastus.documents.azure.com:443/\",\r\n        \"provisioningState\": \"Succeeded\",\r\n        \"failoverPriority\": 0,\r\n        \"isZoneRedundant\": false\r\n      }\r\n    ],\r\n    \"locations\": [\r\n      {\r\n        \"id\": \"dbaccount27-eastus\",\r\n        \"locationName\": \"East US\",\r\n        \"documentEndpoint\": \"https://dbaccount27-eastus.documents.azure.com:443/\",\r\n        \"provisioningState\": \"Succeeded\",\r\n        \"failoverPriority\": 0,\r\n        \"isZoneRedundant\": false\r\n      }\r\n    ],\r\n    \"failoverPolicies\": [\r\n      {\r\n        \"id\": \"dbaccount27-eastus\",\r\n        \"locationName\": \"East US\",\r\n        \"failoverPriority\": 0\r\n      }\r\n    ],\r\n    \"cors\": [],\r\n    \"capabilities\": []\r\n  }\r\n}",
      "StatusCode": 200
    },
    {
      "RequestUri": "/subscriptions/12053b8f-cab5-4f5c-9c1a-870580142abd/resourceGroups/CosmosDBResourceGroup27/providers/Microsoft.DocumentDB/databaseAccounts/dbaccount27?api-version=2019-08-01",
      "EncodedRequestUri": "L3N1YnNjcmlwdGlvbnMvMTIwNTNiOGYtY2FiNS00ZjVjLTljMWEtODcwNTgwMTQyYWJkL3Jlc291cmNlR3JvdXBzL0Nvc21vc0RCUmVzb3VyY2VHcm91cDI3L3Byb3ZpZGVycy9NaWNyb3NvZnQuRG9jdW1lbnREQi9kYXRhYmFzZUFjY291bnRzL2RiYWNjb3VudDI3P2FwaS12ZXJzaW9uPTIwMTktMDgtMDE=",
=======
          "https://management.documents.azure.com:450/subscriptions/12053b8f-cab5-4f5c-9c1a-870580142abd/resourceGroups/CosmosDBResourceGroup27/providers/Microsoft.DocumentDB/databaseAccounts/dbaccount27?api-version=2020-03-01"
        ]
      },
      "ResponseBody": "{\r\n  \"id\": \"/subscriptions/12053b8f-cab5-4f5c-9c1a-870580142abd/resourceGroups/CosmosDBResourceGroup27/providers/Microsoft.DocumentDB/databaseAccounts/dbaccount27\",\r\n  \"name\": \"dbaccount27\",\r\n  \"location\": \"East US 2\",\r\n  \"type\": \"Microsoft.DocumentDB/databaseAccounts\",\r\n  \"kind\": \"GlobalDocumentDB\",\r\n  \"tags\": {\r\n    \"name\": \"test\",\r\n    \"Color\": \"Blue\",\r\n    \"Shape\": \"Square\"\r\n  },\r\n  \"properties\": {\r\n    \"provisioningState\": \"Succeeded\",\r\n    \"documentEndpoint\": \"https://dbaccount27.documents.azure.com:443/\",\r\n    \"ipRangeFilter\": \"192.168.0.1\",\r\n    \"publicNetworkAccess\": \"Enabled\",\r\n    \"enableAutomaticFailover\": true,\r\n    \"enableMultipleWriteLocations\": false,\r\n    \"enablePartitionKeyMonitor\": false,\r\n    \"isVirtualNetworkFilterEnabled\": true,\r\n    \"virtualNetworkRules\": [],\r\n    \"EnabledApiTypes\": \"Sql\",\r\n    \"disableKeyBasedMetadataWriteAccess\": false,\r\n    \"enableFreeTier\": false,\r\n    \"apiProperties\": null,\r\n    \"databaseAccountOfferType\": \"Standard\",\r\n    \"enableCassandraConnector\": false,\r\n    \"connectorOffer\": \"\",\r\n    \"consistencyPolicy\": {\r\n      \"defaultConsistencyLevel\": \"BoundedStaleness\",\r\n      \"maxIntervalInSeconds\": 10,\r\n      \"maxStalenessPrefix\": 20\r\n    },\r\n    \"configurationOverrides\": {},\r\n    \"writeLocations\": [\r\n      {\r\n        \"id\": \"dbaccount27-eastus2\",\r\n        \"locationName\": \"East US 2\",\r\n        \"documentEndpoint\": \"https://dbaccount27-eastus2.documents.azure.com:443/\",\r\n        \"provisioningState\": \"Succeeded\",\r\n        \"failoverPriority\": 0,\r\n        \"isZoneRedundant\": false\r\n      }\r\n    ],\r\n    \"readLocations\": [\r\n      {\r\n        \"id\": \"dbaccount27-eastus2\",\r\n        \"locationName\": \"East US 2\",\r\n        \"documentEndpoint\": \"https://dbaccount27-eastus2.documents.azure.com:443/\",\r\n        \"provisioningState\": \"Succeeded\",\r\n        \"failoverPriority\": 0,\r\n        \"isZoneRedundant\": false\r\n      }\r\n    ],\r\n    \"locations\": [\r\n      {\r\n        \"id\": \"dbaccount27-eastus2\",\r\n        \"locationName\": \"East US 2\",\r\n        \"documentEndpoint\": \"https://dbaccount27-eastus2.documents.azure.com:443/\",\r\n        \"provisioningState\": \"Succeeded\",\r\n        \"failoverPriority\": 0,\r\n        \"isZoneRedundant\": false\r\n      }\r\n    ],\r\n    \"failoverPolicies\": [\r\n      {\r\n        \"id\": \"dbaccount27-eastus2\",\r\n        \"locationName\": \"East US 2\",\r\n        \"failoverPriority\": 0\r\n      }\r\n    ],\r\n    \"cors\": [],\r\n    \"capabilities\": [\r\n      {\r\n        \"name\": \"EnableStorageAnalytics\"\r\n      }\r\n    ]\r\n  }\r\n}",
      "StatusCode": 200
    },
    {
      "RequestUri": "/subscriptions/12053b8f-cab5-4f5c-9c1a-870580142abd/resourceGroups/CosmosDBResourceGroup27/providers/Microsoft.DocumentDB/databaseAccounts/dbaccount27?api-version=2020-03-01",
      "EncodedRequestUri": "L3N1YnNjcmlwdGlvbnMvMTIwNTNiOGYtY2FiNS00ZjVjLTljMWEtODcwNTgwMTQyYWJkL3Jlc291cmNlR3JvdXBzL0Nvc21vc0RCUmVzb3VyY2VHcm91cDI3L3Byb3ZpZGVycy9NaWNyb3NvZnQuRG9jdW1lbnREQi9kYXRhYmFzZUFjY291bnRzL2RiYWNjb3VudDI3P2FwaS12ZXJzaW9uPTIwMjAtMDMtMDE=",
>>>>>>> e5fcd5c7b105c638909ca50ef4370d71fce2137e
      "RequestMethod": "GET",
      "RequestBody": "",
      "RequestHeaders": {
        "x-ms-client-request-id": [
<<<<<<< HEAD
          "4324deb8-fd38-4426-94d7-1172f782d774"
=======
          "ed951b56-c0a8-4636-b3b7-625b292d8855"
>>>>>>> e5fcd5c7b105c638909ca50ef4370d71fce2137e
        ],
        "Accept-Language": [
          "en-US"
        ],
        "User-Agent": [
<<<<<<< HEAD
          "FxVersion/4.6.27817.03",
          "OSName/Windows",
          "OSVersion/Microsoft.Windows.10.0.18363.",
          "Microsoft.Azure.Management.CosmosDB.CosmosDBManagementClient/1.0.0.0"
=======
          "FxVersion/4.6.28207.03",
          "OSName/Windows",
          "OSVersion/Microsoft.Windows.10.0.18363.",
          "Microsoft.Azure.Management.CosmosDB.CosmosDBManagementClient/1.1.0.0"
>>>>>>> e5fcd5c7b105c638909ca50ef4370d71fce2137e
        ]
      },
      "ResponseHeaders": {
        "Cache-Control": [
          "no-store, no-cache"
        ],
        "Pragma": [
          "no-cache"
        ],
        "Strict-Transport-Security": [
          "max-age=31536000; includeSubDomains"
        ],
        "x-ms-gatewayversion": [
<<<<<<< HEAD
          "version=2.9.2"
=======
          "version=2.10.0"
>>>>>>> e5fcd5c7b105c638909ca50ef4370d71fce2137e
        ],
        "Server": [
          "Microsoft-HTTPAPI/2.0"
        ],
        "x-ms-ratelimit-remaining-subscription-reads": [
          "11991"
        ],
        "x-ms-request-id": [
<<<<<<< HEAD
          "cae14e8d-5bbd-42bf-b12b-f8739c667ae5"
        ],
        "x-ms-correlation-request-id": [
          "cae14e8d-5bbd-42bf-b12b-f8739c667ae5"
        ],
        "x-ms-routing-request-id": [
          "WESTUS:20200116T211909Z:cae14e8d-5bbd-42bf-b12b-f8739c667ae5"
=======
          "b7214aa3-76e1-4650-baa8-d1a8c2351694"
        ],
        "x-ms-correlation-request-id": [
          "b7214aa3-76e1-4650-baa8-d1a8c2351694"
        ],
        "x-ms-routing-request-id": [
          "WESTUS:20200409T005556Z:b7214aa3-76e1-4650-baa8-d1a8c2351694"
>>>>>>> e5fcd5c7b105c638909ca50ef4370d71fce2137e
        ],
        "X-Content-Type-Options": [
          "nosniff"
        ],
        "Date": [
<<<<<<< HEAD
          "Thu, 16 Jan 2020 21:19:09 GMT"
        ],
        "Content-Length": [
          "1722"
=======
          "Thu, 09 Apr 2020 00:55:55 GMT"
        ],
        "Content-Length": [
          "1848"
>>>>>>> e5fcd5c7b105c638909ca50ef4370d71fce2137e
        ],
        "Content-Type": [
          "application/json"
        ],
        "Content-Location": [
<<<<<<< HEAD
          "https://management.documents.azure.com:450/subscriptions/12053b8f-cab5-4f5c-9c1a-870580142abd/resourceGroups/CosmosDBResourceGroup27/providers/Microsoft.DocumentDB/databaseAccounts/dbaccount27?api-version=2019-08-01"
        ]
      },
      "ResponseBody": "{\r\n  \"id\": \"/subscriptions/12053b8f-cab5-4f5c-9c1a-870580142abd/resourceGroups/CosmosDBResourceGroup27/providers/Microsoft.DocumentDB/databaseAccounts/dbaccount27\",\r\n  \"name\": \"dbaccount27\",\r\n  \"location\": \"East US\",\r\n  \"type\": \"Microsoft.DocumentDB/databaseAccounts\",\r\n  \"kind\": \"GlobalDocumentDB\",\r\n  \"tags\": {\r\n    \"Shape\": \"Square\",\r\n    \"name\": \"test\",\r\n    \"Color\": \"Blue\"\r\n  },\r\n  \"properties\": {\r\n    \"provisioningState\": \"Succeeded\",\r\n    \"documentEndpoint\": \"https://dbaccount27.documents.azure.com:443/\",\r\n    \"ipRangeFilter\": \"192.168.0.1\",\r\n    \"enableAutomaticFailover\": true,\r\n    \"enableMultipleWriteLocations\": false,\r\n    \"enablePartitionKeyMonitor\": false,\r\n    \"isVirtualNetworkFilterEnabled\": true,\r\n    \"virtualNetworkRules\": [],\r\n    \"EnabledApiTypes\": \"Sql\",\r\n    \"disableKeyBasedMetadataWriteAccess\": false,\r\n    \"databaseAccountOfferType\": \"Standard\",\r\n    \"enableCassandraConnector\": false,\r\n    \"connectorOffer\": \"\",\r\n    \"consistencyPolicy\": {\r\n      \"defaultConsistencyLevel\": \"BoundedStaleness\",\r\n      \"maxIntervalInSeconds\": 10,\r\n      \"maxStalenessPrefix\": 20\r\n    },\r\n    \"configurationOverrides\": {},\r\n    \"writeLocations\": [\r\n      {\r\n        \"id\": \"dbaccount27-eastus\",\r\n        \"locationName\": \"East US\",\r\n        \"documentEndpoint\": \"https://dbaccount27-eastus.documents.azure.com:443/\",\r\n        \"provisioningState\": \"Succeeded\",\r\n        \"failoverPriority\": 0,\r\n        \"isZoneRedundant\": false\r\n      }\r\n    ],\r\n    \"readLocations\": [\r\n      {\r\n        \"id\": \"dbaccount27-eastus\",\r\n        \"locationName\": \"East US\",\r\n        \"documentEndpoint\": \"https://dbaccount27-eastus.documents.azure.com:443/\",\r\n        \"provisioningState\": \"Succeeded\",\r\n        \"failoverPriority\": 0,\r\n        \"isZoneRedundant\": false\r\n      }\r\n    ],\r\n    \"locations\": [\r\n      {\r\n        \"id\": \"dbaccount27-eastus\",\r\n        \"locationName\": \"East US\",\r\n        \"documentEndpoint\": \"https://dbaccount27-eastus.documents.azure.com:443/\",\r\n        \"provisioningState\": \"Succeeded\",\r\n        \"failoverPriority\": 0,\r\n        \"isZoneRedundant\": false\r\n      }\r\n    ],\r\n    \"failoverPolicies\": [\r\n      {\r\n        \"id\": \"dbaccount27-eastus\",\r\n        \"locationName\": \"East US\",\r\n        \"failoverPriority\": 0\r\n      }\r\n    ],\r\n    \"cors\": [],\r\n    \"capabilities\": []\r\n  }\r\n}",
      "StatusCode": 200
    },
    {
      "RequestUri": "/subscriptions/12053b8f-cab5-4f5c-9c1a-870580142abd/resourceGroups/CosmosDBResourceGroup27/providers/Microsoft.DocumentDB/databaseAccounts/dbaccount27?api-version=2019-08-01",
      "EncodedRequestUri": "L3N1YnNjcmlwdGlvbnMvMTIwNTNiOGYtY2FiNS00ZjVjLTljMWEtODcwNTgwMTQyYWJkL3Jlc291cmNlR3JvdXBzL0Nvc21vc0RCUmVzb3VyY2VHcm91cDI3L3Byb3ZpZGVycy9NaWNyb3NvZnQuRG9jdW1lbnREQi9kYXRhYmFzZUFjY291bnRzL2RiYWNjb3VudDI3P2FwaS12ZXJzaW9uPTIwMTktMDgtMDE=",
      "RequestMethod": "PATCH",
      "RequestBody": "{\r\n  \"tags\": {\r\n    \"Shape\": \"Square\",\r\n    \"name\": \"test\",\r\n    \"Color\": \"Blue\"\r\n  },\r\n  \"location\": \"East US\",\r\n  \"properties\": {\r\n    \"consistencyPolicy\": {\r\n      \"defaultConsistencyLevel\": \"BoundedStaleness\",\r\n      \"maxStalenessPrefix\": 20,\r\n      \"maxIntervalInSeconds\": 10\r\n    },\r\n    \"locations\": [\r\n      {\r\n        \"locationName\": \"East US\",\r\n        \"provisioningState\": \"Succeeded\",\r\n        \"failoverPriority\": 0,\r\n        \"isZoneRedundant\": false\r\n      }\r\n    ],\r\n    \"ipRangeFilter\": \"192.168.0.1\",\r\n    \"isVirtualNetworkFilterEnabled\": true,\r\n    \"enableAutomaticFailover\": true,\r\n    \"enableMultipleWriteLocations\": false\r\n  }\r\n}",
      "RequestHeaders": {
        "x-ms-client-request-id": [
          "aa4dc417-f8fa-4f20-8772-e5416ac73a93"
=======
          "https://management.documents.azure.com:450/subscriptions/12053b8f-cab5-4f5c-9c1a-870580142abd/resourceGroups/CosmosDBResourceGroup27/providers/Microsoft.DocumentDB/databaseAccounts/dbaccount27?api-version=2020-03-01"
        ]
      },
      "ResponseBody": "{\r\n  \"id\": \"/subscriptions/12053b8f-cab5-4f5c-9c1a-870580142abd/resourceGroups/CosmosDBResourceGroup27/providers/Microsoft.DocumentDB/databaseAccounts/dbaccount27\",\r\n  \"name\": \"dbaccount27\",\r\n  \"location\": \"East US 2\",\r\n  \"type\": \"Microsoft.DocumentDB/databaseAccounts\",\r\n  \"kind\": \"GlobalDocumentDB\",\r\n  \"tags\": {\r\n    \"name\": \"test\",\r\n    \"Color\": \"Blue\",\r\n    \"Shape\": \"Square\"\r\n  },\r\n  \"properties\": {\r\n    \"provisioningState\": \"Succeeded\",\r\n    \"documentEndpoint\": \"https://dbaccount27.documents.azure.com:443/\",\r\n    \"ipRangeFilter\": \"192.168.0.1\",\r\n    \"publicNetworkAccess\": \"Enabled\",\r\n    \"enableAutomaticFailover\": true,\r\n    \"enableMultipleWriteLocations\": false,\r\n    \"enablePartitionKeyMonitor\": false,\r\n    \"isVirtualNetworkFilterEnabled\": true,\r\n    \"virtualNetworkRules\": [],\r\n    \"EnabledApiTypes\": \"Sql\",\r\n    \"disableKeyBasedMetadataWriteAccess\": false,\r\n    \"enableFreeTier\": false,\r\n    \"apiProperties\": null,\r\n    \"databaseAccountOfferType\": \"Standard\",\r\n    \"enableCassandraConnector\": false,\r\n    \"connectorOffer\": \"\",\r\n    \"consistencyPolicy\": {\r\n      \"defaultConsistencyLevel\": \"BoundedStaleness\",\r\n      \"maxIntervalInSeconds\": 10,\r\n      \"maxStalenessPrefix\": 20\r\n    },\r\n    \"configurationOverrides\": {},\r\n    \"writeLocations\": [\r\n      {\r\n        \"id\": \"dbaccount27-eastus2\",\r\n        \"locationName\": \"East US 2\",\r\n        \"documentEndpoint\": \"https://dbaccount27-eastus2.documents.azure.com:443/\",\r\n        \"provisioningState\": \"Succeeded\",\r\n        \"failoverPriority\": 0,\r\n        \"isZoneRedundant\": false\r\n      }\r\n    ],\r\n    \"readLocations\": [\r\n      {\r\n        \"id\": \"dbaccount27-eastus2\",\r\n        \"locationName\": \"East US 2\",\r\n        \"documentEndpoint\": \"https://dbaccount27-eastus2.documents.azure.com:443/\",\r\n        \"provisioningState\": \"Succeeded\",\r\n        \"failoverPriority\": 0,\r\n        \"isZoneRedundant\": false\r\n      }\r\n    ],\r\n    \"locations\": [\r\n      {\r\n        \"id\": \"dbaccount27-eastus2\",\r\n        \"locationName\": \"East US 2\",\r\n        \"documentEndpoint\": \"https://dbaccount27-eastus2.documents.azure.com:443/\",\r\n        \"provisioningState\": \"Succeeded\",\r\n        \"failoverPriority\": 0,\r\n        \"isZoneRedundant\": false\r\n      }\r\n    ],\r\n    \"failoverPolicies\": [\r\n      {\r\n        \"id\": \"dbaccount27-eastus2\",\r\n        \"locationName\": \"East US 2\",\r\n        \"failoverPriority\": 0\r\n      }\r\n    ],\r\n    \"cors\": [],\r\n    \"capabilities\": [\r\n      {\r\n        \"name\": \"EnableStorageAnalytics\"\r\n      }\r\n    ]\r\n  }\r\n}",
      "StatusCode": 200
    },
    {
      "RequestUri": "/subscriptions/12053b8f-cab5-4f5c-9c1a-870580142abd/resourceGroups/CosmosDBResourceGroup27/providers/Microsoft.DocumentDB/databaseAccounts/dbaccount27?api-version=2020-03-01",
      "EncodedRequestUri": "L3N1YnNjcmlwdGlvbnMvMTIwNTNiOGYtY2FiNS00ZjVjLTljMWEtODcwNTgwMTQyYWJkL3Jlc291cmNlR3JvdXBzL0Nvc21vc0RCUmVzb3VyY2VHcm91cDI3L3Byb3ZpZGVycy9NaWNyb3NvZnQuRG9jdW1lbnREQi9kYXRhYmFzZUFjY291bnRzL2RiYWNjb3VudDI3P2FwaS12ZXJzaW9uPTIwMjAtMDMtMDE=",
      "RequestMethod": "PATCH",
      "RequestBody": "{\r\n  \"tags\": {\r\n    \"name\": \"test\",\r\n    \"Color\": \"Blue\",\r\n    \"Shape\": \"Square\"\r\n  },\r\n  \"location\": \"East US 2\",\r\n  \"properties\": {\r\n    \"consistencyPolicy\": {\r\n      \"defaultConsistencyLevel\": \"BoundedStaleness\",\r\n      \"maxStalenessPrefix\": 20,\r\n      \"maxIntervalInSeconds\": 10\r\n    },\r\n    \"locations\": [\r\n      {\r\n        \"locationName\": \"East US 2\",\r\n        \"provisioningState\": \"Succeeded\",\r\n        \"failoverPriority\": 0,\r\n        \"isZoneRedundant\": false\r\n      }\r\n    ],\r\n    \"ipRangeFilter\": \"192.168.0.1\",\r\n    \"isVirtualNetworkFilterEnabled\": true,\r\n    \"enableAutomaticFailover\": true\r\n  }\r\n}",
      "RequestHeaders": {
        "x-ms-client-request-id": [
          "4153e6ef-3ca0-44b0-ad44-5d951d225d72"
>>>>>>> e5fcd5c7b105c638909ca50ef4370d71fce2137e
        ],
        "Accept-Language": [
          "en-US"
        ],
        "User-Agent": [
<<<<<<< HEAD
          "FxVersion/4.6.27817.03",
          "OSName/Windows",
          "OSVersion/Microsoft.Windows.10.0.18363.",
          "Microsoft.Azure.Management.CosmosDB.CosmosDBManagementClient/1.0.0.0"
=======
          "FxVersion/4.6.28207.03",
          "OSName/Windows",
          "OSVersion/Microsoft.Windows.10.0.18363.",
          "Microsoft.Azure.Management.CosmosDB.CosmosDBManagementClient/1.1.0.0"
>>>>>>> e5fcd5c7b105c638909ca50ef4370d71fce2137e
        ],
        "Content-Type": [
          "application/json; charset=utf-8"
        ],
        "Content-Length": [
<<<<<<< HEAD
          "649"
=======
          "609"
>>>>>>> e5fcd5c7b105c638909ca50ef4370d71fce2137e
        ]
      },
      "ResponseHeaders": {
        "Cache-Control": [
          "no-store, no-cache"
        ],
        "Pragma": [
          "no-cache"
        ],
        "Location": [
<<<<<<< HEAD
          "https://management.azure.com/subscriptions/12053b8f-cab5-4f5c-9c1a-870580142abd/resourceGroups/CosmosDBResourceGroup27/providers/Microsoft.DocumentDB/databaseAccounts/dbaccount27/operationResults/ebeeb6b4-9338-4f40-9be7-0aa1e2606afc?api-version=2019-08-01"
        ],
        "x-ms-request-id": [
          "ebeeb6b4-9338-4f40-9be7-0aa1e2606afc"
        ],
        "Azure-AsyncOperation": [
          "https://management.azure.com/subscriptions/12053b8f-cab5-4f5c-9c1a-870580142abd/providers/Microsoft.DocumentDB/locations/eastus/operationsStatus/ebeeb6b4-9338-4f40-9be7-0aa1e2606afc?api-version=2019-08-01"
=======
          "https://management.azure.com/subscriptions/12053b8f-cab5-4f5c-9c1a-870580142abd/resourceGroups/CosmosDBResourceGroup27/providers/Microsoft.DocumentDB/databaseAccounts/dbaccount27/operationResults/71af7331-ad3e-438d-bd83-33dd4ca9a704?api-version=2020-03-01"
        ],
        "x-ms-request-id": [
          "71af7331-ad3e-438d-bd83-33dd4ca9a704"
        ],
        "Azure-AsyncOperation": [
          "https://management.azure.com/subscriptions/12053b8f-cab5-4f5c-9c1a-870580142abd/providers/Microsoft.DocumentDB/locations/eastus2/operationsStatus/71af7331-ad3e-438d-bd83-33dd4ca9a704?api-version=2020-03-01"
>>>>>>> e5fcd5c7b105c638909ca50ef4370d71fce2137e
        ],
        "Strict-Transport-Security": [
          "max-age=31536000; includeSubDomains"
        ],
        "x-ms-gatewayversion": [
<<<<<<< HEAD
          "version=2.9.2"
=======
          "version=2.10.0"
>>>>>>> e5fcd5c7b105c638909ca50ef4370d71fce2137e
        ],
        "Server": [
          "Microsoft-HTTPAPI/2.0"
        ],
        "x-ms-ratelimit-remaining-subscription-writes": [
          "1199"
        ],
        "x-ms-correlation-request-id": [
<<<<<<< HEAD
          "31e55e68-47c0-440e-870a-adecd41a9592"
        ],
        "x-ms-routing-request-id": [
          "WESTUS:20200116T211738Z:31e55e68-47c0-440e-870a-adecd41a9592"
=======
          "b1a9a66e-a2ba-482c-8831-a16d46e96b9f"
        ],
        "x-ms-routing-request-id": [
          "WESTUS:20200409T005354Z:b1a9a66e-a2ba-482c-8831-a16d46e96b9f"
>>>>>>> e5fcd5c7b105c638909ca50ef4370d71fce2137e
        ],
        "X-Content-Type-Options": [
          "nosniff"
        ],
        "Date": [
<<<<<<< HEAD
          "Thu, 16 Jan 2020 21:17:37 GMT"
        ],
        "Content-Length": [
          "1716"
=======
          "Thu, 09 Apr 2020 00:53:53 GMT"
        ],
        "Content-Length": [
          "1879"
>>>>>>> e5fcd5c7b105c638909ca50ef4370d71fce2137e
        ],
        "Content-Type": [
          "application/json"
        ],
        "Content-Location": [
<<<<<<< HEAD
          "https://management.documents.azure.com:450/subscriptions/12053b8f-cab5-4f5c-9c1a-870580142abd/resourceGroups/CosmosDBResourceGroup27/providers/Microsoft.DocumentDB/databaseAccounts/dbaccount27?api-version=2019-08-01"
        ]
      },
      "ResponseBody": "{\r\n  \"id\": \"/subscriptions/12053b8f-cab5-4f5c-9c1a-870580142abd/resourceGroups/CosmosDBResourceGroup27/providers/Microsoft.DocumentDB/databaseAccounts/dbaccount27\",\r\n  \"name\": \"dbaccount27\",\r\n  \"location\": \"East US\",\r\n  \"type\": \"Microsoft.DocumentDB/databaseAccounts\",\r\n  \"kind\": \"GlobalDocumentDB\",\r\n  \"tags\": {\r\n    \"defaultExperience\": \"Core (SQL)\",\r\n    \"hidden-cosmos-mmspecial\": \"\"\r\n  },\r\n  \"properties\": {\r\n    \"provisioningState\": \"Updating\",\r\n    \"documentEndpoint\": \"https://dbaccount27.documents.azure.com:443/\",\r\n    \"ipRangeFilter\": \"\",\r\n    \"enableAutomaticFailover\": false,\r\n    \"enableMultipleWriteLocations\": false,\r\n    \"enablePartitionKeyMonitor\": false,\r\n    \"isVirtualNetworkFilterEnabled\": false,\r\n    \"virtualNetworkRules\": [],\r\n    \"EnabledApiTypes\": \"Sql\",\r\n    \"disableKeyBasedMetadataWriteAccess\": false,\r\n    \"databaseAccountOfferType\": \"Standard\",\r\n    \"enableCassandraConnector\": false,\r\n    \"connectorOffer\": \"\",\r\n    \"consistencyPolicy\": {\r\n      \"defaultConsistencyLevel\": \"Session\",\r\n      \"maxIntervalInSeconds\": 5,\r\n      \"maxStalenessPrefix\": 100\r\n    },\r\n    \"configurationOverrides\": {},\r\n    \"writeLocations\": [\r\n      {\r\n        \"id\": \"dbaccount27-eastus\",\r\n        \"locationName\": \"East US\",\r\n        \"documentEndpoint\": \"https://dbaccount27-eastus.documents.azure.com:443/\",\r\n        \"provisioningState\": \"Updating\",\r\n        \"failoverPriority\": 0,\r\n        \"isZoneRedundant\": false\r\n      }\r\n    ],\r\n    \"readLocations\": [\r\n      {\r\n        \"id\": \"dbaccount27-eastus\",\r\n        \"locationName\": \"East US\",\r\n        \"documentEndpoint\": \"https://dbaccount27-eastus.documents.azure.com:443/\",\r\n        \"provisioningState\": \"Updating\",\r\n        \"failoverPriority\": 0,\r\n        \"isZoneRedundant\": false\r\n      }\r\n    ],\r\n    \"locations\": [\r\n      {\r\n        \"id\": \"dbaccount27-eastus\",\r\n        \"locationName\": \"East US\",\r\n        \"documentEndpoint\": \"https://dbaccount27-eastus.documents.azure.com:443/\",\r\n        \"provisioningState\": \"Updating\",\r\n        \"failoverPriority\": 0,\r\n        \"isZoneRedundant\": false\r\n      }\r\n    ],\r\n    \"failoverPolicies\": [\r\n      {\r\n        \"id\": \"dbaccount27-eastus\",\r\n        \"locationName\": \"East US\",\r\n        \"failoverPriority\": 0\r\n      }\r\n    ],\r\n    \"cors\": [],\r\n    \"capabilities\": []\r\n  }\r\n}",
      "StatusCode": 200
    },
    {
      "RequestUri": "/subscriptions/12053b8f-cab5-4f5c-9c1a-870580142abd/providers/Microsoft.DocumentDB/locations/eastus/operationsStatus/ebeeb6b4-9338-4f40-9be7-0aa1e2606afc?api-version=2019-08-01",
      "EncodedRequestUri": "L3N1YnNjcmlwdGlvbnMvMTIwNTNiOGYtY2FiNS00ZjVjLTljMWEtODcwNTgwMTQyYWJkL3Byb3ZpZGVycy9NaWNyb3NvZnQuRG9jdW1lbnREQi9sb2NhdGlvbnMvZWFzdHVzL29wZXJhdGlvbnNTdGF0dXMvZWJlZWI2YjQtOTMzOC00ZjQwLTliZTctMGFhMWUyNjA2YWZjP2FwaS12ZXJzaW9uPTIwMTktMDgtMDE=",
=======
          "https://management.documents.azure.com:450/subscriptions/12053b8f-cab5-4f5c-9c1a-870580142abd/resourceGroups/CosmosDBResourceGroup27/providers/Microsoft.DocumentDB/databaseAccounts/dbaccount27?api-version=2020-03-01"
        ]
      },
      "ResponseBody": "{\r\n  \"id\": \"/subscriptions/12053b8f-cab5-4f5c-9c1a-870580142abd/resourceGroups/CosmosDBResourceGroup27/providers/Microsoft.DocumentDB/databaseAccounts/dbaccount27\",\r\n  \"name\": \"dbaccount27\",\r\n  \"location\": \"East US 2\",\r\n  \"type\": \"Microsoft.DocumentDB/databaseAccounts\",\r\n  \"kind\": \"GlobalDocumentDB\",\r\n  \"tags\": {\r\n    \"defaultExperience\": \"Core (SQL)\",\r\n    \"hidden-cosmos-mmspecial\": \"\",\r\n    \"CosmosAccountType\": \"Non-Production\"\r\n  },\r\n  \"properties\": {\r\n    \"provisioningState\": \"Updating\",\r\n    \"documentEndpoint\": \"https://dbaccount27.documents.azure.com:443/\",\r\n    \"ipRangeFilter\": \"\",\r\n    \"publicNetworkAccess\": \"Enabled\",\r\n    \"enableAutomaticFailover\": false,\r\n    \"enableMultipleWriteLocations\": false,\r\n    \"enablePartitionKeyMonitor\": false,\r\n    \"isVirtualNetworkFilterEnabled\": false,\r\n    \"virtualNetworkRules\": [],\r\n    \"EnabledApiTypes\": \"Sql\",\r\n    \"disableKeyBasedMetadataWriteAccess\": false,\r\n    \"enableFreeTier\": false,\r\n    \"apiProperties\": null,\r\n    \"databaseAccountOfferType\": \"Standard\",\r\n    \"enableCassandraConnector\": false,\r\n    \"connectorOffer\": \"\",\r\n    \"consistencyPolicy\": {\r\n      \"defaultConsistencyLevel\": \"Session\",\r\n      \"maxIntervalInSeconds\": 5,\r\n      \"maxStalenessPrefix\": 100\r\n    },\r\n    \"configurationOverrides\": {},\r\n    \"writeLocations\": [\r\n      {\r\n        \"id\": \"dbaccount27-eastus2\",\r\n        \"locationName\": \"East US 2\",\r\n        \"documentEndpoint\": \"https://dbaccount27-eastus2.documents.azure.com:443/\",\r\n        \"provisioningState\": \"Updating\",\r\n        \"failoverPriority\": 0,\r\n        \"isZoneRedundant\": false\r\n      }\r\n    ],\r\n    \"readLocations\": [\r\n      {\r\n        \"id\": \"dbaccount27-eastus2\",\r\n        \"locationName\": \"East US 2\",\r\n        \"documentEndpoint\": \"https://dbaccount27-eastus2.documents.azure.com:443/\",\r\n        \"provisioningState\": \"Updating\",\r\n        \"failoverPriority\": 0,\r\n        \"isZoneRedundant\": false\r\n      }\r\n    ],\r\n    \"locations\": [\r\n      {\r\n        \"id\": \"dbaccount27-eastus2\",\r\n        \"locationName\": \"East US 2\",\r\n        \"documentEndpoint\": \"https://dbaccount27-eastus2.documents.azure.com:443/\",\r\n        \"provisioningState\": \"Updating\",\r\n        \"failoverPriority\": 0,\r\n        \"isZoneRedundant\": false\r\n      }\r\n    ],\r\n    \"failoverPolicies\": [\r\n      {\r\n        \"id\": \"dbaccount27-eastus2\",\r\n        \"locationName\": \"East US 2\",\r\n        \"failoverPriority\": 0\r\n      }\r\n    ],\r\n    \"cors\": [],\r\n    \"capabilities\": [\r\n      {\r\n        \"name\": \"EnableStorageAnalytics\"\r\n      }\r\n    ]\r\n  }\r\n}",
      "StatusCode": 200
    },
    {
      "RequestUri": "/subscriptions/12053b8f-cab5-4f5c-9c1a-870580142abd/providers/Microsoft.DocumentDB/locations/eastus2/operationsStatus/71af7331-ad3e-438d-bd83-33dd4ca9a704?api-version=2020-03-01",
      "EncodedRequestUri": "L3N1YnNjcmlwdGlvbnMvMTIwNTNiOGYtY2FiNS00ZjVjLTljMWEtODcwNTgwMTQyYWJkL3Byb3ZpZGVycy9NaWNyb3NvZnQuRG9jdW1lbnREQi9sb2NhdGlvbnMvZWFzdHVzMi9vcGVyYXRpb25zU3RhdHVzLzcxYWY3MzMxLWFkM2UtNDM4ZC1iZDgzLTMzZGQ0Y2E5YTcwND9hcGktdmVyc2lvbj0yMDIwLTAzLTAx",
>>>>>>> e5fcd5c7b105c638909ca50ef4370d71fce2137e
      "RequestMethod": "GET",
      "RequestBody": "",
      "RequestHeaders": {
        "User-Agent": [
<<<<<<< HEAD
          "FxVersion/4.6.27817.03",
          "OSName/Windows",
          "OSVersion/Microsoft.Windows.10.0.18363.",
          "Microsoft.Azure.Management.CosmosDB.CosmosDBManagementClient/1.0.0.0"
=======
          "FxVersion/4.6.28207.03",
          "OSName/Windows",
          "OSVersion/Microsoft.Windows.10.0.18363.",
          "Microsoft.Azure.Management.CosmosDB.CosmosDBManagementClient/1.1.0.0"
>>>>>>> e5fcd5c7b105c638909ca50ef4370d71fce2137e
        ]
      },
      "ResponseHeaders": {
        "Cache-Control": [
          "no-store, no-cache"
        ],
        "Pragma": [
          "no-cache"
        ],
        "Strict-Transport-Security": [
          "max-age=31536000; includeSubDomains"
        ],
        "x-ms-gatewayversion": [
<<<<<<< HEAD
          "version=2.9.2"
=======
          "version=2.10.0"
        ],
        "Server": [
          "Microsoft-HTTPAPI/2.0"
        ],
        "x-ms-ratelimit-remaining-subscription-reads": [
          "11996"
        ],
        "x-ms-request-id": [
          "cdd4a8df-4f8d-47f8-888b-18b56ae36c86"
        ],
        "x-ms-correlation-request-id": [
          "cdd4a8df-4f8d-47f8-888b-18b56ae36c86"
        ],
        "x-ms-routing-request-id": [
          "WESTUS:20200409T005424Z:cdd4a8df-4f8d-47f8-888b-18b56ae36c86"
        ],
        "X-Content-Type-Options": [
          "nosniff"
        ],
        "Date": [
          "Thu, 09 Apr 2020 00:54:24 GMT"
        ],
        "Content-Length": [
          "21"
        ],
        "Content-Type": [
          "application/json"
        ],
        "Content-Location": [
          "https://management.documents.azure.com:450/subscriptions/12053b8f-cab5-4f5c-9c1a-870580142abd/providers/Microsoft.DocumentDB/locations/eastus2/operationsStatus/71af7331-ad3e-438d-bd83-33dd4ca9a704?api-version=2020-03-01"
        ]
      },
      "ResponseBody": "{\r\n  \"status\": \"Dequeued\"\r\n}",
      "StatusCode": 200
    },
    {
      "RequestUri": "/subscriptions/12053b8f-cab5-4f5c-9c1a-870580142abd/providers/Microsoft.DocumentDB/locations/eastus2/operationsStatus/71af7331-ad3e-438d-bd83-33dd4ca9a704?api-version=2020-03-01",
      "EncodedRequestUri": "L3N1YnNjcmlwdGlvbnMvMTIwNTNiOGYtY2FiNS00ZjVjLTljMWEtODcwNTgwMTQyYWJkL3Byb3ZpZGVycy9NaWNyb3NvZnQuRG9jdW1lbnREQi9sb2NhdGlvbnMvZWFzdHVzMi9vcGVyYXRpb25zU3RhdHVzLzcxYWY3MzMxLWFkM2UtNDM4ZC1iZDgzLTMzZGQ0Y2E5YTcwND9hcGktdmVyc2lvbj0yMDIwLTAzLTAx",
      "RequestMethod": "GET",
      "RequestBody": "",
      "RequestHeaders": {
        "User-Agent": [
          "FxVersion/4.6.28207.03",
          "OSName/Windows",
          "OSVersion/Microsoft.Windows.10.0.18363.",
          "Microsoft.Azure.Management.CosmosDB.CosmosDBManagementClient/1.1.0.0"
        ]
      },
      "ResponseHeaders": {
        "Cache-Control": [
          "no-store, no-cache"
        ],
        "Pragma": [
          "no-cache"
        ],
        "Strict-Transport-Security": [
          "max-age=31536000; includeSubDomains"
        ],
        "x-ms-gatewayversion": [
          "version=2.10.0"
>>>>>>> e5fcd5c7b105c638909ca50ef4370d71fce2137e
        ],
        "Server": [
          "Microsoft-HTTPAPI/2.0"
        ],
        "x-ms-ratelimit-remaining-subscription-reads": [
          "11995"
        ],
        "x-ms-request-id": [
<<<<<<< HEAD
          "42ed7e0c-dfe0-4134-994b-3826ab275630"
        ],
        "x-ms-correlation-request-id": [
          "42ed7e0c-dfe0-4134-994b-3826ab275630"
        ],
        "x-ms-routing-request-id": [
          "WESTUS:20200116T211808Z:42ed7e0c-dfe0-4134-994b-3826ab275630"
=======
          "94c559b4-718c-4840-b14a-b943379c9db8"
        ],
        "x-ms-correlation-request-id": [
          "94c559b4-718c-4840-b14a-b943379c9db8"
        ],
        "x-ms-routing-request-id": [
          "WESTUS:20200409T005455Z:94c559b4-718c-4840-b14a-b943379c9db8"
>>>>>>> e5fcd5c7b105c638909ca50ef4370d71fce2137e
        ],
        "X-Content-Type-Options": [
          "nosniff"
        ],
        "Date": [
<<<<<<< HEAD
          "Thu, 16 Jan 2020 21:18:08 GMT"
        ],
        "Content-Length": [
          "32"
=======
          "Thu, 09 Apr 2020 00:54:55 GMT"
        ],
        "Content-Length": [
          "21"
>>>>>>> e5fcd5c7b105c638909ca50ef4370d71fce2137e
        ],
        "Content-Type": [
          "application/json"
        ],
        "Content-Location": [
<<<<<<< HEAD
          "https://management.documents.azure.com:450/subscriptions/12053b8f-cab5-4f5c-9c1a-870580142abd/providers/Microsoft.DocumentDB/locations/eastus/operationsStatus/ebeeb6b4-9338-4f40-9be7-0aa1e2606afc?api-version=2019-08-01"
        ]
      },
      "ResponseBody": "{\r\n  \"status\": \"Dequeued\",\r\n  \"error\": {}\r\n}",
      "StatusCode": 200
    },
    {
      "RequestUri": "/subscriptions/12053b8f-cab5-4f5c-9c1a-870580142abd/providers/Microsoft.DocumentDB/locations/eastus/operationsStatus/ebeeb6b4-9338-4f40-9be7-0aa1e2606afc?api-version=2019-08-01",
      "EncodedRequestUri": "L3N1YnNjcmlwdGlvbnMvMTIwNTNiOGYtY2FiNS00ZjVjLTljMWEtODcwNTgwMTQyYWJkL3Byb3ZpZGVycy9NaWNyb3NvZnQuRG9jdW1lbnREQi9sb2NhdGlvbnMvZWFzdHVzL29wZXJhdGlvbnNTdGF0dXMvZWJlZWI2YjQtOTMzOC00ZjQwLTliZTctMGFhMWUyNjA2YWZjP2FwaS12ZXJzaW9uPTIwMTktMDgtMDE=",
=======
          "https://management.documents.azure.com:450/subscriptions/12053b8f-cab5-4f5c-9c1a-870580142abd/providers/Microsoft.DocumentDB/locations/eastus2/operationsStatus/71af7331-ad3e-438d-bd83-33dd4ca9a704?api-version=2020-03-01"
        ]
      },
      "ResponseBody": "{\r\n  \"status\": \"Dequeued\"\r\n}",
      "StatusCode": 200
    },
    {
      "RequestUri": "/subscriptions/12053b8f-cab5-4f5c-9c1a-870580142abd/providers/Microsoft.DocumentDB/locations/eastus2/operationsStatus/71af7331-ad3e-438d-bd83-33dd4ca9a704?api-version=2020-03-01",
      "EncodedRequestUri": "L3N1YnNjcmlwdGlvbnMvMTIwNTNiOGYtY2FiNS00ZjVjLTljMWEtODcwNTgwMTQyYWJkL3Byb3ZpZGVycy9NaWNyb3NvZnQuRG9jdW1lbnREQi9sb2NhdGlvbnMvZWFzdHVzMi9vcGVyYXRpb25zU3RhdHVzLzcxYWY3MzMxLWFkM2UtNDM4ZC1iZDgzLTMzZGQ0Y2E5YTcwND9hcGktdmVyc2lvbj0yMDIwLTAzLTAx",
>>>>>>> e5fcd5c7b105c638909ca50ef4370d71fce2137e
      "RequestMethod": "GET",
      "RequestBody": "",
      "RequestHeaders": {
        "User-Agent": [
<<<<<<< HEAD
          "FxVersion/4.6.27817.03",
          "OSName/Windows",
          "OSVersion/Microsoft.Windows.10.0.18363.",
          "Microsoft.Azure.Management.CosmosDB.CosmosDBManagementClient/1.0.0.0"
=======
          "FxVersion/4.6.28207.03",
          "OSName/Windows",
          "OSVersion/Microsoft.Windows.10.0.18363.",
          "Microsoft.Azure.Management.CosmosDB.CosmosDBManagementClient/1.1.0.0"
>>>>>>> e5fcd5c7b105c638909ca50ef4370d71fce2137e
        ]
      },
      "ResponseHeaders": {
        "Cache-Control": [
          "no-store, no-cache"
        ],
        "Pragma": [
          "no-cache"
        ],
        "Strict-Transport-Security": [
          "max-age=31536000; includeSubDomains"
        ],
        "x-ms-gatewayversion": [
<<<<<<< HEAD
          "version=2.9.2"
=======
          "version=2.10.0"
>>>>>>> e5fcd5c7b105c638909ca50ef4370d71fce2137e
        ],
        "Server": [
          "Microsoft-HTTPAPI/2.0"
        ],
        "x-ms-ratelimit-remaining-subscription-reads": [
          "11994"
        ],
        "x-ms-request-id": [
<<<<<<< HEAD
          "7f4c6446-25a2-4852-9414-cb62a179b974"
        ],
        "x-ms-correlation-request-id": [
          "7f4c6446-25a2-4852-9414-cb62a179b974"
        ],
        "x-ms-routing-request-id": [
          "WESTUS:20200116T211839Z:7f4c6446-25a2-4852-9414-cb62a179b974"
=======
          "1f628d0b-a454-4237-9794-2912bfd17131"
        ],
        "x-ms-correlation-request-id": [
          "1f628d0b-a454-4237-9794-2912bfd17131"
        ],
        "x-ms-routing-request-id": [
          "WESTUS:20200409T005525Z:1f628d0b-a454-4237-9794-2912bfd17131"
>>>>>>> e5fcd5c7b105c638909ca50ef4370d71fce2137e
        ],
        "X-Content-Type-Options": [
          "nosniff"
        ],
        "Date": [
<<<<<<< HEAD
          "Thu, 16 Jan 2020 21:18:38 GMT"
        ],
        "Content-Length": [
          "32"
=======
          "Thu, 09 Apr 2020 00:55:24 GMT"
        ],
        "Content-Length": [
          "21"
>>>>>>> e5fcd5c7b105c638909ca50ef4370d71fce2137e
        ],
        "Content-Type": [
          "application/json"
        ],
        "Content-Location": [
<<<<<<< HEAD
          "https://management.documents.azure.com:450/subscriptions/12053b8f-cab5-4f5c-9c1a-870580142abd/providers/Microsoft.DocumentDB/locations/eastus/operationsStatus/ebeeb6b4-9338-4f40-9be7-0aa1e2606afc?api-version=2019-08-01"
        ]
      },
      "ResponseBody": "{\r\n  \"status\": \"Dequeued\",\r\n  \"error\": {}\r\n}",
      "StatusCode": 200
    },
    {
      "RequestUri": "/subscriptions/12053b8f-cab5-4f5c-9c1a-870580142abd/providers/Microsoft.DocumentDB/locations/eastus/operationsStatus/ebeeb6b4-9338-4f40-9be7-0aa1e2606afc?api-version=2019-08-01",
      "EncodedRequestUri": "L3N1YnNjcmlwdGlvbnMvMTIwNTNiOGYtY2FiNS00ZjVjLTljMWEtODcwNTgwMTQyYWJkL3Byb3ZpZGVycy9NaWNyb3NvZnQuRG9jdW1lbnREQi9sb2NhdGlvbnMvZWFzdHVzL29wZXJhdGlvbnNTdGF0dXMvZWJlZWI2YjQtOTMzOC00ZjQwLTliZTctMGFhMWUyNjA2YWZjP2FwaS12ZXJzaW9uPTIwMTktMDgtMDE=",
=======
          "https://management.documents.azure.com:450/subscriptions/12053b8f-cab5-4f5c-9c1a-870580142abd/providers/Microsoft.DocumentDB/locations/eastus2/operationsStatus/71af7331-ad3e-438d-bd83-33dd4ca9a704?api-version=2020-03-01"
        ]
      },
      "ResponseBody": "{\r\n  \"status\": \"Dequeued\"\r\n}",
      "StatusCode": 200
    },
    {
      "RequestUri": "/subscriptions/12053b8f-cab5-4f5c-9c1a-870580142abd/providers/Microsoft.DocumentDB/locations/eastus2/operationsStatus/71af7331-ad3e-438d-bd83-33dd4ca9a704?api-version=2020-03-01",
      "EncodedRequestUri": "L3N1YnNjcmlwdGlvbnMvMTIwNTNiOGYtY2FiNS00ZjVjLTljMWEtODcwNTgwMTQyYWJkL3Byb3ZpZGVycy9NaWNyb3NvZnQuRG9jdW1lbnREQi9sb2NhdGlvbnMvZWFzdHVzMi9vcGVyYXRpb25zU3RhdHVzLzcxYWY3MzMxLWFkM2UtNDM4ZC1iZDgzLTMzZGQ0Y2E5YTcwND9hcGktdmVyc2lvbj0yMDIwLTAzLTAx",
>>>>>>> e5fcd5c7b105c638909ca50ef4370d71fce2137e
      "RequestMethod": "GET",
      "RequestBody": "",
      "RequestHeaders": {
        "User-Agent": [
<<<<<<< HEAD
          "FxVersion/4.6.27817.03",
          "OSName/Windows",
          "OSVersion/Microsoft.Windows.10.0.18363.",
          "Microsoft.Azure.Management.CosmosDB.CosmosDBManagementClient/1.0.0.0"
=======
          "FxVersion/4.6.28207.03",
          "OSName/Windows",
          "OSVersion/Microsoft.Windows.10.0.18363.",
          "Microsoft.Azure.Management.CosmosDB.CosmosDBManagementClient/1.1.0.0"
>>>>>>> e5fcd5c7b105c638909ca50ef4370d71fce2137e
        ]
      },
      "ResponseHeaders": {
        "Cache-Control": [
          "no-store, no-cache"
        ],
        "Pragma": [
          "no-cache"
        ],
        "Strict-Transport-Security": [
          "max-age=31536000; includeSubDomains"
        ],
        "x-ms-gatewayversion": [
<<<<<<< HEAD
          "version=2.9.2"
=======
          "version=2.10.0"
>>>>>>> e5fcd5c7b105c638909ca50ef4370d71fce2137e
        ],
        "Server": [
          "Microsoft-HTTPAPI/2.0"
        ],
        "x-ms-ratelimit-remaining-subscription-reads": [
          "11993"
        ],
        "x-ms-request-id": [
<<<<<<< HEAD
          "4b8aa1f6-5d37-4737-aa8f-feb02732835a"
        ],
        "x-ms-correlation-request-id": [
          "4b8aa1f6-5d37-4737-aa8f-feb02732835a"
        ],
        "x-ms-routing-request-id": [
          "WESTUS:20200116T211909Z:4b8aa1f6-5d37-4737-aa8f-feb02732835a"
=======
          "4deb657f-a05f-4333-841f-8d0817f52836"
        ],
        "x-ms-correlation-request-id": [
          "4deb657f-a05f-4333-841f-8d0817f52836"
        ],
        "x-ms-routing-request-id": [
          "WESTUS:20200409T005555Z:4deb657f-a05f-4333-841f-8d0817f52836"
>>>>>>> e5fcd5c7b105c638909ca50ef4370d71fce2137e
        ],
        "X-Content-Type-Options": [
          "nosniff"
        ],
        "Date": [
<<<<<<< HEAD
          "Thu, 16 Jan 2020 21:19:08 GMT"
        ],
        "Content-Length": [
          "33"
=======
          "Thu, 09 Apr 2020 00:55:55 GMT"
        ],
        "Content-Length": [
          "22"
>>>>>>> e5fcd5c7b105c638909ca50ef4370d71fce2137e
        ],
        "Content-Type": [
          "application/json"
        ],
        "Content-Location": [
<<<<<<< HEAD
          "https://management.documents.azure.com:450/subscriptions/12053b8f-cab5-4f5c-9c1a-870580142abd/providers/Microsoft.DocumentDB/locations/eastus/operationsStatus/ebeeb6b4-9338-4f40-9be7-0aa1e2606afc?api-version=2019-08-01"
        ]
      },
      "ResponseBody": "{\r\n  \"status\": \"Succeeded\",\r\n  \"error\": {}\r\n}",
      "StatusCode": 200
    },
    {
      "RequestUri": "/subscriptions/12053b8f-cab5-4f5c-9c1a-870580142abd/resourceGroups/CosmosDBResourceGroup27/providers/Microsoft.DocumentDB/databaseAccounts/dbaccount27/listKeys?api-version=2019-08-01",
      "EncodedRequestUri": "L3N1YnNjcmlwdGlvbnMvMTIwNTNiOGYtY2FiNS00ZjVjLTljMWEtODcwNTgwMTQyYWJkL3Jlc291cmNlR3JvdXBzL0Nvc21vc0RCUmVzb3VyY2VHcm91cDI3L3Byb3ZpZGVycy9NaWNyb3NvZnQuRG9jdW1lbnREQi9kYXRhYmFzZUFjY291bnRzL2RiYWNjb3VudDI3L2xpc3RLZXlzP2FwaS12ZXJzaW9uPTIwMTktMDgtMDE=",
=======
          "https://management.documents.azure.com:450/subscriptions/12053b8f-cab5-4f5c-9c1a-870580142abd/providers/Microsoft.DocumentDB/locations/eastus2/operationsStatus/71af7331-ad3e-438d-bd83-33dd4ca9a704?api-version=2020-03-01"
        ]
      },
      "ResponseBody": "{\r\n  \"status\": \"Succeeded\"\r\n}",
      "StatusCode": 200
    },
    {
      "RequestUri": "/subscriptions/12053b8f-cab5-4f5c-9c1a-870580142abd/resourceGroups/CosmosDBResourceGroup27/providers/Microsoft.DocumentDB/databaseAccounts/dbaccount27/listKeys?api-version=2020-03-01",
      "EncodedRequestUri": "L3N1YnNjcmlwdGlvbnMvMTIwNTNiOGYtY2FiNS00ZjVjLTljMWEtODcwNTgwMTQyYWJkL3Jlc291cmNlR3JvdXBzL0Nvc21vc0RCUmVzb3VyY2VHcm91cDI3L3Byb3ZpZGVycy9NaWNyb3NvZnQuRG9jdW1lbnREQi9kYXRhYmFzZUFjY291bnRzL2RiYWNjb3VudDI3L2xpc3RLZXlzP2FwaS12ZXJzaW9uPTIwMjAtMDMtMDE=",
>>>>>>> e5fcd5c7b105c638909ca50ef4370d71fce2137e
      "RequestMethod": "POST",
      "RequestBody": "",
      "RequestHeaders": {
        "x-ms-client-request-id": [
<<<<<<< HEAD
          "602b55e0-ecf7-4bf7-a0a8-9b76922b5eac"
=======
          "023c1137-f9b6-4659-babb-125c1e12982c"
>>>>>>> e5fcd5c7b105c638909ca50ef4370d71fce2137e
        ],
        "Accept-Language": [
          "en-US"
        ],
        "User-Agent": [
<<<<<<< HEAD
          "FxVersion/4.6.27817.03",
          "OSName/Windows",
          "OSVersion/Microsoft.Windows.10.0.18363.",
          "Microsoft.Azure.Management.CosmosDB.CosmosDBManagementClient/1.0.0.0"
=======
          "FxVersion/4.6.28207.03",
          "OSName/Windows",
          "OSVersion/Microsoft.Windows.10.0.18363.",
          "Microsoft.Azure.Management.CosmosDB.CosmosDBManagementClient/1.1.0.0"
>>>>>>> e5fcd5c7b105c638909ca50ef4370d71fce2137e
        ]
      },
      "ResponseHeaders": {
        "Cache-Control": [
          "no-store, no-cache"
        ],
        "Pragma": [
          "no-cache"
        ],
        "Strict-Transport-Security": [
          "max-age=31536000; includeSubDomains"
        ],
        "x-ms-gatewayversion": [
<<<<<<< HEAD
          "version=2.9.2"
=======
          "version=2.10.0"
>>>>>>> e5fcd5c7b105c638909ca50ef4370d71fce2137e
        ],
        "Server": [
          "Microsoft-HTTPAPI/2.0"
        ],
        "x-ms-ratelimit-remaining-subscription-writes": [
          "1199"
        ],
        "x-ms-request-id": [
<<<<<<< HEAD
          "bc33f8ff-3c12-4336-a476-133a55c53317"
        ],
        "x-ms-correlation-request-id": [
          "bc33f8ff-3c12-4336-a476-133a55c53317"
        ],
        "x-ms-routing-request-id": [
          "WESTUS:20200116T211910Z:bc33f8ff-3c12-4336-a476-133a55c53317"
=======
          "149ab9aa-4ec6-4ffb-82f0-20cdec701635"
        ],
        "x-ms-correlation-request-id": [
          "149ab9aa-4ec6-4ffb-82f0-20cdec701635"
        ],
        "x-ms-routing-request-id": [
          "WESTUS:20200409T005556Z:149ab9aa-4ec6-4ffb-82f0-20cdec701635"
>>>>>>> e5fcd5c7b105c638909ca50ef4370d71fce2137e
        ],
        "X-Content-Type-Options": [
          "nosniff"
        ],
        "Date": [
<<<<<<< HEAD
          "Thu, 16 Jan 2020 21:19:09 GMT"
=======
          "Thu, 09 Apr 2020 00:55:55 GMT"
>>>>>>> e5fcd5c7b105c638909ca50ef4370d71fce2137e
        ],
        "Content-Length": [
          "461"
        ],
        "Content-Type": [
          "application/json"
        ]
      },
<<<<<<< HEAD
      "ResponseBody": "{\r\n  \"primaryMasterKey\": \"9cnulNM112ZeBvICGKjtTFS8oj5rVuEamPZsOTYW9etmeSGIAcx0GbnrlfFATlHiQWJb2ozeDHs6YSs1TYgqCw==\",\r\n  \"secondaryMasterKey\": \"U5ja3E5PmWcZGCPyvHNFtQWqZ1Nr6uqsviXwSmUTMqYqL7JhHZGj7aFGBLY8M0jrcl3jv8IKCVXM5MCSkGcoZg==\",\r\n  \"primaryReadonlyMasterKey\": \"3oI3Lp0Fh1eBkWVCPsD9cgpPgyxajlnCydzrDyaUnnijVbUz3ZMiPRITw7zt1i6tKbDZUaA2pIop8E87a7LHpA==\",\r\n  \"secondaryReadonlyMasterKey\": \"eVQpVJEgwSze2Yosi6euCwXsBNUrnjlTQwYmBVOHa78B7zhxd3r0eHH32D3BuhLEE37JdEX0YkNPEuuHbNHzVA==\"\r\n}",
      "StatusCode": 200
    },
    {
      "RequestUri": "/subscriptions/12053b8f-cab5-4f5c-9c1a-870580142abd/resourceGroups/CosmosDBResourceGroup27/providers/Microsoft.DocumentDB/databaseAccounts/dbaccount27/listKeys?api-version=2019-08-01",
      "EncodedRequestUri": "L3N1YnNjcmlwdGlvbnMvMTIwNTNiOGYtY2FiNS00ZjVjLTljMWEtODcwNTgwMTQyYWJkL3Jlc291cmNlR3JvdXBzL0Nvc21vc0RCUmVzb3VyY2VHcm91cDI3L3Byb3ZpZGVycy9NaWNyb3NvZnQuRG9jdW1lbnREQi9kYXRhYmFzZUFjY291bnRzL2RiYWNjb3VudDI3L2xpc3RLZXlzP2FwaS12ZXJzaW9uPTIwMTktMDgtMDE=",
=======
      "ResponseBody": "{\r\n  \"primaryMasterKey\": \"Sy7iVGEqoIwOBikHiOUbsHbvsEPOMrdZZCi2cpA3W9DejZqCEcpb8YUbfiUXZK68s25fj6iLm33KoXr5zIEsCA==\",\r\n  \"secondaryMasterKey\": \"jzvLH9x8luzaykqHWLtJ1K5lUn1S5dTn1veIkwPSboE33cbzwzr8fZFd7v6bF2HtFt2uxoOJfFesxyvtzIjLAQ==\",\r\n  \"primaryReadonlyMasterKey\": \"gAWOy9r6RUiTccGz2lViOPMs1dvHI0M8hNGmK0TNMdhIkzedGYcoRkV0Hr6ojhA1Bucozv97uPZPxb2eh3q2Zw==\",\r\n  \"secondaryReadonlyMasterKey\": \"CWkJAbZsRvZYXGoPI2KT8opjw4O0T3UlsxROHn6sd4A7yAvzi4gWFU9urj2FrJ5erQZS8ma2lKSjib5k6rGgnQ==\"\r\n}",
      "StatusCode": 200
    },
    {
      "RequestUri": "/subscriptions/12053b8f-cab5-4f5c-9c1a-870580142abd/resourceGroups/CosmosDBResourceGroup27/providers/Microsoft.DocumentDB/databaseAccounts/dbaccount27/listKeys?api-version=2020-03-01",
      "EncodedRequestUri": "L3N1YnNjcmlwdGlvbnMvMTIwNTNiOGYtY2FiNS00ZjVjLTljMWEtODcwNTgwMTQyYWJkL3Jlc291cmNlR3JvdXBzL0Nvc21vc0RCUmVzb3VyY2VHcm91cDI3L3Byb3ZpZGVycy9NaWNyb3NvZnQuRG9jdW1lbnREQi9kYXRhYmFzZUFjY291bnRzL2RiYWNjb3VudDI3L2xpc3RLZXlzP2FwaS12ZXJzaW9uPTIwMjAtMDMtMDE=",
>>>>>>> e5fcd5c7b105c638909ca50ef4370d71fce2137e
      "RequestMethod": "POST",
      "RequestBody": "",
      "RequestHeaders": {
        "x-ms-client-request-id": [
<<<<<<< HEAD
          "31f112c1-834f-4eb5-8182-fe57edd43b6a"
=======
          "e1250a72-4cc6-45cf-87ed-bb2c86eceffd"
>>>>>>> e5fcd5c7b105c638909ca50ef4370d71fce2137e
        ],
        "Accept-Language": [
          "en-US"
        ],
        "User-Agent": [
<<<<<<< HEAD
          "FxVersion/4.6.27817.03",
          "OSName/Windows",
          "OSVersion/Microsoft.Windows.10.0.18363.",
          "Microsoft.Azure.Management.CosmosDB.CosmosDBManagementClient/1.0.0.0"
=======
          "FxVersion/4.6.28207.03",
          "OSName/Windows",
          "OSVersion/Microsoft.Windows.10.0.18363.",
          "Microsoft.Azure.Management.CosmosDB.CosmosDBManagementClient/1.1.0.0"
>>>>>>> e5fcd5c7b105c638909ca50ef4370d71fce2137e
        ]
      },
      "ResponseHeaders": {
        "Cache-Control": [
          "no-store, no-cache"
        ],
        "Pragma": [
          "no-cache"
        ],
        "Strict-Transport-Security": [
          "max-age=31536000; includeSubDomains"
        ],
        "x-ms-gatewayversion": [
<<<<<<< HEAD
          "version=2.9.2"
=======
          "version=2.10.0"
>>>>>>> e5fcd5c7b105c638909ca50ef4370d71fce2137e
        ],
        "Server": [
          "Microsoft-HTTPAPI/2.0"
        ],
        "x-ms-ratelimit-remaining-subscription-writes": [
          "1195"
        ],
        "x-ms-request-id": [
<<<<<<< HEAD
          "2f1c56db-5b72-4e51-9c2b-3c55b6019616"
        ],
        "x-ms-correlation-request-id": [
          "2f1c56db-5b72-4e51-9c2b-3c55b6019616"
        ],
        "x-ms-routing-request-id": [
          "WESTUS:20200116T212044Z:2f1c56db-5b72-4e51-9c2b-3c55b6019616"
=======
          "4da22064-ad0e-42d6-870b-b8279a684058"
        ],
        "x-ms-correlation-request-id": [
          "4da22064-ad0e-42d6-870b-b8279a684058"
        ],
        "x-ms-routing-request-id": [
          "WESTUS:20200409T005729Z:4da22064-ad0e-42d6-870b-b8279a684058"
>>>>>>> e5fcd5c7b105c638909ca50ef4370d71fce2137e
        ],
        "X-Content-Type-Options": [
          "nosniff"
        ],
        "Date": [
<<<<<<< HEAD
          "Thu, 16 Jan 2020 21:20:44 GMT"
=======
          "Thu, 09 Apr 2020 00:57:29 GMT"
>>>>>>> e5fcd5c7b105c638909ca50ef4370d71fce2137e
        ],
        "Content-Length": [
          "461"
        ],
        "Content-Type": [
          "application/json"
        ]
      },
<<<<<<< HEAD
      "ResponseBody": "{\r\n  \"primaryMasterKey\": \"9cnulNM112ZeBvICGKjtTFS8oj5rVuEamPZsOTYW9etmeSGIAcx0GbnrlfFATlHiQWJb2ozeDHs6YSs1TYgqCw==\",\r\n  \"secondaryMasterKey\": \"U5ja3E5PmWcZGCPyvHNFtQWqZ1Nr6uqsviXwSmUTMqYqL7JhHZGj7aFGBLY8M0jrcl3jv8IKCVXM5MCSkGcoZg==\",\r\n  \"primaryReadonlyMasterKey\": \"3oI3Lp0Fh1eBkWVCPsD9cgpPgyxajlnCydzrDyaUnnijVbUz3ZMiPRITw7zt1i6tKbDZUaA2pIop8E87a7LHpA==\",\r\n  \"secondaryReadonlyMasterKey\": \"zZfTywqDsq0iYSRguEjsXDlVSNSGF871rCa5rWlpqfxsA3gnteUlkf6ZDK9etNxxS029pMbNgDfZBlj7nHQiHw==\"\r\n}",
      "StatusCode": 200
    },
    {
      "RequestUri": "/subscriptions/12053b8f-cab5-4f5c-9c1a-870580142abd/resourceGroups/CosmosDBResourceGroup27/providers/Microsoft.DocumentDB/databaseAccounts/dbaccount27/listConnectionStrings?api-version=2019-08-01",
      "EncodedRequestUri": "L3N1YnNjcmlwdGlvbnMvMTIwNTNiOGYtY2FiNS00ZjVjLTljMWEtODcwNTgwMTQyYWJkL3Jlc291cmNlR3JvdXBzL0Nvc21vc0RCUmVzb3VyY2VHcm91cDI3L3Byb3ZpZGVycy9NaWNyb3NvZnQuRG9jdW1lbnREQi9kYXRhYmFzZUFjY291bnRzL2RiYWNjb3VudDI3L2xpc3RDb25uZWN0aW9uU3RyaW5ncz9hcGktdmVyc2lvbj0yMDE5LTA4LTAx",
=======
      "ResponseBody": "{\r\n  \"primaryMasterKey\": \"Sy7iVGEqoIwOBikHiOUbsHbvsEPOMrdZZCi2cpA3W9DejZqCEcpb8YUbfiUXZK68s25fj6iLm33KoXr5zIEsCA==\",\r\n  \"secondaryMasterKey\": \"jzvLH9x8luzaykqHWLtJ1K5lUn1S5dTn1veIkwPSboE33cbzwzr8fZFd7v6bF2HtFt2uxoOJfFesxyvtzIjLAQ==\",\r\n  \"primaryReadonlyMasterKey\": \"gAWOy9r6RUiTccGz2lViOPMs1dvHI0M8hNGmK0TNMdhIkzedGYcoRkV0Hr6ojhA1Bucozv97uPZPxb2eh3q2Zw==\",\r\n  \"secondaryReadonlyMasterKey\": \"SVUIc624JhgKP9HnHkcaYn6Rf1nnhOtfsKhMRu7WcIG9UOntn5o4z45HVsp6bnQZcSLceymzxcUUlmAM78LlfQ==\"\r\n}",
      "StatusCode": 200
    },
    {
      "RequestUri": "/subscriptions/12053b8f-cab5-4f5c-9c1a-870580142abd/resourceGroups/CosmosDBResourceGroup27/providers/Microsoft.DocumentDB/databaseAccounts/dbaccount27/listConnectionStrings?api-version=2020-03-01",
      "EncodedRequestUri": "L3N1YnNjcmlwdGlvbnMvMTIwNTNiOGYtY2FiNS00ZjVjLTljMWEtODcwNTgwMTQyYWJkL3Jlc291cmNlR3JvdXBzL0Nvc21vc0RCUmVzb3VyY2VHcm91cDI3L3Byb3ZpZGVycy9NaWNyb3NvZnQuRG9jdW1lbnREQi9kYXRhYmFzZUFjY291bnRzL2RiYWNjb3VudDI3L2xpc3RDb25uZWN0aW9uU3RyaW5ncz9hcGktdmVyc2lvbj0yMDIwLTAzLTAx",
>>>>>>> e5fcd5c7b105c638909ca50ef4370d71fce2137e
      "RequestMethod": "POST",
      "RequestBody": "",
      "RequestHeaders": {
        "x-ms-client-request-id": [
<<<<<<< HEAD
          "4670d5ef-c7ba-4ab1-807c-b5752f7f9677"
=======
          "b925e906-1422-4218-a340-7a9d5a0d8bfa"
>>>>>>> e5fcd5c7b105c638909ca50ef4370d71fce2137e
        ],
        "Accept-Language": [
          "en-US"
        ],
        "User-Agent": [
<<<<<<< HEAD
          "FxVersion/4.6.27817.03",
          "OSName/Windows",
          "OSVersion/Microsoft.Windows.10.0.18363.",
          "Microsoft.Azure.Management.CosmosDB.CosmosDBManagementClient/1.0.0.0"
=======
          "FxVersion/4.6.28207.03",
          "OSName/Windows",
          "OSVersion/Microsoft.Windows.10.0.18363.",
          "Microsoft.Azure.Management.CosmosDB.CosmosDBManagementClient/1.1.0.0"
>>>>>>> e5fcd5c7b105c638909ca50ef4370d71fce2137e
        ]
      },
      "ResponseHeaders": {
        "Cache-Control": [
          "no-store, no-cache"
        ],
        "Pragma": [
          "no-cache"
        ],
        "Strict-Transport-Security": [
          "max-age=31536000; includeSubDomains"
        ],
        "x-ms-gatewayversion": [
<<<<<<< HEAD
          "version=2.9.2"
=======
          "version=2.10.0"
>>>>>>> e5fcd5c7b105c638909ca50ef4370d71fce2137e
        ],
        "Server": [
          "Microsoft-HTTPAPI/2.0"
        ],
        "x-ms-ratelimit-remaining-subscription-writes": [
          "1198"
        ],
        "x-ms-request-id": [
<<<<<<< HEAD
          "65b22bfb-ccf5-4b59-a00c-3b7561e19404"
        ],
        "x-ms-correlation-request-id": [
          "65b22bfb-ccf5-4b59-a00c-3b7561e19404"
        ],
        "x-ms-routing-request-id": [
          "WESTUS:20200116T211910Z:65b22bfb-ccf5-4b59-a00c-3b7561e19404"
=======
          "d1b2c274-a9ff-472a-95c9-5e402b90c3e5"
        ],
        "x-ms-correlation-request-id": [
          "d1b2c274-a9ff-472a-95c9-5e402b90c3e5"
        ],
        "x-ms-routing-request-id": [
          "WESTUS:20200409T005556Z:d1b2c274-a9ff-472a-95c9-5e402b90c3e5"
>>>>>>> e5fcd5c7b105c638909ca50ef4370d71fce2137e
        ],
        "X-Content-Type-Options": [
          "nosniff"
        ],
        "Date": [
<<<<<<< HEAD
          "Thu, 16 Jan 2020 21:19:10 GMT"
=======
          "Thu, 09 Apr 2020 00:55:55 GMT"
>>>>>>> e5fcd5c7b105c638909ca50ef4370d71fce2137e
        ],
        "Content-Length": [
          "971"
        ],
        "Content-Type": [
          "application/json"
        ]
      },
<<<<<<< HEAD
      "ResponseBody": "{\r\n  \"connectionStrings\": [\r\n    {\r\n      \"connectionString\": \"AccountEndpoint=https://dbaccount27.documents.azure.com:443/;AccountKey=9cnulNM112ZeBvICGKjtTFS8oj5rVuEamPZsOTYW9etmeSGIAcx0GbnrlfFATlHiQWJb2ozeDHs6YSs1TYgqCw==;\",\r\n      \"description\": \"Primary SQL Connection String\"\r\n    },\r\n    {\r\n      \"connectionString\": \"AccountEndpoint=https://dbaccount27.documents.azure.com:443/;AccountKey=U5ja3E5PmWcZGCPyvHNFtQWqZ1Nr6uqsviXwSmUTMqYqL7JhHZGj7aFGBLY8M0jrcl3jv8IKCVXM5MCSkGcoZg==;\",\r\n      \"description\": \"Secondary SQL Connection String\"\r\n    },\r\n    {\r\n      \"connectionString\": \"AccountEndpoint=https://dbaccount27.documents.azure.com:443/;AccountKey=3oI3Lp0Fh1eBkWVCPsD9cgpPgyxajlnCydzrDyaUnnijVbUz3ZMiPRITw7zt1i6tKbDZUaA2pIop8E87a7LHpA==;\",\r\n      \"description\": \"Primary Read-Only SQL Connection String\"\r\n    },\r\n    {\r\n      \"connectionString\": \"AccountEndpoint=https://dbaccount27.documents.azure.com:443/;AccountKey=eVQpVJEgwSze2Yosi6euCwXsBNUrnjlTQwYmBVOHa78B7zhxd3r0eHH32D3BuhLEE37JdEX0YkNPEuuHbNHzVA==;\",\r\n      \"description\": \"Secondary Read-Only SQL Connection String\"\r\n    }\r\n  ]\r\n}",
      "StatusCode": 200
    },
    {
      "RequestUri": "/subscriptions/12053b8f-cab5-4f5c-9c1a-870580142abd/resourceGroups/CosmosDBResourceGroup27/providers/Microsoft.DocumentDB/databaseAccounts/dbaccount27/readonlykeys?api-version=2019-08-01",
      "EncodedRequestUri": "L3N1YnNjcmlwdGlvbnMvMTIwNTNiOGYtY2FiNS00ZjVjLTljMWEtODcwNTgwMTQyYWJkL3Jlc291cmNlR3JvdXBzL0Nvc21vc0RCUmVzb3VyY2VHcm91cDI3L3Byb3ZpZGVycy9NaWNyb3NvZnQuRG9jdW1lbnREQi9kYXRhYmFzZUFjY291bnRzL2RiYWNjb3VudDI3L3JlYWRvbmx5a2V5cz9hcGktdmVyc2lvbj0yMDE5LTA4LTAx",
=======
      "ResponseBody": "{\r\n  \"connectionStrings\": [\r\n    {\r\n      \"connectionString\": \"AccountEndpoint=https://dbaccount27.documents.azure.com:443/;AccountKey=Sy7iVGEqoIwOBikHiOUbsHbvsEPOMrdZZCi2cpA3W9DejZqCEcpb8YUbfiUXZK68s25fj6iLm33KoXr5zIEsCA==;\",\r\n      \"description\": \"Primary SQL Connection String\"\r\n    },\r\n    {\r\n      \"connectionString\": \"AccountEndpoint=https://dbaccount27.documents.azure.com:443/;AccountKey=jzvLH9x8luzaykqHWLtJ1K5lUn1S5dTn1veIkwPSboE33cbzwzr8fZFd7v6bF2HtFt2uxoOJfFesxyvtzIjLAQ==;\",\r\n      \"description\": \"Secondary SQL Connection String\"\r\n    },\r\n    {\r\n      \"connectionString\": \"AccountEndpoint=https://dbaccount27.documents.azure.com:443/;AccountKey=gAWOy9r6RUiTccGz2lViOPMs1dvHI0M8hNGmK0TNMdhIkzedGYcoRkV0Hr6ojhA1Bucozv97uPZPxb2eh3q2Zw==;\",\r\n      \"description\": \"Primary Read-Only SQL Connection String\"\r\n    },\r\n    {\r\n      \"connectionString\": \"AccountEndpoint=https://dbaccount27.documents.azure.com:443/;AccountKey=CWkJAbZsRvZYXGoPI2KT8opjw4O0T3UlsxROHn6sd4A7yAvzi4gWFU9urj2FrJ5erQZS8ma2lKSjib5k6rGgnQ==;\",\r\n      \"description\": \"Secondary Read-Only SQL Connection String\"\r\n    }\r\n  ]\r\n}",
      "StatusCode": 200
    },
    {
      "RequestUri": "/subscriptions/12053b8f-cab5-4f5c-9c1a-870580142abd/resourceGroups/CosmosDBResourceGroup27/providers/Microsoft.DocumentDB/databaseAccounts/dbaccount27/readonlykeys?api-version=2020-03-01",
      "EncodedRequestUri": "L3N1YnNjcmlwdGlvbnMvMTIwNTNiOGYtY2FiNS00ZjVjLTljMWEtODcwNTgwMTQyYWJkL3Jlc291cmNlR3JvdXBzL0Nvc21vc0RCUmVzb3VyY2VHcm91cDI3L3Byb3ZpZGVycy9NaWNyb3NvZnQuRG9jdW1lbnREQi9kYXRhYmFzZUFjY291bnRzL2RiYWNjb3VudDI3L3JlYWRvbmx5a2V5cz9hcGktdmVyc2lvbj0yMDIwLTAzLTAx",
>>>>>>> e5fcd5c7b105c638909ca50ef4370d71fce2137e
      "RequestMethod": "POST",
      "RequestBody": "",
      "RequestHeaders": {
        "x-ms-client-request-id": [
<<<<<<< HEAD
          "d04c9c57-72af-4e6d-9643-bbf8e6fd5496"
=======
          "4f8ed6f4-ee30-4752-bafb-1597d6a5c940"
>>>>>>> e5fcd5c7b105c638909ca50ef4370d71fce2137e
        ],
        "Accept-Language": [
          "en-US"
        ],
        "User-Agent": [
<<<<<<< HEAD
          "FxVersion/4.6.27817.03",
          "OSName/Windows",
          "OSVersion/Microsoft.Windows.10.0.18363.",
          "Microsoft.Azure.Management.CosmosDB.CosmosDBManagementClient/1.0.0.0"
=======
          "FxVersion/4.6.28207.03",
          "OSName/Windows",
          "OSVersion/Microsoft.Windows.10.0.18363.",
          "Microsoft.Azure.Management.CosmosDB.CosmosDBManagementClient/1.1.0.0"
>>>>>>> e5fcd5c7b105c638909ca50ef4370d71fce2137e
        ]
      },
      "ResponseHeaders": {
        "Cache-Control": [
          "no-store, no-cache"
        ],
        "Pragma": [
          "no-cache"
        ],
        "Strict-Transport-Security": [
          "max-age=31536000; includeSubDomains"
        ],
        "x-ms-gatewayversion": [
<<<<<<< HEAD
          "version=2.9.2"
=======
          "version=2.10.0"
>>>>>>> e5fcd5c7b105c638909ca50ef4370d71fce2137e
        ],
        "Server": [
          "Microsoft-HTTPAPI/2.0"
        ],
        "x-ms-ratelimit-remaining-subscription-writes": [
          "1197"
        ],
        "x-ms-request-id": [
<<<<<<< HEAD
          "5ece84ba-1b3c-4bf3-a416-f4fdba0d4c0c"
        ],
        "x-ms-correlation-request-id": [
          "5ece84ba-1b3c-4bf3-a416-f4fdba0d4c0c"
        ],
        "x-ms-routing-request-id": [
          "WESTUS:20200116T211911Z:5ece84ba-1b3c-4bf3-a416-f4fdba0d4c0c"
=======
          "c97eb65a-2de7-421c-b7f0-ea281885abee"
        ],
        "x-ms-correlation-request-id": [
          "c97eb65a-2de7-421c-b7f0-ea281885abee"
        ],
        "x-ms-routing-request-id": [
          "WESTUS:20200409T005557Z:c97eb65a-2de7-421c-b7f0-ea281885abee"
>>>>>>> e5fcd5c7b105c638909ca50ef4370d71fce2137e
        ],
        "X-Content-Type-Options": [
          "nosniff"
        ],
        "Date": [
<<<<<<< HEAD
          "Thu, 16 Jan 2020 21:19:10 GMT"
=======
          "Thu, 09 Apr 2020 00:55:57 GMT"
>>>>>>> e5fcd5c7b105c638909ca50ef4370d71fce2137e
        ],
        "Content-Length": [
          "239"
        ],
        "Content-Type": [
          "application/json"
        ]
      },
<<<<<<< HEAD
      "ResponseBody": "{\r\n  \"primaryReadonlyMasterKey\": \"3oI3Lp0Fh1eBkWVCPsD9cgpPgyxajlnCydzrDyaUnnijVbUz3ZMiPRITw7zt1i6tKbDZUaA2pIop8E87a7LHpA==\",\r\n  \"secondaryReadonlyMasterKey\": \"eVQpVJEgwSze2Yosi6euCwXsBNUrnjlTQwYmBVOHa78B7zhxd3r0eHH32D3BuhLEE37JdEX0YkNPEuuHbNHzVA==\"\r\n}",
      "StatusCode": 200
    },
    {
      "RequestUri": "/subscriptions/12053b8f-cab5-4f5c-9c1a-870580142abd/resourceGroups/CosmosDBResourceGroup27/providers/Microsoft.DocumentDB/databaseAccounts/dbaccount27/regenerateKey?api-version=2019-08-01",
      "EncodedRequestUri": "L3N1YnNjcmlwdGlvbnMvMTIwNTNiOGYtY2FiNS00ZjVjLTljMWEtODcwNTgwMTQyYWJkL3Jlc291cmNlR3JvdXBzL0Nvc21vc0RCUmVzb3VyY2VHcm91cDI3L3Byb3ZpZGVycy9NaWNyb3NvZnQuRG9jdW1lbnREQi9kYXRhYmFzZUFjY291bnRzL2RiYWNjb3VudDI3L3JlZ2VuZXJhdGVLZXk/YXBpLXZlcnNpb249MjAxOS0wOC0wMQ==",
=======
      "ResponseBody": "{\r\n  \"primaryReadonlyMasterKey\": \"gAWOy9r6RUiTccGz2lViOPMs1dvHI0M8hNGmK0TNMdhIkzedGYcoRkV0Hr6ojhA1Bucozv97uPZPxb2eh3q2Zw==\",\r\n  \"secondaryReadonlyMasterKey\": \"CWkJAbZsRvZYXGoPI2KT8opjw4O0T3UlsxROHn6sd4A7yAvzi4gWFU9urj2FrJ5erQZS8ma2lKSjib5k6rGgnQ==\"\r\n}",
      "StatusCode": 200
    },
    {
      "RequestUri": "/subscriptions/12053b8f-cab5-4f5c-9c1a-870580142abd/resourceGroups/CosmosDBResourceGroup27/providers/Microsoft.DocumentDB/databaseAccounts/dbaccount27/regenerateKey?api-version=2020-03-01",
      "EncodedRequestUri": "L3N1YnNjcmlwdGlvbnMvMTIwNTNiOGYtY2FiNS00ZjVjLTljMWEtODcwNTgwMTQyYWJkL3Jlc291cmNlR3JvdXBzL0Nvc21vc0RCUmVzb3VyY2VHcm91cDI3L3Byb3ZpZGVycy9NaWNyb3NvZnQuRG9jdW1lbnREQi9kYXRhYmFzZUFjY291bnRzL2RiYWNjb3VudDI3L3JlZ2VuZXJhdGVLZXk/YXBpLXZlcnNpb249MjAyMC0wMy0wMQ==",
>>>>>>> e5fcd5c7b105c638909ca50ef4370d71fce2137e
      "RequestMethod": "POST",
      "RequestBody": "{\r\n  \"keyKind\": \"secondaryReadonly\"\r\n}",
      "RequestHeaders": {
        "x-ms-client-request-id": [
<<<<<<< HEAD
          "c8d0138d-5ce4-414c-96c3-21a76e74569b"
=======
          "8b1089bb-37c4-4dd2-9f4b-4a97cb4c3730"
>>>>>>> e5fcd5c7b105c638909ca50ef4370d71fce2137e
        ],
        "Accept-Language": [
          "en-US"
        ],
        "User-Agent": [
<<<<<<< HEAD
          "FxVersion/4.6.27817.03",
          "OSName/Windows",
          "OSVersion/Microsoft.Windows.10.0.18363.",
          "Microsoft.Azure.Management.CosmosDB.CosmosDBManagementClient/1.0.0.0"
=======
          "FxVersion/4.6.28207.03",
          "OSName/Windows",
          "OSVersion/Microsoft.Windows.10.0.18363.",
          "Microsoft.Azure.Management.CosmosDB.CosmosDBManagementClient/1.1.0.0"
>>>>>>> e5fcd5c7b105c638909ca50ef4370d71fce2137e
        ],
        "Content-Type": [
          "application/json; charset=utf-8"
        ],
        "Content-Length": [
          "38"
        ]
      },
      "ResponseHeaders": {
        "Cache-Control": [
          "no-store, no-cache"
        ],
        "Pragma": [
          "no-cache"
        ],
        "Location": [
<<<<<<< HEAD
          "https://management.azure.com/subscriptions/12053b8f-cab5-4f5c-9c1a-870580142abd/resourceGroups/CosmosDBResourceGroup27/providers/Microsoft.DocumentDB/databaseAccounts/dbaccount27/regenerateKey/operationResults/13c75c29-4e2f-4915-8a6b-8584e66763c3?api-version=2019-08-01"
        ],
        "Azure-AsyncOperation": [
          "https://management.azure.com/subscriptions/12053b8f-cab5-4f5c-9c1a-870580142abd/providers/Microsoft.DocumentDB/locations/eastus/operationsStatus/13c75c29-4e2f-4915-8a6b-8584e66763c3?api-version=2019-08-01"
        ],
        "x-ms-request-id": [
          "13c75c29-4e2f-4915-8a6b-8584e66763c3"
=======
          "https://management.azure.com/subscriptions/12053b8f-cab5-4f5c-9c1a-870580142abd/resourceGroups/CosmosDBResourceGroup27/providers/Microsoft.DocumentDB/databaseAccounts/dbaccount27/regenerateKey/operationResults/a8d93623-be43-4a17-be3b-1c9f93ae8fc4?api-version=2020-03-01"
        ],
        "Azure-AsyncOperation": [
          "https://management.azure.com/subscriptions/12053b8f-cab5-4f5c-9c1a-870580142abd/providers/Microsoft.DocumentDB/locations/eastus2/operationsStatus/a8d93623-be43-4a17-be3b-1c9f93ae8fc4?api-version=2020-03-01"
        ],
        "x-ms-request-id": [
          "a8d93623-be43-4a17-be3b-1c9f93ae8fc4"
>>>>>>> e5fcd5c7b105c638909ca50ef4370d71fce2137e
        ],
        "Strict-Transport-Security": [
          "max-age=31536000; includeSubDomains"
        ],
        "x-ms-gatewayversion": [
<<<<<<< HEAD
          "version=2.9.2"
=======
          "version=2.10.0"
>>>>>>> e5fcd5c7b105c638909ca50ef4370d71fce2137e
        ],
        "Server": [
          "Microsoft-HTTPAPI/2.0"
        ],
        "x-ms-ratelimit-remaining-subscription-writes": [
          "1196"
        ],
        "x-ms-correlation-request-id": [
<<<<<<< HEAD
          "1a0a43db-9bfd-47f5-a056-eb391417552e"
        ],
        "x-ms-routing-request-id": [
          "WESTUS:20200116T211913Z:1a0a43db-9bfd-47f5-a056-eb391417552e"
=======
          "7e99443d-c035-4d3f-b3b3-2a43a46e3210"
        ],
        "x-ms-routing-request-id": [
          "WESTUS:20200409T005558Z:7e99443d-c035-4d3f-b3b3-2a43a46e3210"
>>>>>>> e5fcd5c7b105c638909ca50ef4370d71fce2137e
        ],
        "X-Content-Type-Options": [
          "nosniff"
        ],
        "Date": [
<<<<<<< HEAD
          "Thu, 16 Jan 2020 21:19:12 GMT"
        ],
        "Content-Length": [
          "32"
=======
          "Thu, 09 Apr 2020 00:55:58 GMT"
        ],
        "Content-Length": [
          "21"
>>>>>>> e5fcd5c7b105c638909ca50ef4370d71fce2137e
        ],
        "Content-Type": [
          "application/json"
        ]
      },
<<<<<<< HEAD
      "ResponseBody": "{\r\n  \"status\": \"Enqueued\",\r\n  \"error\": {}\r\n}",
      "StatusCode": 202
    },
    {
      "RequestUri": "/subscriptions/12053b8f-cab5-4f5c-9c1a-870580142abd/providers/Microsoft.DocumentDB/locations/eastus/operationsStatus/13c75c29-4e2f-4915-8a6b-8584e66763c3?api-version=2019-08-01",
      "EncodedRequestUri": "L3N1YnNjcmlwdGlvbnMvMTIwNTNiOGYtY2FiNS00ZjVjLTljMWEtODcwNTgwMTQyYWJkL3Byb3ZpZGVycy9NaWNyb3NvZnQuRG9jdW1lbnREQi9sb2NhdGlvbnMvZWFzdHVzL29wZXJhdGlvbnNTdGF0dXMvMTNjNzVjMjktNGUyZi00OTE1LThhNmItODU4NGU2Njc2M2MzP2FwaS12ZXJzaW9uPTIwMTktMDgtMDE=",
=======
      "ResponseBody": "{\r\n  \"status\": \"Enqueued\"\r\n}",
      "StatusCode": 202
    },
    {
      "RequestUri": "/subscriptions/12053b8f-cab5-4f5c-9c1a-870580142abd/providers/Microsoft.DocumentDB/locations/eastus2/operationsStatus/a8d93623-be43-4a17-be3b-1c9f93ae8fc4?api-version=2020-03-01",
      "EncodedRequestUri": "L3N1YnNjcmlwdGlvbnMvMTIwNTNiOGYtY2FiNS00ZjVjLTljMWEtODcwNTgwMTQyYWJkL3Byb3ZpZGVycy9NaWNyb3NvZnQuRG9jdW1lbnREQi9sb2NhdGlvbnMvZWFzdHVzMi9vcGVyYXRpb25zU3RhdHVzL2E4ZDkzNjIzLWJlNDMtNGExNy1iZTNiLTFjOWY5M2FlOGZjND9hcGktdmVyc2lvbj0yMDIwLTAzLTAx",
>>>>>>> e5fcd5c7b105c638909ca50ef4370d71fce2137e
      "RequestMethod": "GET",
      "RequestBody": "",
      "RequestHeaders": {
        "User-Agent": [
<<<<<<< HEAD
          "FxVersion/4.6.27817.03",
          "OSName/Windows",
          "OSVersion/Microsoft.Windows.10.0.18363.",
          "Microsoft.Azure.Management.CosmosDB.CosmosDBManagementClient/1.0.0.0"
=======
          "FxVersion/4.6.28207.03",
          "OSName/Windows",
          "OSVersion/Microsoft.Windows.10.0.18363.",
          "Microsoft.Azure.Management.CosmosDB.CosmosDBManagementClient/1.1.0.0"
>>>>>>> e5fcd5c7b105c638909ca50ef4370d71fce2137e
        ]
      },
      "ResponseHeaders": {
        "Cache-Control": [
          "no-store, no-cache"
        ],
        "Pragma": [
          "no-cache"
        ],
        "Strict-Transport-Security": [
          "max-age=31536000; includeSubDomains"
        ],
        "x-ms-gatewayversion": [
<<<<<<< HEAD
          "version=2.9.2"
=======
          "version=2.10.0"
>>>>>>> e5fcd5c7b105c638909ca50ef4370d71fce2137e
        ],
        "Server": [
          "Microsoft-HTTPAPI/2.0"
        ],
        "x-ms-ratelimit-remaining-subscription-reads": [
          "11990"
        ],
        "x-ms-request-id": [
<<<<<<< HEAD
          "93bde08a-8e3a-4ff1-9653-f864a3a9de42"
        ],
        "x-ms-correlation-request-id": [
          "93bde08a-8e3a-4ff1-9653-f864a3a9de42"
        ],
        "x-ms-routing-request-id": [
          "WESTUS:20200116T211943Z:93bde08a-8e3a-4ff1-9653-f864a3a9de42"
=======
          "67df0832-6835-4d60-a805-0ef57d98ab25"
        ],
        "x-ms-correlation-request-id": [
          "67df0832-6835-4d60-a805-0ef57d98ab25"
        ],
        "x-ms-routing-request-id": [
          "WESTUS:20200409T005628Z:67df0832-6835-4d60-a805-0ef57d98ab25"
>>>>>>> e5fcd5c7b105c638909ca50ef4370d71fce2137e
        ],
        "X-Content-Type-Options": [
          "nosniff"
        ],
        "Date": [
<<<<<<< HEAD
          "Thu, 16 Jan 2020 21:19:42 GMT"
        ],
        "Content-Length": [
          "32"
=======
          "Thu, 09 Apr 2020 00:56:28 GMT"
        ],
        "Content-Length": [
          "21"
>>>>>>> e5fcd5c7b105c638909ca50ef4370d71fce2137e
        ],
        "Content-Type": [
          "application/json"
        ],
        "Content-Location": [
<<<<<<< HEAD
          "https://management.documents.azure.com:450/subscriptions/12053b8f-cab5-4f5c-9c1a-870580142abd/providers/Microsoft.DocumentDB/locations/eastus/operationsStatus/13c75c29-4e2f-4915-8a6b-8584e66763c3?api-version=2019-08-01"
        ]
      },
      "ResponseBody": "{\r\n  \"status\": \"Dequeued\",\r\n  \"error\": {}\r\n}",
      "StatusCode": 200
    },
    {
      "RequestUri": "/subscriptions/12053b8f-cab5-4f5c-9c1a-870580142abd/providers/Microsoft.DocumentDB/locations/eastus/operationsStatus/13c75c29-4e2f-4915-8a6b-8584e66763c3?api-version=2019-08-01",
      "EncodedRequestUri": "L3N1YnNjcmlwdGlvbnMvMTIwNTNiOGYtY2FiNS00ZjVjLTljMWEtODcwNTgwMTQyYWJkL3Byb3ZpZGVycy9NaWNyb3NvZnQuRG9jdW1lbnREQi9sb2NhdGlvbnMvZWFzdHVzL29wZXJhdGlvbnNTdGF0dXMvMTNjNzVjMjktNGUyZi00OTE1LThhNmItODU4NGU2Njc2M2MzP2FwaS12ZXJzaW9uPTIwMTktMDgtMDE=",
=======
          "https://management.documents.azure.com:450/subscriptions/12053b8f-cab5-4f5c-9c1a-870580142abd/providers/Microsoft.DocumentDB/locations/eastus2/operationsStatus/a8d93623-be43-4a17-be3b-1c9f93ae8fc4?api-version=2020-03-01"
        ]
      },
      "ResponseBody": "{\r\n  \"status\": \"Dequeued\"\r\n}",
      "StatusCode": 200
    },
    {
      "RequestUri": "/subscriptions/12053b8f-cab5-4f5c-9c1a-870580142abd/providers/Microsoft.DocumentDB/locations/eastus2/operationsStatus/a8d93623-be43-4a17-be3b-1c9f93ae8fc4?api-version=2020-03-01",
      "EncodedRequestUri": "L3N1YnNjcmlwdGlvbnMvMTIwNTNiOGYtY2FiNS00ZjVjLTljMWEtODcwNTgwMTQyYWJkL3Byb3ZpZGVycy9NaWNyb3NvZnQuRG9jdW1lbnREQi9sb2NhdGlvbnMvZWFzdHVzMi9vcGVyYXRpb25zU3RhdHVzL2E4ZDkzNjIzLWJlNDMtNGExNy1iZTNiLTFjOWY5M2FlOGZjND9hcGktdmVyc2lvbj0yMDIwLTAzLTAx",
>>>>>>> e5fcd5c7b105c638909ca50ef4370d71fce2137e
      "RequestMethod": "GET",
      "RequestBody": "",
      "RequestHeaders": {
        "User-Agent": [
<<<<<<< HEAD
          "FxVersion/4.6.27817.03",
          "OSName/Windows",
          "OSVersion/Microsoft.Windows.10.0.18363.",
          "Microsoft.Azure.Management.CosmosDB.CosmosDBManagementClient/1.0.0.0"
=======
          "FxVersion/4.6.28207.03",
          "OSName/Windows",
          "OSVersion/Microsoft.Windows.10.0.18363.",
          "Microsoft.Azure.Management.CosmosDB.CosmosDBManagementClient/1.1.0.0"
>>>>>>> e5fcd5c7b105c638909ca50ef4370d71fce2137e
        ]
      },
      "ResponseHeaders": {
        "Cache-Control": [
          "no-store, no-cache"
        ],
        "Pragma": [
          "no-cache"
        ],
        "Strict-Transport-Security": [
          "max-age=31536000; includeSubDomains"
        ],
        "x-ms-gatewayversion": [
<<<<<<< HEAD
          "version=2.9.2"
=======
          "version=2.10.0"
>>>>>>> e5fcd5c7b105c638909ca50ef4370d71fce2137e
        ],
        "Server": [
          "Microsoft-HTTPAPI/2.0"
        ],
        "x-ms-ratelimit-remaining-subscription-reads": [
<<<<<<< HEAD
          "11988"
        ],
        "x-ms-request-id": [
          "321f950a-3603-400f-9f9b-5296c6db5868"
        ],
        "x-ms-correlation-request-id": [
          "321f950a-3603-400f-9f9b-5296c6db5868"
        ],
        "x-ms-routing-request-id": [
          "WESTUS:20200116T212013Z:321f950a-3603-400f-9f9b-5296c6db5868"
=======
          "11989"
        ],
        "x-ms-request-id": [
          "c957c328-e34b-4ade-b198-bb3da7b94c8a"
        ],
        "x-ms-correlation-request-id": [
          "c957c328-e34b-4ade-b198-bb3da7b94c8a"
        ],
        "x-ms-routing-request-id": [
          "WESTUS:20200409T005658Z:c957c328-e34b-4ade-b198-bb3da7b94c8a"
>>>>>>> e5fcd5c7b105c638909ca50ef4370d71fce2137e
        ],
        "X-Content-Type-Options": [
          "nosniff"
        ],
        "Date": [
<<<<<<< HEAD
          "Thu, 16 Jan 2020 21:20:13 GMT"
        ],
        "Content-Length": [
          "32"
=======
          "Thu, 09 Apr 2020 00:56:58 GMT"
        ],
        "Content-Length": [
          "21"
>>>>>>> e5fcd5c7b105c638909ca50ef4370d71fce2137e
        ],
        "Content-Type": [
          "application/json"
        ],
        "Content-Location": [
<<<<<<< HEAD
          "https://management.documents.azure.com:450/subscriptions/12053b8f-cab5-4f5c-9c1a-870580142abd/providers/Microsoft.DocumentDB/locations/eastus/operationsStatus/13c75c29-4e2f-4915-8a6b-8584e66763c3?api-version=2019-08-01"
        ]
      },
      "ResponseBody": "{\r\n  \"status\": \"Dequeued\",\r\n  \"error\": {}\r\n}",
      "StatusCode": 200
    },
    {
      "RequestUri": "/subscriptions/12053b8f-cab5-4f5c-9c1a-870580142abd/providers/Microsoft.DocumentDB/locations/eastus/operationsStatus/13c75c29-4e2f-4915-8a6b-8584e66763c3?api-version=2019-08-01",
      "EncodedRequestUri": "L3N1YnNjcmlwdGlvbnMvMTIwNTNiOGYtY2FiNS00ZjVjLTljMWEtODcwNTgwMTQyYWJkL3Byb3ZpZGVycy9NaWNyb3NvZnQuRG9jdW1lbnREQi9sb2NhdGlvbnMvZWFzdHVzL29wZXJhdGlvbnNTdGF0dXMvMTNjNzVjMjktNGUyZi00OTE1LThhNmItODU4NGU2Njc2M2MzP2FwaS12ZXJzaW9uPTIwMTktMDgtMDE=",
=======
          "https://management.documents.azure.com:450/subscriptions/12053b8f-cab5-4f5c-9c1a-870580142abd/providers/Microsoft.DocumentDB/locations/eastus2/operationsStatus/a8d93623-be43-4a17-be3b-1c9f93ae8fc4?api-version=2020-03-01"
        ]
      },
      "ResponseBody": "{\r\n  \"status\": \"Dequeued\"\r\n}",
      "StatusCode": 200
    },
    {
      "RequestUri": "/subscriptions/12053b8f-cab5-4f5c-9c1a-870580142abd/providers/Microsoft.DocumentDB/locations/eastus2/operationsStatus/a8d93623-be43-4a17-be3b-1c9f93ae8fc4?api-version=2020-03-01",
      "EncodedRequestUri": "L3N1YnNjcmlwdGlvbnMvMTIwNTNiOGYtY2FiNS00ZjVjLTljMWEtODcwNTgwMTQyYWJkL3Byb3ZpZGVycy9NaWNyb3NvZnQuRG9jdW1lbnREQi9sb2NhdGlvbnMvZWFzdHVzMi9vcGVyYXRpb25zU3RhdHVzL2E4ZDkzNjIzLWJlNDMtNGExNy1iZTNiLTFjOWY5M2FlOGZjND9hcGktdmVyc2lvbj0yMDIwLTAzLTAx",
>>>>>>> e5fcd5c7b105c638909ca50ef4370d71fce2137e
      "RequestMethod": "GET",
      "RequestBody": "",
      "RequestHeaders": {
        "User-Agent": [
<<<<<<< HEAD
          "FxVersion/4.6.27817.03",
          "OSName/Windows",
          "OSVersion/Microsoft.Windows.10.0.18363.",
          "Microsoft.Azure.Management.CosmosDB.CosmosDBManagementClient/1.0.0.0"
=======
          "FxVersion/4.6.28207.03",
          "OSName/Windows",
          "OSVersion/Microsoft.Windows.10.0.18363.",
          "Microsoft.Azure.Management.CosmosDB.CosmosDBManagementClient/1.1.0.0"
>>>>>>> e5fcd5c7b105c638909ca50ef4370d71fce2137e
        ]
      },
      "ResponseHeaders": {
        "Cache-Control": [
          "no-store, no-cache"
        ],
        "Pragma": [
          "no-cache"
        ],
        "Strict-Transport-Security": [
          "max-age=31536000; includeSubDomains"
        ],
        "x-ms-gatewayversion": [
<<<<<<< HEAD
          "version=2.9.2"
=======
          "version=2.10.0"
>>>>>>> e5fcd5c7b105c638909ca50ef4370d71fce2137e
        ],
        "Server": [
          "Microsoft-HTTPAPI/2.0"
        ],
        "x-ms-ratelimit-remaining-subscription-reads": [
<<<<<<< HEAD
          "11987"
        ],
        "x-ms-request-id": [
          "8c1f1113-9ae4-4110-8a63-2a7c99127803"
        ],
        "x-ms-correlation-request-id": [
          "8c1f1113-9ae4-4110-8a63-2a7c99127803"
        ],
        "x-ms-routing-request-id": [
          "WESTUS:20200116T212044Z:8c1f1113-9ae4-4110-8a63-2a7c99127803"
=======
          "11988"
        ],
        "x-ms-request-id": [
          "ce479d43-a352-4b7d-8b35-aeee348872c5"
        ],
        "x-ms-correlation-request-id": [
          "ce479d43-a352-4b7d-8b35-aeee348872c5"
        ],
        "x-ms-routing-request-id": [
          "WESTUS:20200409T005729Z:ce479d43-a352-4b7d-8b35-aeee348872c5"
>>>>>>> e5fcd5c7b105c638909ca50ef4370d71fce2137e
        ],
        "X-Content-Type-Options": [
          "nosniff"
        ],
        "Date": [
<<<<<<< HEAD
          "Thu, 16 Jan 2020 21:20:43 GMT"
        ],
        "Content-Length": [
          "33"
=======
          "Thu, 09 Apr 2020 00:57:28 GMT"
        ],
        "Content-Length": [
          "22"
>>>>>>> e5fcd5c7b105c638909ca50ef4370d71fce2137e
        ],
        "Content-Type": [
          "application/json"
        ],
        "Content-Location": [
<<<<<<< HEAD
          "https://management.documents.azure.com:450/subscriptions/12053b8f-cab5-4f5c-9c1a-870580142abd/providers/Microsoft.DocumentDB/locations/eastus/operationsStatus/13c75c29-4e2f-4915-8a6b-8584e66763c3?api-version=2019-08-01"
        ]
      },
      "ResponseBody": "{\r\n  \"status\": \"Succeeded\",\r\n  \"error\": {}\r\n}",
      "StatusCode": 200
    },
    {
      "RequestUri": "/subscriptions/12053b8f-cab5-4f5c-9c1a-870580142abd/resourceGroups/CosmosDBResourceGroup27/providers/Microsoft.DocumentDB/databaseAccounts/dbaccount27/regenerateKey/operationResults/13c75c29-4e2f-4915-8a6b-8584e66763c3?api-version=2019-08-01",
      "EncodedRequestUri": "L3N1YnNjcmlwdGlvbnMvMTIwNTNiOGYtY2FiNS00ZjVjLTljMWEtODcwNTgwMTQyYWJkL3Jlc291cmNlR3JvdXBzL0Nvc21vc0RCUmVzb3VyY2VHcm91cDI3L3Byb3ZpZGVycy9NaWNyb3NvZnQuRG9jdW1lbnREQi9kYXRhYmFzZUFjY291bnRzL2RiYWNjb3VudDI3L3JlZ2VuZXJhdGVLZXkvb3BlcmF0aW9uUmVzdWx0cy8xM2M3NWMyOS00ZTJmLTQ5MTUtOGE2Yi04NTg0ZTY2NzYzYzM/YXBpLXZlcnNpb249MjAxOS0wOC0wMQ==",
=======
          "https://management.documents.azure.com:450/subscriptions/12053b8f-cab5-4f5c-9c1a-870580142abd/providers/Microsoft.DocumentDB/locations/eastus2/operationsStatus/a8d93623-be43-4a17-be3b-1c9f93ae8fc4?api-version=2020-03-01"
        ]
      },
      "ResponseBody": "{\r\n  \"status\": \"Succeeded\"\r\n}",
      "StatusCode": 200
    },
    {
      "RequestUri": "/subscriptions/12053b8f-cab5-4f5c-9c1a-870580142abd/resourceGroups/CosmosDBResourceGroup27/providers/Microsoft.DocumentDB/databaseAccounts/dbaccount27/regenerateKey/operationResults/a8d93623-be43-4a17-be3b-1c9f93ae8fc4?api-version=2020-03-01",
      "EncodedRequestUri": "L3N1YnNjcmlwdGlvbnMvMTIwNTNiOGYtY2FiNS00ZjVjLTljMWEtODcwNTgwMTQyYWJkL3Jlc291cmNlR3JvdXBzL0Nvc21vc0RCUmVzb3VyY2VHcm91cDI3L3Byb3ZpZGVycy9NaWNyb3NvZnQuRG9jdW1lbnREQi9kYXRhYmFzZUFjY291bnRzL2RiYWNjb3VudDI3L3JlZ2VuZXJhdGVLZXkvb3BlcmF0aW9uUmVzdWx0cy9hOGQ5MzYyMy1iZTQzLTRhMTctYmUzYi0xYzlmOTNhZThmYzQ/YXBpLXZlcnNpb249MjAyMC0wMy0wMQ==",
>>>>>>> e5fcd5c7b105c638909ca50ef4370d71fce2137e
      "RequestMethod": "GET",
      "RequestBody": "",
      "RequestHeaders": {
        "User-Agent": [
<<<<<<< HEAD
          "FxVersion/4.6.27817.03",
          "OSName/Windows",
          "OSVersion/Microsoft.Windows.10.0.18363.",
          "Microsoft.Azure.Management.CosmosDB.CosmosDBManagementClient/1.0.0.0"
=======
          "FxVersion/4.6.28207.03",
          "OSName/Windows",
          "OSVersion/Microsoft.Windows.10.0.18363.",
          "Microsoft.Azure.Management.CosmosDB.CosmosDBManagementClient/1.1.0.0"
>>>>>>> e5fcd5c7b105c638909ca50ef4370d71fce2137e
        ]
      },
      "ResponseHeaders": {
        "Cache-Control": [
          "no-store, no-cache"
        ],
        "Pragma": [
          "no-cache"
        ],
        "Strict-Transport-Security": [
          "max-age=31536000; includeSubDomains"
        ],
        "x-ms-gatewayversion": [
<<<<<<< HEAD
          "version=2.9.2"
=======
          "version=2.10.0"
>>>>>>> e5fcd5c7b105c638909ca50ef4370d71fce2137e
        ],
        "Server": [
          "Microsoft-HTTPAPI/2.0"
        ],
        "x-ms-ratelimit-remaining-subscription-reads": [
<<<<<<< HEAD
          "11986"
        ],
        "x-ms-request-id": [
          "40e80435-42b4-4eaf-9b44-11c78c311e2e"
        ],
        "x-ms-correlation-request-id": [
          "40e80435-42b4-4eaf-9b44-11c78c311e2e"
        ],
        "x-ms-routing-request-id": [
          "WESTUS:20200116T212044Z:40e80435-42b4-4eaf-9b44-11c78c311e2e"
=======
          "11987"
        ],
        "x-ms-request-id": [
          "fa84479c-7285-470c-acec-903213ff1f9d"
        ],
        "x-ms-correlation-request-id": [
          "fa84479c-7285-470c-acec-903213ff1f9d"
        ],
        "x-ms-routing-request-id": [
          "WESTUS:20200409T005729Z:fa84479c-7285-470c-acec-903213ff1f9d"
>>>>>>> e5fcd5c7b105c638909ca50ef4370d71fce2137e
        ],
        "X-Content-Type-Options": [
          "nosniff"
        ],
        "Date": [
<<<<<<< HEAD
          "Thu, 16 Jan 2020 21:20:44 GMT"
=======
          "Thu, 09 Apr 2020 00:57:29 GMT"
>>>>>>> e5fcd5c7b105c638909ca50ef4370d71fce2137e
        ],
        "Content-Length": [
          "461"
        ],
        "Content-Type": [
          "application/json"
        ],
        "Content-Location": [
<<<<<<< HEAD
          "https://management.documents.azure.com:450/subscriptions/12053b8f-cab5-4f5c-9c1a-870580142abd/resourceGroups/CosmosDBResourceGroup27/providers/Microsoft.DocumentDB/databaseAccounts/dbaccount27/regenerateKey/operationResults/13c75c29-4e2f-4915-8a6b-8584e66763c3?api-version=2019-08-01"
        ]
      },
      "ResponseBody": "{\r\n  \"primaryMasterKey\": \"9cnulNM112ZeBvICGKjtTFS8oj5rVuEamPZsOTYW9etmeSGIAcx0GbnrlfFATlHiQWJb2ozeDHs6YSs1TYgqCw==\",\r\n  \"secondaryMasterKey\": \"U5ja3E5PmWcZGCPyvHNFtQWqZ1Nr6uqsviXwSmUTMqYqL7JhHZGj7aFGBLY8M0jrcl3jv8IKCVXM5MCSkGcoZg==\",\r\n  \"primaryReadonlyMasterKey\": \"3oI3Lp0Fh1eBkWVCPsD9cgpPgyxajlnCydzrDyaUnnijVbUz3ZMiPRITw7zt1i6tKbDZUaA2pIop8E87a7LHpA==\",\r\n  \"secondaryReadonlyMasterKey\": \"zZfTywqDsq0iYSRguEjsXDlVSNSGF871rCa5rWlpqfxsA3gnteUlkf6ZDK9etNxxS029pMbNgDfZBlj7nHQiHw==\"\r\n}",
=======
          "https://management.documents.azure.com:450/subscriptions/12053b8f-cab5-4f5c-9c1a-870580142abd/resourceGroups/CosmosDBResourceGroup27/providers/Microsoft.DocumentDB/databaseAccounts/dbaccount27/regenerateKey/operationResults/a8d93623-be43-4a17-be3b-1c9f93ae8fc4?api-version=2020-03-01"
        ]
      },
      "ResponseBody": "{\r\n  \"primaryMasterKey\": \"Sy7iVGEqoIwOBikHiOUbsHbvsEPOMrdZZCi2cpA3W9DejZqCEcpb8YUbfiUXZK68s25fj6iLm33KoXr5zIEsCA==\",\r\n  \"secondaryMasterKey\": \"jzvLH9x8luzaykqHWLtJ1K5lUn1S5dTn1veIkwPSboE33cbzwzr8fZFd7v6bF2HtFt2uxoOJfFesxyvtzIjLAQ==\",\r\n  \"primaryReadonlyMasterKey\": \"gAWOy9r6RUiTccGz2lViOPMs1dvHI0M8hNGmK0TNMdhIkzedGYcoRkV0Hr6ojhA1Bucozv97uPZPxb2eh3q2Zw==\",\r\n  \"secondaryReadonlyMasterKey\": \"SVUIc624JhgKP9HnHkcaYn6Rf1nnhOtfsKhMRu7WcIG9UOntn5o4z45HVsp6bnQZcSLceymzxcUUlmAM78LlfQ==\"\r\n}",
>>>>>>> e5fcd5c7b105c638909ca50ef4370d71fce2137e
      "StatusCode": 200
    }
  ],
  "Names": {},
  "Variables": {
    "SubscriptionId": "12053b8f-cab5-4f5c-9c1a-870580142abd"
  }
}