{
  "Entries": [
    {
<<<<<<< HEAD
      "RequestUri": "/subscriptions/a200340d-6b82-494d-9dbf-687ba6e33f9e/resourceGroups/powershelltest/providers/Microsoft.ApiManagement/service/powershellsdkservice/apis/ps2056?api-version=2019-01-01",
      "EncodedRequestUri": "L3N1YnNjcmlwdGlvbnMvYTIwMDM0MGQtNmI4Mi00OTRkLTlkYmYtNjg3YmE2ZTMzZjllL3Jlc291cmNlR3JvdXBzL3Bvd2Vyc2hlbGx0ZXN0L3Byb3ZpZGVycy9NaWNyb3NvZnQuQXBpTWFuYWdlbWVudC9zZXJ2aWNlL3Bvd2Vyc2hlbGxzZGtzZXJ2aWNlL2FwaXMvcHMyMDU2P2FwaS12ZXJzaW9uPTIwMTktMDEtMDE=",
=======
      "RequestUri": "/subscriptions/a200340d-6b82-494d-9dbf-687ba6e33f9e/resourceGroups/powershelltest/providers/Microsoft.ApiManagement/service/powershellsdkservice/apis/ps5080?api-version=2019-12-01",
      "EncodedRequestUri": "L3N1YnNjcmlwdGlvbnMvYTIwMDM0MGQtNmI4Mi00OTRkLTlkYmYtNjg3YmE2ZTMzZjllL3Jlc291cmNlR3JvdXBzL3Bvd2Vyc2hlbGx0ZXN0L3Byb3ZpZGVycy9NaWNyb3NvZnQuQXBpTWFuYWdlbWVudC9zZXJ2aWNlL3Bvd2Vyc2hlbGxzZGtzZXJ2aWNlL2FwaXMvcHM1MDgwP2FwaS12ZXJzaW9uPTIwMTktMTItMDE=",
>>>>>>> e5fcd5c7b105c638909ca50ef4370d71fce2137e
      "RequestMethod": "PUT",
      "RequestBody": "{\r\n  \"properties\": {\r\n    \"path\": \"soapapifromFile\",\r\n    \"value\": \"<?xml version=\\\"1.0\\\" encoding=\\\"utf-8\\\"?>\\r\\n<wsdl:definitions xmlns:s=\\\"http://www.w3.org/2001/XMLSchema\\\" xmlns:soap12=\\\"http://schemas.xmlsoap.org/wsdl/soap12/\\\" xmlns:mime=\\\"http://schemas.xmlsoap.org/wsdl/mime/\\\" xmlns:tns=\\\"http://ws.cdyne.com/WeatherWS/\\\" xmlns:soap=\\\"http://schemas.xmlsoap.org/wsdl/soap/\\\" xmlns:tm=\\\"http://microsoft.com/wsdl/mime/textMatching/\\\" xmlns:http=\\\"http://schemas.xmlsoap.org/wsdl/http/\\\" xmlns:soapenc=\\\"http://schemas.xmlsoap.org/soap/encoding/\\\" \\r\\n                  targetNamespace=\\\"http://ws.cdyne.com/WeatherWS/\\\" xmlns:wsdl=\\\"http://schemas.xmlsoap.org/wsdl/\\\">\\r\\n  <wsdl:types>\\r\\n    <s:schema elementFormDefault=\\\"qualified\\\" targetNamespace=\\\"http://ws.cdyne.com/WeatherWS/\\\">\\r\\n      <s:element name=\\\"GetWeatherInformation\\\">\\r\\n        <s:complexType />\\r\\n      </s:element>\\r\\n      <s:element name=\\\"GetWeatherInformationResponse\\\">\\r\\n        <s:complexType>\\r\\n          <s:sequence>\\r\\n            <s:element minOccurs=\\\"0\\\" maxOccurs=\\\"1\\\" name=\\\"GetWeatherInformationResult\\\" type=\\\"tns:ArrayOfWeatherDescription\\\" />\\r\\n          </s:sequence>\\r\\n        </s:complexType>\\r\\n      </s:element>\\r\\n      <s:complexType name=\\\"ArrayOfWeatherDescription\\\">\\r\\n        <s:sequence>\\r\\n          <s:element minOccurs=\\\"0\\\" maxOccurs=\\\"unbounded\\\" name=\\\"WeatherDescription\\\" type=\\\"tns:WeatherDescription\\\" />\\r\\n        </s:sequence>\\r\\n      </s:complexType>\\r\\n      <s:complexType name=\\\"WeatherDescription\\\">\\r\\n        <s:sequence>\\r\\n          <s:element minOccurs=\\\"1\\\" maxOccurs=\\\"1\\\" name=\\\"WeatherID\\\" type=\\\"s:short\\\" />\\r\\n          <s:element minOccurs=\\\"0\\\" maxOccurs=\\\"1\\\" name=\\\"Description\\\" type=\\\"s:string\\\" />\\r\\n          <s:element minOccurs=\\\"0\\\" maxOccurs=\\\"1\\\" name=\\\"PictureURL\\\" type=\\\"s:string\\\" />\\r\\n        </s:sequence>\\r\\n      </s:complexType>\\r\\n      <s:element name=\\\"GetCityForecastByZIP\\\">\\r\\n        <s:complexType>\\r\\n          <s:sequence>\\r\\n            <s:element minOccurs=\\\"0\\\" maxOccurs=\\\"1\\\" name=\\\"ZIP\\\" type=\\\"s:string\\\" />\\r\\n          </s:sequence>\\r\\n        </s:complexType>\\r\\n      </s:element>\\r\\n      <s:element name=\\\"GetCityForecastByZIPResponse\\\">\\r\\n        <s:complexType>\\r\\n          <s:sequence>\\r\\n            <s:element minOccurs=\\\"0\\\" maxOccurs=\\\"1\\\" name=\\\"GetCityForecastByZIPResult\\\" type=\\\"tns:ForecastReturn\\\" />\\r\\n          </s:sequence>\\r\\n        </s:complexType>\\r\\n      </s:element>\\r\\n      <s:complexType name=\\\"ForecastReturn\\\">\\r\\n        <s:sequence>\\r\\n          <s:element minOccurs=\\\"1\\\" maxOccurs=\\\"1\\\" name=\\\"Success\\\" type=\\\"s:boolean\\\" />\\r\\n          <s:element minOccurs=\\\"0\\\" maxOccurs=\\\"1\\\" name=\\\"ResponseText\\\" type=\\\"s:string\\\" />\\r\\n          <s:element minOccurs=\\\"0\\\" maxOccurs=\\\"1\\\" name=\\\"State\\\" type=\\\"s:string\\\" />\\r\\n          <s:element minOccurs=\\\"0\\\" maxOccurs=\\\"1\\\" name=\\\"City\\\" type=\\\"s:string\\\" />\\r\\n          <s:element minOccurs=\\\"0\\\" maxOccurs=\\\"1\\\" name=\\\"WeatherStationCity\\\" type=\\\"s:string\\\" />\\r\\n          <s:element minOccurs=\\\"0\\\" maxOccurs=\\\"1\\\" name=\\\"ForecastResult\\\" type=\\\"tns:ArrayOfForecast\\\" />\\r\\n        </s:sequence>\\r\\n      </s:complexType>\\r\\n      <s:complexType name=\\\"ArrayOfForecast\\\">\\r\\n        <s:sequence>\\r\\n          <s:element minOccurs=\\\"0\\\" maxOccurs=\\\"unbounded\\\" name=\\\"Forecast\\\" nillable=\\\"true\\\" type=\\\"tns:Forecast\\\" />\\r\\n        </s:sequence>\\r\\n      </s:complexType>\\r\\n      <s:complexType name=\\\"Forecast\\\">\\r\\n        <s:sequence>\\r\\n          <s:element minOccurs=\\\"1\\\" maxOccurs=\\\"1\\\" name=\\\"Date\\\" type=\\\"s:dateTime\\\" />\\r\\n          <s:element minOccurs=\\\"1\\\" maxOccurs=\\\"1\\\" name=\\\"WeatherID\\\" type=\\\"s:short\\\" />\\r\\n          <s:element minOccurs=\\\"0\\\" maxOccurs=\\\"1\\\" name=\\\"Desciption\\\" type=\\\"s:string\\\" />\\r\\n          <s:element minOccurs=\\\"1\\\" maxOccurs=\\\"1\\\" name=\\\"Temperatures\\\" type=\\\"tns:temp\\\" />\\r\\n          <s:element minOccurs=\\\"1\\\" maxOccurs=\\\"1\\\" name=\\\"ProbabilityOfPrecipiation\\\" type=\\\"tns:POP\\\" />\\r\\n        </s:sequence>\\r\\n      </s:complexType>\\r\\n      <s:complexType name=\\\"temp\\\">\\r\\n        <s:sequence>\\r\\n          <s:element minOccurs=\\\"0\\\" maxOccurs=\\\"1\\\" name=\\\"MorningLow\\\" type=\\\"s:string\\\" />\\r\\n          <s:element minOccurs=\\\"0\\\" maxOccurs=\\\"1\\\" name=\\\"DaytimeHigh\\\" type=\\\"s:string\\\" />\\r\\n        </s:sequence>\\r\\n      </s:complexType>\\r\\n      <s:complexType name=\\\"POP\\\">\\r\\n        <s:sequence>\\r\\n          <s:element minOccurs=\\\"0\\\" maxOccurs=\\\"1\\\" name=\\\"Nighttime\\\" type=\\\"s:string\\\" />\\r\\n          <s:element minOccurs=\\\"0\\\" maxOccurs=\\\"1\\\" name=\\\"Daytime\\\" type=\\\"s:string\\\" />\\r\\n        </s:sequence>\\r\\n      </s:complexType>\\r\\n      <s:element name=\\\"GetCityWeatherByZIP\\\">\\r\\n        <s:complexType>\\r\\n          <s:sequence>\\r\\n            <s:element minOccurs=\\\"0\\\" maxOccurs=\\\"1\\\" name=\\\"ZIP\\\" type=\\\"s:string\\\" />\\r\\n          </s:sequence>\\r\\n        </s:complexType>\\r\\n      </s:element>\\r\\n      <s:element name=\\\"GetCityWeatherByZIPResponse\\\">\\r\\n        <s:complexType>\\r\\n          <s:sequence>\\r\\n            <s:element minOccurs=\\\"1\\\" maxOccurs=\\\"1\\\" name=\\\"GetCityWeatherByZIPResult\\\" type=\\\"tns:WeatherReturn\\\" />\\r\\n          </s:sequence>\\r\\n        </s:complexType>\\r\\n      </s:element>\\r\\n      <s:complexType name=\\\"WeatherReturn\\\">\\r\\n        <s:sequence>\\r\\n          <s:element minOccurs=\\\"1\\\" maxOccurs=\\\"1\\\" name=\\\"Success\\\" type=\\\"s:boolean\\\" />\\r\\n          <s:element minOccurs=\\\"0\\\" maxOccurs=\\\"1\\\" name=\\\"ResponseText\\\" type=\\\"s:string\\\" />\\r\\n          <s:element minOccurs=\\\"0\\\" maxOccurs=\\\"1\\\" name=\\\"State\\\" type=\\\"s:string\\\" />\\r\\n          <s:element minOccurs=\\\"0\\\" maxOccurs=\\\"1\\\" name=\\\"City\\\" type=\\\"s:string\\\" />\\r\\n          <s:element minOccurs=\\\"0\\\" maxOccurs=\\\"1\\\" name=\\\"WeatherStationCity\\\" type=\\\"s:string\\\" />\\r\\n          <s:element minOccurs=\\\"1\\\" maxOccurs=\\\"1\\\" name=\\\"WeatherID\\\" type=\\\"s:short\\\" />\\r\\n          <s:element minOccurs=\\\"0\\\" maxOccurs=\\\"1\\\" name=\\\"Description\\\" type=\\\"s:string\\\" />\\r\\n          <s:element minOccurs=\\\"0\\\" maxOccurs=\\\"1\\\" name=\\\"Temperature\\\" type=\\\"s:string\\\" />\\r\\n          <s:element minOccurs=\\\"0\\\" maxOccurs=\\\"1\\\" name=\\\"RelativeHumidity\\\" type=\\\"s:string\\\" />\\r\\n          <s:element minOccurs=\\\"0\\\" maxOccurs=\\\"1\\\" name=\\\"Wind\\\" type=\\\"s:string\\\" />\\r\\n          <s:element minOccurs=\\\"0\\\" maxOccurs=\\\"1\\\" name=\\\"Pressure\\\" type=\\\"s:string\\\" />\\r\\n          <s:element minOccurs=\\\"0\\\" maxOccurs=\\\"1\\\" name=\\\"Visibility\\\" type=\\\"s:string\\\" />\\r\\n          <s:element minOccurs=\\\"0\\\" maxOccurs=\\\"1\\\" name=\\\"WindChill\\\" type=\\\"s:string\\\" />\\r\\n          <s:element minOccurs=\\\"0\\\" maxOccurs=\\\"1\\\" name=\\\"Remarks\\\" type=\\\"s:string\\\" />\\r\\n        </s:sequence>\\r\\n      </s:complexType>\\r\\n      <s:element name=\\\"ArrayOfWeatherDescription\\\" nillable=\\\"true\\\" type=\\\"tns:ArrayOfWeatherDescription\\\" />\\r\\n      <s:element name=\\\"ForecastReturn\\\" nillable=\\\"true\\\" type=\\\"tns:ForecastReturn\\\" />\\r\\n      <s:element name=\\\"WeatherReturn\\\" type=\\\"tns:WeatherReturn\\\" />\\r\\n    </s:schema>\\r\\n  </wsdl:types>\\r\\n  <wsdl:message name=\\\"GetWeatherInformationSoapIn\\\">\\r\\n    <wsdl:part name=\\\"parameters\\\" element=\\\"tns:GetWeatherInformation\\\" />\\r\\n  </wsdl:message>\\r\\n  <wsdl:message name=\\\"GetWeatherInformationSoapOut\\\">\\r\\n    <wsdl:part name=\\\"parameters\\\" element=\\\"tns:GetWeatherInformationResponse\\\" />\\r\\n  </wsdl:message>\\r\\n  <wsdl:message name=\\\"GetCityForecastByZIPSoapIn\\\">\\r\\n    <wsdl:part name=\\\"parameters\\\" element=\\\"tns:GetCityForecastByZIP\\\" />\\r\\n  </wsdl:message>\\r\\n  <wsdl:message name=\\\"GetCityForecastByZIPSoapOut\\\">\\r\\n    <wsdl:part name=\\\"parameters\\\" element=\\\"tns:GetCityForecastByZIPResponse\\\" />\\r\\n  </wsdl:message>\\r\\n  <wsdl:message name=\\\"GetCityWeatherByZIPSoapIn\\\">\\r\\n    <wsdl:part name=\\\"parameters\\\" element=\\\"tns:GetCityWeatherByZIP\\\" />\\r\\n  </wsdl:message>\\r\\n  <wsdl:message name=\\\"GetCityWeatherByZIPSoapOut\\\">\\r\\n    <wsdl:part name=\\\"parameters\\\" element=\\\"tns:GetCityWeatherByZIPResponse\\\" />\\r\\n  </wsdl:message>\\r\\n  <wsdl:message name=\\\"GetWeatherInformationHttpGetIn\\\" />\\r\\n  <wsdl:message name=\\\"GetWeatherInformationHttpGetOut\\\">\\r\\n    <wsdl:part name=\\\"Body\\\" element=\\\"tns:ArrayOfWeatherDescription\\\" />\\r\\n  </wsdl:message>\\r\\n  <wsdl:message name=\\\"GetCityForecastByZIPHttpGetIn\\\">\\r\\n    <wsdl:part name=\\\"ZIP\\\" type=\\\"s:string\\\" />\\r\\n  </wsdl:message>\\r\\n  <wsdl:message name=\\\"GetCityForecastByZIPHttpGetOut\\\">\\r\\n    <wsdl:part name=\\\"Body\\\" element=\\\"tns:ForecastReturn\\\" />\\r\\n  </wsdl:message>\\r\\n  <wsdl:message name=\\\"GetCityWeatherByZIPHttpGetIn\\\">\\r\\n    <wsdl:part name=\\\"ZIP\\\" type=\\\"s:string\\\" />\\r\\n  </wsdl:message>\\r\\n  <wsdl:message name=\\\"GetCityWeatherByZIPHttpGetOut\\\">\\r\\n    <wsdl:part name=\\\"Body\\\" element=\\\"tns:WeatherReturn\\\" />\\r\\n  </wsdl:message>\\r\\n  <wsdl:message name=\\\"GetWeatherInformationHttpPostIn\\\" />\\r\\n  <wsdl:message name=\\\"GetWeatherInformationHttpPostOut\\\">\\r\\n    <wsdl:part name=\\\"Body\\\" element=\\\"tns:ArrayOfWeatherDescription\\\" />\\r\\n  </wsdl:message>\\r\\n  <wsdl:message name=\\\"GetCityForecastByZIPHttpPostIn\\\">\\r\\n    <wsdl:part name=\\\"ZIP\\\" type=\\\"s:string\\\" />\\r\\n  </wsdl:message>\\r\\n  <wsdl:message name=\\\"GetCityForecastByZIPHttpPostOut\\\">\\r\\n    <wsdl:part name=\\\"Body\\\" element=\\\"tns:ForecastReturn\\\" />\\r\\n  </wsdl:message>\\r\\n  <wsdl:message name=\\\"GetCityWeatherByZIPHttpPostIn\\\">\\r\\n    <wsdl:part name=\\\"ZIP\\\" type=\\\"s:string\\\" />\\r\\n  </wsdl:message>\\r\\n  <wsdl:message name=\\\"GetCityWeatherByZIPHttpPostOut\\\">\\r\\n    <wsdl:part name=\\\"Body\\\" element=\\\"tns:WeatherReturn\\\" />\\r\\n  </wsdl:message>\\r\\n  <wsdl:portType name=\\\"WeatherSoap\\\">\\r\\n    <wsdl:operation name=\\\"GetWeatherInformation\\\">\\r\\n      <wsdl:documentation xmlns:wsdl=\\\"http://schemas.xmlsoap.org/wsdl/\\\">Gets Information for each WeatherID</wsdl:documentation>\\r\\n      <wsdl:input message=\\\"tns:GetWeatherInformationSoapIn\\\" />\\r\\n      <wsdl:output message=\\\"tns:GetWeatherInformationSoapOut\\\" />\\r\\n    </wsdl:operation>\\r\\n    <wsdl:operation name=\\\"GetCityForecastByZIP\\\">\\r\\n      <wsdl:documentation xmlns:wsdl=\\\"http://schemas.xmlsoap.org/wsdl/\\\">Allows you to get your City Forecast Over the Next 7 Days, which is updated hourly. U.S. Only</wsdl:documentation>\\r\\n      <wsdl:input message=\\\"tns:GetCityForecastByZIPSoapIn\\\" />\\r\\n      <wsdl:output message=\\\"tns:GetCityForecastByZIPSoapOut\\\" />\\r\\n    </wsdl:operation>\\r\\n    <wsdl:operation name=\\\"GetCityWeatherByZIP\\\">\\r\\n      <wsdl:documentation xmlns:wsdl=\\\"http://schemas.xmlsoap.org/wsdl/\\\">Allows you to get your City's Weather, which is updated hourly. U.S. Only</wsdl:documentation>\\r\\n      <wsdl:input message=\\\"tns:GetCityWeatherByZIPSoapIn\\\" />\\r\\n      <wsdl:output message=\\\"tns:GetCityWeatherByZIPSoapOut\\\" />\\r\\n    </wsdl:operation>\\r\\n  </wsdl:portType>\\r\\n  <wsdl:portType name=\\\"WeatherHttpGet\\\">\\r\\n    <wsdl:operation name=\\\"GetWeatherInformation\\\">\\r\\n      <wsdl:documentation xmlns:wsdl=\\\"http://schemas.xmlsoap.org/wsdl/\\\">Gets Information for each WeatherID</wsdl:documentation>\\r\\n      <wsdl:input message=\\\"tns:GetWeatherInformationHttpGetIn\\\" />\\r\\n      <wsdl:output message=\\\"tns:GetWeatherInformationHttpGetOut\\\" />\\r\\n    </wsdl:operation>\\r\\n    <wsdl:operation name=\\\"GetCityForecastByZIP\\\">\\r\\n      <wsdl:documentation xmlns:wsdl=\\\"http://schemas.xmlsoap.org/wsdl/\\\">Allows you to get your City Forecast Over the Next 7 Days, which is updated hourly. U.S. Only</wsdl:documentation>\\r\\n      <wsdl:input message=\\\"tns:GetCityForecastByZIPHttpGetIn\\\" />\\r\\n      <wsdl:output message=\\\"tns:GetCityForecastByZIPHttpGetOut\\\" />\\r\\n    </wsdl:operation>\\r\\n    <wsdl:operation name=\\\"GetCityWeatherByZIP\\\">\\r\\n      <wsdl:documentation xmlns:wsdl=\\\"http://schemas.xmlsoap.org/wsdl/\\\">Allows you to get your City's Weather, which is updated hourly. U.S. Only</wsdl:documentation>\\r\\n      <wsdl:input message=\\\"tns:GetCityWeatherByZIPHttpGetIn\\\" />\\r\\n      <wsdl:output message=\\\"tns:GetCityWeatherByZIPHttpGetOut\\\" />\\r\\n    </wsdl:operation>\\r\\n  </wsdl:portType>\\r\\n  <wsdl:portType name=\\\"WeatherHttpPost\\\">\\r\\n    <wsdl:operation name=\\\"GetWeatherInformation\\\">\\r\\n      <wsdl:documentation xmlns:wsdl=\\\"http://schemas.xmlsoap.org/wsdl/\\\">Gets Information for each WeatherID</wsdl:documentation>\\r\\n      <wsdl:input message=\\\"tns:GetWeatherInformationHttpPostIn\\\" />\\r\\n      <wsdl:output message=\\\"tns:GetWeatherInformationHttpPostOut\\\" />\\r\\n    </wsdl:operation>\\r\\n    <wsdl:operation name=\\\"GetCityForecastByZIP\\\">\\r\\n      <wsdl:documentation xmlns:wsdl=\\\"http://schemas.xmlsoap.org/wsdl/\\\">Allows you to get your City Forecast Over the Next 7 Days, which is updated hourly. U.S. Only</wsdl:documentation>\\r\\n      <wsdl:input message=\\\"tns:GetCityForecastByZIPHttpPostIn\\\" />\\r\\n      <wsdl:output message=\\\"tns:GetCityForecastByZIPHttpPostOut\\\" />\\r\\n    </wsdl:operation>\\r\\n    <wsdl:operation name=\\\"GetCityWeatherByZIP\\\">\\r\\n      <wsdl:documentation xmlns:wsdl=\\\"http://schemas.xmlsoap.org/wsdl/\\\">Allows you to get your City's Weather, which is updated hourly. U.S. Only</wsdl:documentation>\\r\\n      <wsdl:input message=\\\"tns:GetCityWeatherByZIPHttpPostIn\\\" />\\r\\n      <wsdl:output message=\\\"tns:GetCityWeatherByZIPHttpPostOut\\\" />\\r\\n    </wsdl:operation>\\r\\n  </wsdl:portType>\\r\\n  <wsdl:binding name=\\\"WeatherSoap\\\" type=\\\"tns:WeatherSoap\\\">\\r\\n    <soap:binding transport=\\\"http://schemas.xmlsoap.org/soap/http\\\" />\\r\\n    <wsdl:operation name=\\\"GetWeatherInformation\\\">\\r\\n      <soap:operation soapAction=\\\"http://ws.cdyne.com/WeatherWS/GetWeatherInformation\\\" style=\\\"document\\\" />\\r\\n      <wsdl:input>\\r\\n        <soap:body use=\\\"literal\\\" />\\r\\n      </wsdl:input>\\r\\n      <wsdl:output>\\r\\n        <soap:body use=\\\"literal\\\" />\\r\\n      </wsdl:output>\\r\\n    </wsdl:operation>\\r\\n    <wsdl:operation name=\\\"GetCityForecastByZIP\\\">\\r\\n      <soap:operation soapAction=\\\"http://ws.cdyne.com/WeatherWS/GetCityForecastByZIP\\\" style=\\\"document\\\" />\\r\\n      <wsdl:input>\\r\\n        <soap:body use=\\\"literal\\\" />\\r\\n      </wsdl:input>\\r\\n      <wsdl:output>\\r\\n        <soap:body use=\\\"literal\\\" />\\r\\n      </wsdl:output>\\r\\n    </wsdl:operation>\\r\\n    <wsdl:operation name=\\\"GetCityWeatherByZIP\\\">\\r\\n      <soap:operation soapAction=\\\"http://ws.cdyne.com/WeatherWS/GetCityWeatherByZIP\\\" style=\\\"document\\\" />\\r\\n      <wsdl:input>\\r\\n        <soap:body use=\\\"literal\\\" />\\r\\n      </wsdl:input>\\r\\n      <wsdl:output>\\r\\n        <soap:body use=\\\"literal\\\" />\\r\\n      </wsdl:output>\\r\\n    </wsdl:operation>\\r\\n  </wsdl:binding>\\r\\n  <wsdl:binding name=\\\"WeatherSoap12\\\" type=\\\"tns:WeatherSoap\\\">\\r\\n    <soap12:binding transport=\\\"http://schemas.xmlsoap.org/soap/http\\\" />\\r\\n    <wsdl:operation name=\\\"GetWeatherInformation\\\">\\r\\n      <soap12:operation soapAction=\\\"http://ws.cdyne.com/WeatherWS/GetWeatherInformation\\\" style=\\\"document\\\" />\\r\\n      <wsdl:input>\\r\\n        <soap12:body use=\\\"literal\\\" />\\r\\n      </wsdl:input>\\r\\n      <wsdl:output>\\r\\n        <soap12:body use=\\\"literal\\\" />\\r\\n      </wsdl:output>\\r\\n    </wsdl:operation>\\r\\n    <wsdl:operation name=\\\"GetCityForecastByZIP\\\">\\r\\n      <soap12:operation soapAction=\\\"http://ws.cdyne.com/WeatherWS/GetCityForecastByZIP\\\" style=\\\"document\\\" />\\r\\n      <wsdl:input>\\r\\n        <soap12:body use=\\\"literal\\\" />\\r\\n      </wsdl:input>\\r\\n      <wsdl:output>\\r\\n        <soap12:body use=\\\"literal\\\" />\\r\\n      </wsdl:output>\\r\\n    </wsdl:operation>\\r\\n    <wsdl:operation name=\\\"GetCityWeatherByZIP\\\">\\r\\n      <soap12:operation soapAction=\\\"http://ws.cdyne.com/WeatherWS/GetCityWeatherByZIP\\\" style=\\\"document\\\" />\\r\\n      <wsdl:input>\\r\\n        <soap12:body use=\\\"literal\\\" />\\r\\n      </wsdl:input>\\r\\n      <wsdl:output>\\r\\n        <soap12:body use=\\\"literal\\\" />\\r\\n      </wsdl:output>\\r\\n    </wsdl:operation>\\r\\n  </wsdl:binding>\\r\\n  <wsdl:binding name=\\\"WeatherHttpGet\\\" type=\\\"tns:WeatherHttpGet\\\">\\r\\n    <http:binding verb=\\\"GET\\\" />\\r\\n    <wsdl:operation name=\\\"GetWeatherInformation\\\">\\r\\n      <http:operation location=\\\"/GetWeatherInformation\\\" />\\r\\n      <wsdl:input>\\r\\n        <http:urlEncoded />\\r\\n      </wsdl:input>\\r\\n      <wsdl:output>\\r\\n        <mime:mimeXml part=\\\"Body\\\" />\\r\\n      </wsdl:output>\\r\\n    </wsdl:operation>\\r\\n    <wsdl:operation name=\\\"GetCityForecastByZIP\\\">\\r\\n      <http:operation location=\\\"/GetCityForecastByZIP\\\" />\\r\\n      <wsdl:input>\\r\\n        <http:urlEncoded />\\r\\n      </wsdl:input>\\r\\n      <wsdl:output>\\r\\n        <mime:mimeXml part=\\\"Body\\\" />\\r\\n      </wsdl:output>\\r\\n    </wsdl:operation>\\r\\n    <wsdl:operation name=\\\"GetCityWeatherByZIP\\\">\\r\\n      <http:operation location=\\\"/GetCityWeatherByZIP\\\" />\\r\\n      <wsdl:input>\\r\\n        <http:urlEncoded />\\r\\n      </wsdl:input>\\r\\n      <wsdl:output>\\r\\n        <mime:mimeXml part=\\\"Body\\\" />\\r\\n      </wsdl:output>\\r\\n    </wsdl:operation>\\r\\n  </wsdl:binding>\\r\\n  <wsdl:binding name=\\\"WeatherHttpPost\\\" type=\\\"tns:WeatherHttpPost\\\">\\r\\n    <http:binding verb=\\\"POST\\\" />\\r\\n    <wsdl:operation name=\\\"GetWeatherInformation\\\">\\r\\n      <http:operation location=\\\"/GetWeatherInformation\\\" />\\r\\n      <wsdl:input>\\r\\n        <mime:content type=\\\"application/x-www-form-urlencoded\\\" />\\r\\n      </wsdl:input>\\r\\n      <wsdl:output>\\r\\n        <mime:mimeXml part=\\\"Body\\\" />\\r\\n      </wsdl:output>\\r\\n    </wsdl:operation>\\r\\n    <wsdl:operation name=\\\"GetCityForecastByZIP\\\">\\r\\n      <http:operation location=\\\"/GetCityForecastByZIP\\\" />\\r\\n      <wsdl:input>\\r\\n        <mime:content type=\\\"application/x-www-form-urlencoded\\\" />\\r\\n      </wsdl:input>\\r\\n      <wsdl:output>\\r\\n        <mime:mimeXml part=\\\"Body\\\" />\\r\\n      </wsdl:output>\\r\\n    </wsdl:operation>\\r\\n    <wsdl:operation name=\\\"GetCityWeatherByZIP\\\">\\r\\n      <http:operation location=\\\"/GetCityWeatherByZIP\\\" />\\r\\n      <wsdl:input>\\r\\n        <mime:content type=\\\"application/x-www-form-urlencoded\\\" />\\r\\n      </wsdl:input>\\r\\n      <wsdl:output>\\r\\n        <mime:mimeXml part=\\\"Body\\\" />\\r\\n      </wsdl:output>\\r\\n    </wsdl:operation>\\r\\n  </wsdl:binding>\\r\\n  <wsdl:service name=\\\"Weather\\\">\\r\\n    <wsdl:port name=\\\"WeatherSoap\\\" binding=\\\"tns:WeatherSoap\\\">\\r\\n      <soap:address location=\\\"http://wsf.cdyne.com/WeatherWS/Weather.asmx\\\" />\\r\\n    </wsdl:port>\\r\\n    <wsdl:port name=\\\"WeatherSoap12\\\" binding=\\\"tns:WeatherSoap12\\\">\\r\\n      <soap12:address location=\\\"http://wsf.cdyne.com/WeatherWS/Weather.asmx\\\" />\\r\\n    </wsdl:port>\\r\\n    <wsdl:port name=\\\"WeatherHttpGet\\\" binding=\\\"tns:WeatherHttpGet\\\">\\r\\n      <http:address location=\\\"http://wsf.cdyne.com/WeatherWS/Weather.asmx\\\" />\\r\\n    </wsdl:port>\\r\\n    <wsdl:port name=\\\"WeatherHttpPost\\\" binding=\\\"tns:WeatherHttpPost\\\">\\r\\n      <http:address location=\\\"http://wsf.cdyne.com/WeatherWS/Weather.asmx\\\" />\\r\\n    </wsdl:port>\\r\\n  </wsdl:service>\\r\\n</wsdl:definitions>\",\r\n    \"format\": \"wsdl\",\r\n    \"wsdlSelector\": {\r\n      \"wsdlServiceName\": \"Weather\",\r\n      \"wsdlEndpointName\": \"WeatherSoap\"\r\n    },\r\n    \"apiType\": \"soap\"\r\n  }\r\n}",
      "RequestHeaders": {
        "x-ms-client-request-id": [
<<<<<<< HEAD
          "6aaf4677-00e6-4e72-bf59-9b2e3023c239"
=======
          "c7594001-8343-4acd-a5ad-390e0c4b7ea0"
>>>>>>> e5fcd5c7b105c638909ca50ef4370d71fce2137e
        ],
        "Accept-Language": [
          "en-US"
        ],
        "User-Agent": [
<<<<<<< HEAD
          "FxVersion/4.6.27817.01",
          "OSName/Windows",
          "OSVersion/Microsoft.Windows.10.0.18362.",
          "Microsoft.Azure.Management.ApiManagement.ApiManagementClient/4.11.0.0"
=======
          "FxVersion/4.6.27817.03",
          "OSName/Windows",
          "OSVersion/Microsoft.Windows.10.0.18363.",
          "Microsoft.Azure.Management.ApiManagement.ApiManagementClient/5.0.0.0"
>>>>>>> e5fcd5c7b105c638909ca50ef4370d71fce2137e
        ],
        "Content-Type": [
          "application/json; charset=utf-8"
        ],
        "Content-Length": [
          "18963"
        ]
      },
      "ResponseHeaders": {
        "Cache-Control": [
          "no-cache"
        ],
        "Pragma": [
          "no-cache"
        ],
        "Location": [
<<<<<<< HEAD
          "https://management.azure.com/subscriptions/a200340d-6b82-494d-9dbf-687ba6e33f9e/resourceGroups/powershelltest/providers/Microsoft.ApiManagement/service/powershellsdkservice/apis/ps2056?api-version=2019-01-01&asyncId=5d927901787c9527240ff115&asyncCode=201"
=======
          "https://management.azure.com/subscriptions/a200340d-6b82-494d-9dbf-687ba6e33f9e/resourceGroups/powershelltest/providers/Microsoft.ApiManagement/service/powershellsdkservice/apis/ps5080?api-version=2019-12-01&asyncId=5eab26e4a2ca60123002312e&asyncCode=201"
>>>>>>> e5fcd5c7b105c638909ca50ef4370d71fce2137e
        ],
        "Strict-Transport-Security": [
          "max-age=31536000; includeSubDomains"
        ],
        "x-ms-request-id": [
<<<<<<< HEAD
          "0a33c362-ba0c-422e-909e-8f2cffa5f95f"
=======
          "62415d3e-922c-4ba5-af47-48a7df4f0963"
>>>>>>> e5fcd5c7b105c638909ca50ef4370d71fce2137e
        ],
        "Server": [
          "Microsoft-HTTPAPI/2.0"
        ],
        "x-ms-ratelimit-remaining-subscription-writes": [
          "1199"
        ],
        "x-ms-correlation-request-id": [
<<<<<<< HEAD
          "0a3c2796-1a51-4c76-b7f5-e03c46786630"
        ],
        "x-ms-routing-request-id": [
          "WESTUS:20190930T215201Z:0a3c2796-1a51-4c76-b7f5-e03c46786630"
=======
          "0313aa1d-f2f1-4717-998a-e4764b59cf0d"
        ],
        "x-ms-routing-request-id": [
          "WESTUS:20200430T192836Z:0313aa1d-f2f1-4717-998a-e4764b59cf0d"
>>>>>>> e5fcd5c7b105c638909ca50ef4370d71fce2137e
        ],
        "X-Content-Type-Options": [
          "nosniff"
        ],
        "Date": [
<<<<<<< HEAD
          "Mon, 30 Sep 2019 21:52:00 GMT"
=======
          "Thu, 30 Apr 2020 19:28:35 GMT"
>>>>>>> e5fcd5c7b105c638909ca50ef4370d71fce2137e
        ],
        "Expires": [
          "-1"
        ],
        "Content-Length": [
          "0"
        ]
      },
      "ResponseBody": "",
      "StatusCode": 202
    },
    {
<<<<<<< HEAD
      "RequestUri": "/subscriptions/a200340d-6b82-494d-9dbf-687ba6e33f9e/resourceGroups/powershelltest/providers/Microsoft.ApiManagement/service/powershellsdkservice/apis/ps2056?api-version=2019-01-01&asyncId=5d927901787c9527240ff115&asyncCode=201",
      "EncodedRequestUri": "L3N1YnNjcmlwdGlvbnMvYTIwMDM0MGQtNmI4Mi00OTRkLTlkYmYtNjg3YmE2ZTMzZjllL3Jlc291cmNlR3JvdXBzL3Bvd2Vyc2hlbGx0ZXN0L3Byb3ZpZGVycy9NaWNyb3NvZnQuQXBpTWFuYWdlbWVudC9zZXJ2aWNlL3Bvd2Vyc2hlbGxzZGtzZXJ2aWNlL2FwaXMvcHMyMDU2P2FwaS12ZXJzaW9uPTIwMTktMDEtMDEmYXN5bmNJZD01ZDkyNzkwMTc4N2M5NTI3MjQwZmYxMTUmYXN5bmNDb2RlPTIwMQ==",
=======
      "RequestUri": "/subscriptions/a200340d-6b82-494d-9dbf-687ba6e33f9e/resourceGroups/powershelltest/providers/Microsoft.ApiManagement/service/powershellsdkservice/apis/ps5080?api-version=2019-12-01&asyncId=5eab26e4a2ca60123002312e&asyncCode=201",
      "EncodedRequestUri": "L3N1YnNjcmlwdGlvbnMvYTIwMDM0MGQtNmI4Mi00OTRkLTlkYmYtNjg3YmE2ZTMzZjllL3Jlc291cmNlR3JvdXBzL3Bvd2Vyc2hlbGx0ZXN0L3Byb3ZpZGVycy9NaWNyb3NvZnQuQXBpTWFuYWdlbWVudC9zZXJ2aWNlL3Bvd2Vyc2hlbGxzZGtzZXJ2aWNlL2FwaXMvcHM1MDgwP2FwaS12ZXJzaW9uPTIwMTktMTItMDEmYXN5bmNJZD01ZWFiMjZlNGEyY2E2MDEyMzAwMjMxMmUmYXN5bmNDb2RlPTIwMQ==",
>>>>>>> e5fcd5c7b105c638909ca50ef4370d71fce2137e
      "RequestMethod": "GET",
      "RequestBody": "",
      "RequestHeaders": {
        "User-Agent": [
<<<<<<< HEAD
          "FxVersion/4.6.27817.01",
          "OSName/Windows",
          "OSVersion/Microsoft.Windows.10.0.18362.",
          "Microsoft.Azure.Management.ApiManagement.ApiManagementClient/4.11.0.0"
=======
          "FxVersion/4.6.27817.03",
          "OSName/Windows",
          "OSVersion/Microsoft.Windows.10.0.18363.",
          "Microsoft.Azure.Management.ApiManagement.ApiManagementClient/5.0.0.0"
>>>>>>> e5fcd5c7b105c638909ca50ef4370d71fce2137e
        ]
      },
      "ResponseHeaders": {
        "Cache-Control": [
          "no-cache"
        ],
        "Pragma": [
          "no-cache"
        ],
        "ETag": [
<<<<<<< HEAD
          "\"AAAAAAAAJYo=\""
=======
          "\"AAAAAAAAChY=\""
>>>>>>> e5fcd5c7b105c638909ca50ef4370d71fce2137e
        ],
        "Strict-Transport-Security": [
          "max-age=31536000; includeSubDomains"
        ],
        "x-ms-request-id": [
<<<<<<< HEAD
          "69a4f38b-6be5-45fa-9cbf-69209ba19b29"
=======
          "5e562fa9-19b0-4323-9a41-9a8306191fbb"
>>>>>>> e5fcd5c7b105c638909ca50ef4370d71fce2137e
        ],
        "Server": [
          "Microsoft-HTTPAPI/2.0"
        ],
        "x-ms-ratelimit-remaining-subscription-reads": [
          "11999"
        ],
        "x-ms-correlation-request-id": [
<<<<<<< HEAD
          "e321451a-ce1f-47f5-ab55-432b756ab5e4"
        ],
        "x-ms-routing-request-id": [
          "WESTUS:20190930T215231Z:e321451a-ce1f-47f5-ab55-432b756ab5e4"
=======
          "a9c122f7-b22e-4c4a-be8a-a742225e9231"
        ],
        "x-ms-routing-request-id": [
          "WESTUS:20200430T192906Z:a9c122f7-b22e-4c4a-be8a-a742225e9231"
>>>>>>> e5fcd5c7b105c638909ca50ef4370d71fce2137e
        ],
        "X-Content-Type-Options": [
          "nosniff"
        ],
        "Date": [
<<<<<<< HEAD
          "Mon, 30 Sep 2019 21:52:31 GMT"
        ],
        "Content-Length": [
          "751"
=======
          "Thu, 30 Apr 2020 19:29:06 GMT"
        ],
        "Content-Length": [
          "786"
>>>>>>> e5fcd5c7b105c638909ca50ef4370d71fce2137e
        ],
        "Content-Type": [
          "application/json; charset=utf-8"
        ],
        "Expires": [
          "-1"
        ]
      },
<<<<<<< HEAD
      "ResponseBody": "{\r\n  \"id\": \"/subscriptions/a200340d-6b82-494d-9dbf-687ba6e33f9e/resourceGroups/powershelltest/providers/Microsoft.ApiManagement/service/powershellsdkservice/apis/ps2056\",\r\n  \"type\": \"Microsoft.ApiManagement/service/apis\",\r\n  \"name\": \"ps2056\",\r\n  \"properties\": {\r\n    \"displayName\": \"Weather\",\r\n    \"apiRevision\": \"1\",\r\n    \"description\": null,\r\n    \"serviceUrl\": \"http://wsf.cdyne.com/WeatherWS/Weather.asmx\",\r\n    \"path\": \"soapapifromFile\",\r\n    \"protocols\": [\r\n      \"https\"\r\n    ],\r\n    \"authenticationSettings\": {\r\n      \"oAuth2\": null,\r\n      \"openid\": null\r\n    },\r\n    \"subscriptionKeyParameterNames\": {\r\n      \"header\": \"Ocp-Apim-Subscription-Key\",\r\n      \"query\": \"subscription-key\"\r\n    },\r\n    \"type\": \"soap\",\r\n    \"isCurrent\": true\r\n  }\r\n}",
      "StatusCode": 201
    },
    {
      "RequestUri": "/subscriptions/a200340d-6b82-494d-9dbf-687ba6e33f9e/resourceGroups/powershelltest/providers/Microsoft.ApiManagement/service/powershellsdkservice/apis/ps2056?api-version=2019-01-01",
      "EncodedRequestUri": "L3N1YnNjcmlwdGlvbnMvYTIwMDM0MGQtNmI4Mi00OTRkLTlkYmYtNjg3YmE2ZTMzZjllL3Jlc291cmNlR3JvdXBzL3Bvd2Vyc2hlbGx0ZXN0L3Byb3ZpZGVycy9NaWNyb3NvZnQuQXBpTWFuYWdlbWVudC9zZXJ2aWNlL3Bvd2Vyc2hlbGxzZGtzZXJ2aWNlL2FwaXMvcHMyMDU2P2FwaS12ZXJzaW9uPTIwMTktMDEtMDE=",
=======
      "ResponseBody": "{\r\n  \"id\": \"/subscriptions/a200340d-6b82-494d-9dbf-687ba6e33f9e/resourceGroups/powershelltest/providers/Microsoft.ApiManagement/service/powershellsdkservice/apis/ps5080\",\r\n  \"type\": \"Microsoft.ApiManagement/service/apis\",\r\n  \"name\": \"ps5080\",\r\n  \"properties\": {\r\n    \"displayName\": \"Weather\",\r\n    \"apiRevision\": \"1\",\r\n    \"description\": null,\r\n    \"subscriptionRequired\": true,\r\n    \"serviceUrl\": \"http://wsf.cdyne.com/WeatherWS/Weather.asmx\",\r\n    \"path\": \"soapapifromFile\",\r\n    \"protocols\": [\r\n      \"https\"\r\n    ],\r\n    \"authenticationSettings\": {\r\n      \"oAuth2\": null,\r\n      \"openid\": null\r\n    },\r\n    \"subscriptionKeyParameterNames\": {\r\n      \"header\": \"Ocp-Apim-Subscription-Key\",\r\n      \"query\": \"subscription-key\"\r\n    },\r\n    \"type\": \"soap\",\r\n    \"isCurrent\": true\r\n  }\r\n}",
      "StatusCode": 201
    },
    {
      "RequestUri": "/subscriptions/a200340d-6b82-494d-9dbf-687ba6e33f9e/resourceGroups/powershelltest/providers/Microsoft.ApiManagement/service/powershellsdkservice/apis/ps5080?api-version=2019-12-01",
      "EncodedRequestUri": "L3N1YnNjcmlwdGlvbnMvYTIwMDM0MGQtNmI4Mi00OTRkLTlkYmYtNjg3YmE2ZTMzZjllL3Jlc291cmNlR3JvdXBzL3Bvd2Vyc2hlbGx0ZXN0L3Byb3ZpZGVycy9NaWNyb3NvZnQuQXBpTWFuYWdlbWVudC9zZXJ2aWNlL3Bvd2Vyc2hlbGxzZGtzZXJ2aWNlL2FwaXMvcHM1MDgwP2FwaS12ZXJzaW9uPTIwMTktMTItMDE=",
>>>>>>> e5fcd5c7b105c638909ca50ef4370d71fce2137e
      "RequestMethod": "GET",
      "RequestBody": "",
      "RequestHeaders": {
        "x-ms-client-request-id": [
<<<<<<< HEAD
          "c13b2561-3aad-4ee4-973d-438a5fc59800"
=======
          "e2e5033d-dfb4-4174-ab5e-57476d50f7ad"
>>>>>>> e5fcd5c7b105c638909ca50ef4370d71fce2137e
        ],
        "Accept-Language": [
          "en-US"
        ],
        "User-Agent": [
<<<<<<< HEAD
          "FxVersion/4.6.27817.01",
          "OSName/Windows",
          "OSVersion/Microsoft.Windows.10.0.18362.",
          "Microsoft.Azure.Management.ApiManagement.ApiManagementClient/4.11.0.0"
=======
          "FxVersion/4.6.27817.03",
          "OSName/Windows",
          "OSVersion/Microsoft.Windows.10.0.18363.",
          "Microsoft.Azure.Management.ApiManagement.ApiManagementClient/5.0.0.0"
>>>>>>> e5fcd5c7b105c638909ca50ef4370d71fce2137e
        ]
      },
      "ResponseHeaders": {
        "Cache-Control": [
          "no-cache"
        ],
        "Pragma": [
          "no-cache"
        ],
        "ETag": [
<<<<<<< HEAD
          "\"AAAAAAAAJYo=\""
=======
          "\"AAAAAAAAChY=\""
>>>>>>> e5fcd5c7b105c638909ca50ef4370d71fce2137e
        ],
        "Strict-Transport-Security": [
          "max-age=31536000; includeSubDomains"
        ],
        "x-ms-request-id": [
<<<<<<< HEAD
          "5c1cef59-05a9-4642-a1ac-9465ed41edcd"
=======
          "e45e6210-9027-4bd3-b7bb-ae4474debce2"
>>>>>>> e5fcd5c7b105c638909ca50ef4370d71fce2137e
        ],
        "Server": [
          "Microsoft-HTTPAPI/2.0"
        ],
        "x-ms-ratelimit-remaining-subscription-reads": [
          "11998"
        ],
        "x-ms-correlation-request-id": [
<<<<<<< HEAD
          "3b9b7e61-5bbd-4ef0-9af2-0c25d8f1d266"
        ],
        "x-ms-routing-request-id": [
          "WESTUS:20190930T215231Z:3b9b7e61-5bbd-4ef0-9af2-0c25d8f1d266"
=======
          "9752d795-2240-4602-bdab-1206f6ac2fc4"
        ],
        "x-ms-routing-request-id": [
          "WESTUS:20200430T192906Z:9752d795-2240-4602-bdab-1206f6ac2fc4"
>>>>>>> e5fcd5c7b105c638909ca50ef4370d71fce2137e
        ],
        "X-Content-Type-Options": [
          "nosniff"
        ],
        "Date": [
<<<<<<< HEAD
          "Mon, 30 Sep 2019 21:52:31 GMT"
        ],
        "Content-Length": [
          "751"
=======
          "Thu, 30 Apr 2020 19:29:06 GMT"
        ],
        "Content-Length": [
          "786"
>>>>>>> e5fcd5c7b105c638909ca50ef4370d71fce2137e
        ],
        "Content-Type": [
          "application/json; charset=utf-8"
        ],
        "Expires": [
          "-1"
        ]
      },
<<<<<<< HEAD
      "ResponseBody": "{\r\n  \"id\": \"/subscriptions/a200340d-6b82-494d-9dbf-687ba6e33f9e/resourceGroups/powershelltest/providers/Microsoft.ApiManagement/service/powershellsdkservice/apis/ps2056\",\r\n  \"type\": \"Microsoft.ApiManagement/service/apis\",\r\n  \"name\": \"ps2056\",\r\n  \"properties\": {\r\n    \"displayName\": \"Weather\",\r\n    \"apiRevision\": \"1\",\r\n    \"description\": null,\r\n    \"serviceUrl\": \"http://wsf.cdyne.com/WeatherWS/Weather.asmx\",\r\n    \"path\": \"soapapifromFile\",\r\n    \"protocols\": [\r\n      \"https\"\r\n    ],\r\n    \"authenticationSettings\": {\r\n      \"oAuth2\": null,\r\n      \"openid\": null\r\n    },\r\n    \"subscriptionKeyParameterNames\": {\r\n      \"header\": \"Ocp-Apim-Subscription-Key\",\r\n      \"query\": \"subscription-key\"\r\n    },\r\n    \"type\": \"soap\",\r\n    \"isCurrent\": true\r\n  }\r\n}",
      "StatusCode": 200
    },
    {
      "RequestUri": "/subscriptions/a200340d-6b82-494d-9dbf-687ba6e33f9e/resourceGroups/powershelltest/providers/Microsoft.ApiManagement/service/powershellsdkservice/apis/ps2056/schemas?api-version=2019-01-01",
      "EncodedRequestUri": "L3N1YnNjcmlwdGlvbnMvYTIwMDM0MGQtNmI4Mi00OTRkLTlkYmYtNjg3YmE2ZTMzZjllL3Jlc291cmNlR3JvdXBzL3Bvd2Vyc2hlbGx0ZXN0L3Byb3ZpZGVycy9NaWNyb3NvZnQuQXBpTWFuYWdlbWVudC9zZXJ2aWNlL3Bvd2Vyc2hlbGxzZGtzZXJ2aWNlL2FwaXMvcHMyMDU2L3NjaGVtYXM/YXBpLXZlcnNpb249MjAxOS0wMS0wMQ==",
=======
      "ResponseBody": "{\r\n  \"id\": \"/subscriptions/a200340d-6b82-494d-9dbf-687ba6e33f9e/resourceGroups/powershelltest/providers/Microsoft.ApiManagement/service/powershellsdkservice/apis/ps5080\",\r\n  \"type\": \"Microsoft.ApiManagement/service/apis\",\r\n  \"name\": \"ps5080\",\r\n  \"properties\": {\r\n    \"displayName\": \"Weather\",\r\n    \"apiRevision\": \"1\",\r\n    \"description\": null,\r\n    \"subscriptionRequired\": true,\r\n    \"serviceUrl\": \"http://wsf.cdyne.com/WeatherWS/Weather.asmx\",\r\n    \"path\": \"soapapifromFile\",\r\n    \"protocols\": [\r\n      \"https\"\r\n    ],\r\n    \"authenticationSettings\": {\r\n      \"oAuth2\": null,\r\n      \"openid\": null\r\n    },\r\n    \"subscriptionKeyParameterNames\": {\r\n      \"header\": \"Ocp-Apim-Subscription-Key\",\r\n      \"query\": \"subscription-key\"\r\n    },\r\n    \"type\": \"soap\",\r\n    \"isCurrent\": true\r\n  }\r\n}",
      "StatusCode": 200
    },
    {
      "RequestUri": "/subscriptions/a200340d-6b82-494d-9dbf-687ba6e33f9e/resourceGroups/powershelltest/providers/Microsoft.ApiManagement/service/powershellsdkservice/apis/ps5080/schemas?api-version=2019-12-01",
      "EncodedRequestUri": "L3N1YnNjcmlwdGlvbnMvYTIwMDM0MGQtNmI4Mi00OTRkLTlkYmYtNjg3YmE2ZTMzZjllL3Jlc291cmNlR3JvdXBzL3Bvd2Vyc2hlbGx0ZXN0L3Byb3ZpZGVycy9NaWNyb3NvZnQuQXBpTWFuYWdlbWVudC9zZXJ2aWNlL3Bvd2Vyc2hlbGxzZGtzZXJ2aWNlL2FwaXMvcHM1MDgwL3NjaGVtYXM/YXBpLXZlcnNpb249MjAxOS0xMi0wMQ==",
>>>>>>> e5fcd5c7b105c638909ca50ef4370d71fce2137e
      "RequestMethod": "GET",
      "RequestBody": "",
      "RequestHeaders": {
        "x-ms-client-request-id": [
<<<<<<< HEAD
          "1681da38-094f-4610-beb9-c1c4dd7a24a3"
=======
          "700b6e0f-f789-4021-8252-3d8066c4728a"
>>>>>>> e5fcd5c7b105c638909ca50ef4370d71fce2137e
        ],
        "Accept-Language": [
          "en-US"
        ],
        "User-Agent": [
<<<<<<< HEAD
          "FxVersion/4.6.27817.01",
          "OSName/Windows",
          "OSVersion/Microsoft.Windows.10.0.18362.",
          "Microsoft.Azure.Management.ApiManagement.ApiManagementClient/4.11.0.0"
=======
          "FxVersion/4.6.27817.03",
          "OSName/Windows",
          "OSVersion/Microsoft.Windows.10.0.18363.",
          "Microsoft.Azure.Management.ApiManagement.ApiManagementClient/5.0.0.0"
>>>>>>> e5fcd5c7b105c638909ca50ef4370d71fce2137e
        ]
      },
      "ResponseHeaders": {
        "Cache-Control": [
          "no-cache"
        ],
        "Pragma": [
          "no-cache"
        ],
        "Strict-Transport-Security": [
          "max-age=31536000; includeSubDomains"
        ],
        "x-ms-request-id": [
<<<<<<< HEAD
          "f367350a-be19-4e6d-b274-eede6431ca30"
=======
          "6777e986-fb31-4c5b-b83a-7b8b2e87bbad"
>>>>>>> e5fcd5c7b105c638909ca50ef4370d71fce2137e
        ],
        "Server": [
          "Microsoft-HTTPAPI/2.0"
        ],
        "x-ms-ratelimit-remaining-subscription-reads": [
          "11997"
        ],
        "x-ms-correlation-request-id": [
<<<<<<< HEAD
          "090944e0-55c4-4b0d-9264-e315910ef2de"
        ],
        "x-ms-routing-request-id": [
          "WESTUS:20190930T215232Z:090944e0-55c4-4b0d-9264-e315910ef2de"
=======
          "d38371be-a102-434f-80d8-d9f5bac34d1a"
        ],
        "x-ms-routing-request-id": [
          "WESTUS:20200430T192907Z:d38371be-a102-434f-80d8-d9f5bac34d1a"
>>>>>>> e5fcd5c7b105c638909ca50ef4370d71fce2137e
        ],
        "X-Content-Type-Options": [
          "nosniff"
        ],
        "Date": [
<<<<<<< HEAD
          "Mon, 30 Sep 2019 21:52:31 GMT"
=======
          "Thu, 30 Apr 2020 19:29:06 GMT"
>>>>>>> e5fcd5c7b105c638909ca50ef4370d71fce2137e
        ],
        "Content-Length": [
          "6975"
        ],
        "Content-Type": [
          "application/json; charset=utf-8"
        ],
        "Expires": [
          "-1"
        ]
      },
<<<<<<< HEAD
      "ResponseBody": "{\r\n  \"value\": [\r\n    {\r\n      \"id\": \"/subscriptions/a200340d-6b82-494d-9dbf-687ba6e33f9e/resourceGroups/powershelltest/providers/Microsoft.ApiManagement/service/powershellsdkservice/apis/ps2056/schemas/84f0e9cc-1a1c-40fa-9504-ffa5544ffbb1\",\r\n      \"type\": \"Microsoft.ApiManagement/service/apis/schemas\",\r\n      \"name\": \"84f0e9cc-1a1c-40fa-9504-ffa5544ffbb1\",\r\n      \"properties\": {\r\n        \"contentType\": \"application/vnd.ms-azure-apim.xsd+xml\",\r\n        \"document\": {\r\n          \"value\": \"<s:schema elementFormDefault=\\\"qualified\\\" targetNamespace=\\\"http://ws.cdyne.com/WeatherWS/\\\" xmlns:tns=\\\"http://ws.cdyne.com/WeatherWS/\\\" xmlns:s=\\\"http://www.w3.org/2001/XMLSchema\\\" xmlns:soap12=\\\"http://schemas.xmlsoap.org/wsdl/soap12/\\\" xmlns:mime=\\\"http://schemas.xmlsoap.org/wsdl/mime/\\\" xmlns:soap=\\\"http://schemas.xmlsoap.org/wsdl/soap/\\\" xmlns:tm=\\\"http://microsoft.com/wsdl/mime/textMatching/\\\" xmlns:http=\\\"http://schemas.xmlsoap.org/wsdl/http/\\\" xmlns:soapenc=\\\"http://schemas.xmlsoap.org/soap/encoding/\\\" xmlns:wsdl=\\\"http://schemas.xmlsoap.org/wsdl/\\\" xmlns:apim-wsdltns=\\\"http://ws.cdyne.com/WeatherWS/\\\">\\r\\n  <s:element name=\\\"GetWeatherInformation\\\">\\r\\n    <s:complexType />\\r\\n  </s:element>\\r\\n  <s:element name=\\\"GetWeatherInformationResponse\\\">\\r\\n    <s:complexType>\\r\\n      <s:sequence>\\r\\n        <s:element minOccurs=\\\"0\\\" maxOccurs=\\\"1\\\" name=\\\"GetWeatherInformationResult\\\" type=\\\"tns:ArrayOfWeatherDescription\\\" />\\r\\n      </s:sequence>\\r\\n    </s:complexType>\\r\\n  </s:element>\\r\\n  <s:complexType name=\\\"ArrayOfWeatherDescription\\\">\\r\\n    <s:sequence>\\r\\n      <s:element minOccurs=\\\"0\\\" maxOccurs=\\\"unbounded\\\" name=\\\"WeatherDescription\\\" type=\\\"tns:WeatherDescription\\\" />\\r\\n    </s:sequence>\\r\\n  </s:complexType>\\r\\n  <s:complexType name=\\\"WeatherDescription\\\">\\r\\n    <s:sequence>\\r\\n      <s:element minOccurs=\\\"1\\\" maxOccurs=\\\"1\\\" name=\\\"WeatherID\\\" type=\\\"s:short\\\" />\\r\\n      <s:element minOccurs=\\\"0\\\" maxOccurs=\\\"1\\\" name=\\\"Description\\\" type=\\\"s:string\\\" />\\r\\n      <s:element minOccurs=\\\"0\\\" maxOccurs=\\\"1\\\" name=\\\"PictureURL\\\" type=\\\"s:string\\\" />\\r\\n    </s:sequence>\\r\\n  </s:complexType>\\r\\n  <s:element name=\\\"GetCityForecastByZIP\\\">\\r\\n    <s:complexType>\\r\\n      <s:sequence>\\r\\n        <s:element minOccurs=\\\"0\\\" maxOccurs=\\\"1\\\" name=\\\"ZIP\\\" type=\\\"s:string\\\" />\\r\\n      </s:sequence>\\r\\n    </s:complexType>\\r\\n  </s:element>\\r\\n  <s:element name=\\\"GetCityForecastByZIPResponse\\\">\\r\\n    <s:complexType>\\r\\n      <s:sequence>\\r\\n        <s:element minOccurs=\\\"0\\\" maxOccurs=\\\"1\\\" name=\\\"GetCityForecastByZIPResult\\\" type=\\\"tns:ForecastReturn\\\" />\\r\\n      </s:sequence>\\r\\n    </s:complexType>\\r\\n  </s:element>\\r\\n  <s:complexType name=\\\"ForecastReturn\\\">\\r\\n    <s:sequence>\\r\\n      <s:element minOccurs=\\\"1\\\" maxOccurs=\\\"1\\\" name=\\\"Success\\\" type=\\\"s:boolean\\\" />\\r\\n      <s:element minOccurs=\\\"0\\\" maxOccurs=\\\"1\\\" name=\\\"ResponseText\\\" type=\\\"s:string\\\" />\\r\\n      <s:element minOccurs=\\\"0\\\" maxOccurs=\\\"1\\\" name=\\\"State\\\" type=\\\"s:string\\\" />\\r\\n      <s:element minOccurs=\\\"0\\\" maxOccurs=\\\"1\\\" name=\\\"City\\\" type=\\\"s:string\\\" />\\r\\n      <s:element minOccurs=\\\"0\\\" maxOccurs=\\\"1\\\" name=\\\"WeatherStationCity\\\" type=\\\"s:string\\\" />\\r\\n      <s:element minOccurs=\\\"0\\\" maxOccurs=\\\"1\\\" name=\\\"ForecastResult\\\" type=\\\"tns:ArrayOfForecast\\\" />\\r\\n    </s:sequence>\\r\\n  </s:complexType>\\r\\n  <s:complexType name=\\\"ArrayOfForecast\\\">\\r\\n    <s:sequence>\\r\\n      <s:element minOccurs=\\\"0\\\" maxOccurs=\\\"unbounded\\\" name=\\\"Forecast\\\" nillable=\\\"true\\\" type=\\\"tns:Forecast\\\" />\\r\\n    </s:sequence>\\r\\n  </s:complexType>\\r\\n  <s:complexType name=\\\"Forecast\\\">\\r\\n    <s:sequence>\\r\\n      <s:element minOccurs=\\\"1\\\" maxOccurs=\\\"1\\\" name=\\\"Date\\\" type=\\\"s:dateTime\\\" />\\r\\n      <s:element minOccurs=\\\"1\\\" maxOccurs=\\\"1\\\" name=\\\"WeatherID\\\" type=\\\"s:short\\\" />\\r\\n      <s:element minOccurs=\\\"0\\\" maxOccurs=\\\"1\\\" name=\\\"Desciption\\\" type=\\\"s:string\\\" />\\r\\n      <s:element minOccurs=\\\"1\\\" maxOccurs=\\\"1\\\" name=\\\"Temperatures\\\" type=\\\"tns:temp\\\" />\\r\\n      <s:element minOccurs=\\\"1\\\" maxOccurs=\\\"1\\\" name=\\\"ProbabilityOfPrecipiation\\\" type=\\\"tns:POP\\\" />\\r\\n    </s:sequence>\\r\\n  </s:complexType>\\r\\n  <s:complexType name=\\\"temp\\\">\\r\\n    <s:sequence>\\r\\n      <s:element minOccurs=\\\"0\\\" maxOccurs=\\\"1\\\" name=\\\"MorningLow\\\" type=\\\"s:string\\\" />\\r\\n      <s:element minOccurs=\\\"0\\\" maxOccurs=\\\"1\\\" name=\\\"DaytimeHigh\\\" type=\\\"s:string\\\" />\\r\\n    </s:sequence>\\r\\n  </s:complexType>\\r\\n  <s:complexType name=\\\"POP\\\">\\r\\n    <s:sequence>\\r\\n      <s:element minOccurs=\\\"0\\\" maxOccurs=\\\"1\\\" name=\\\"Nighttime\\\" type=\\\"s:string\\\" />\\r\\n      <s:element minOccurs=\\\"0\\\" maxOccurs=\\\"1\\\" name=\\\"Daytime\\\" type=\\\"s:string\\\" />\\r\\n    </s:sequence>\\r\\n  </s:complexType>\\r\\n  <s:element name=\\\"GetCityWeatherByZIP\\\">\\r\\n    <s:complexType>\\r\\n      <s:sequence>\\r\\n        <s:element minOccurs=\\\"0\\\" maxOccurs=\\\"1\\\" name=\\\"ZIP\\\" type=\\\"s:string\\\" />\\r\\n      </s:sequence>\\r\\n    </s:complexType>\\r\\n  </s:element>\\r\\n  <s:element name=\\\"GetCityWeatherByZIPResponse\\\">\\r\\n    <s:complexType>\\r\\n      <s:sequence>\\r\\n        <s:element minOccurs=\\\"1\\\" maxOccurs=\\\"1\\\" name=\\\"GetCityWeatherByZIPResult\\\" type=\\\"tns:WeatherReturn\\\" />\\r\\n      </s:sequence>\\r\\n    </s:complexType>\\r\\n  </s:element>\\r\\n  <s:complexType name=\\\"WeatherReturn\\\">\\r\\n    <s:sequence>\\r\\n      <s:element minOccurs=\\\"1\\\" maxOccurs=\\\"1\\\" name=\\\"Success\\\" type=\\\"s:boolean\\\" />\\r\\n      <s:element minOccurs=\\\"0\\\" maxOccurs=\\\"1\\\" name=\\\"ResponseText\\\" type=\\\"s:string\\\" />\\r\\n      <s:element minOccurs=\\\"0\\\" maxOccurs=\\\"1\\\" name=\\\"State\\\" type=\\\"s:string\\\" />\\r\\n      <s:element minOccurs=\\\"0\\\" maxOccurs=\\\"1\\\" name=\\\"City\\\" type=\\\"s:string\\\" />\\r\\n      <s:element minOccurs=\\\"0\\\" maxOccurs=\\\"1\\\" name=\\\"WeatherStationCity\\\" type=\\\"s:string\\\" />\\r\\n      <s:element minOccurs=\\\"1\\\" maxOccurs=\\\"1\\\" name=\\\"WeatherID\\\" type=\\\"s:short\\\" />\\r\\n      <s:element minOccurs=\\\"0\\\" maxOccurs=\\\"1\\\" name=\\\"Description\\\" type=\\\"s:string\\\" />\\r\\n      <s:element minOccurs=\\\"0\\\" maxOccurs=\\\"1\\\" name=\\\"Temperature\\\" type=\\\"s:string\\\" />\\r\\n      <s:element minOccurs=\\\"0\\\" maxOccurs=\\\"1\\\" name=\\\"RelativeHumidity\\\" type=\\\"s:string\\\" />\\r\\n      <s:element minOccurs=\\\"0\\\" maxOccurs=\\\"1\\\" name=\\\"Wind\\\" type=\\\"s:string\\\" />\\r\\n      <s:element minOccurs=\\\"0\\\" maxOccurs=\\\"1\\\" name=\\\"Pressure\\\" type=\\\"s:string\\\" />\\r\\n      <s:element minOccurs=\\\"0\\\" maxOccurs=\\\"1\\\" name=\\\"Visibility\\\" type=\\\"s:string\\\" />\\r\\n      <s:element minOccurs=\\\"0\\\" maxOccurs=\\\"1\\\" name=\\\"WindChill\\\" type=\\\"s:string\\\" />\\r\\n      <s:element minOccurs=\\\"0\\\" maxOccurs=\\\"1\\\" name=\\\"Remarks\\\" type=\\\"s:string\\\" />\\r\\n    </s:sequence>\\r\\n  </s:complexType>\\r\\n  <s:element name=\\\"ArrayOfWeatherDescription\\\" nillable=\\\"true\\\" type=\\\"tns:ArrayOfWeatherDescription\\\" />\\r\\n  <s:element name=\\\"ForecastReturn\\\" nillable=\\\"true\\\" type=\\\"tns:ForecastReturn\\\" />\\r\\n  <s:element name=\\\"WeatherReturn\\\" type=\\\"tns:WeatherReturn\\\" />\\r\\n</s:schema>\"\r\n        }\r\n      }\r\n    }\r\n  ],\r\n  \"count\": 1\r\n}",
      "StatusCode": 200
    },
    {
      "RequestUri": "/subscriptions/a200340d-6b82-494d-9dbf-687ba6e33f9e/resourceGroups/powershelltest/providers/Microsoft.ApiManagement/service/powershellsdkservice/apis/ps2056/schemas?api-version=2019-01-01",
      "EncodedRequestUri": "L3N1YnNjcmlwdGlvbnMvYTIwMDM0MGQtNmI4Mi00OTRkLTlkYmYtNjg3YmE2ZTMzZjllL3Jlc291cmNlR3JvdXBzL3Bvd2Vyc2hlbGx0ZXN0L3Byb3ZpZGVycy9NaWNyb3NvZnQuQXBpTWFuYWdlbWVudC9zZXJ2aWNlL3Bvd2Vyc2hlbGxzZGtzZXJ2aWNlL2FwaXMvcHMyMDU2L3NjaGVtYXM/YXBpLXZlcnNpb249MjAxOS0wMS0wMQ==",
=======
      "ResponseBody": "{\r\n  \"value\": [\r\n    {\r\n      \"id\": \"/subscriptions/a200340d-6b82-494d-9dbf-687ba6e33f9e/resourceGroups/powershelltest/providers/Microsoft.ApiManagement/service/powershellsdkservice/apis/ps5080/schemas/c79a38bd-3cc5-4e8e-a711-8b53562cd533\",\r\n      \"type\": \"Microsoft.ApiManagement/service/apis/schemas\",\r\n      \"name\": \"c79a38bd-3cc5-4e8e-a711-8b53562cd533\",\r\n      \"properties\": {\r\n        \"contentType\": \"application/vnd.ms-azure-apim.xsd+xml\",\r\n        \"document\": {\r\n          \"value\": \"<s:schema elementFormDefault=\\\"qualified\\\" targetNamespace=\\\"http://ws.cdyne.com/WeatherWS/\\\" xmlns:tns=\\\"http://ws.cdyne.com/WeatherWS/\\\" xmlns:s=\\\"http://www.w3.org/2001/XMLSchema\\\" xmlns:soap12=\\\"http://schemas.xmlsoap.org/wsdl/soap12/\\\" xmlns:mime=\\\"http://schemas.xmlsoap.org/wsdl/mime/\\\" xmlns:soap=\\\"http://schemas.xmlsoap.org/wsdl/soap/\\\" xmlns:tm=\\\"http://microsoft.com/wsdl/mime/textMatching/\\\" xmlns:http=\\\"http://schemas.xmlsoap.org/wsdl/http/\\\" xmlns:soapenc=\\\"http://schemas.xmlsoap.org/soap/encoding/\\\" xmlns:wsdl=\\\"http://schemas.xmlsoap.org/wsdl/\\\" xmlns:apim-wsdltns=\\\"http://ws.cdyne.com/WeatherWS/\\\">\\r\\n  <s:element name=\\\"GetWeatherInformation\\\">\\r\\n    <s:complexType />\\r\\n  </s:element>\\r\\n  <s:element name=\\\"GetWeatherInformationResponse\\\">\\r\\n    <s:complexType>\\r\\n      <s:sequence>\\r\\n        <s:element minOccurs=\\\"0\\\" maxOccurs=\\\"1\\\" name=\\\"GetWeatherInformationResult\\\" type=\\\"tns:ArrayOfWeatherDescription\\\" />\\r\\n      </s:sequence>\\r\\n    </s:complexType>\\r\\n  </s:element>\\r\\n  <s:complexType name=\\\"ArrayOfWeatherDescription\\\">\\r\\n    <s:sequence>\\r\\n      <s:element minOccurs=\\\"0\\\" maxOccurs=\\\"unbounded\\\" name=\\\"WeatherDescription\\\" type=\\\"tns:WeatherDescription\\\" />\\r\\n    </s:sequence>\\r\\n  </s:complexType>\\r\\n  <s:complexType name=\\\"WeatherDescription\\\">\\r\\n    <s:sequence>\\r\\n      <s:element minOccurs=\\\"1\\\" maxOccurs=\\\"1\\\" name=\\\"WeatherID\\\" type=\\\"s:short\\\" />\\r\\n      <s:element minOccurs=\\\"0\\\" maxOccurs=\\\"1\\\" name=\\\"Description\\\" type=\\\"s:string\\\" />\\r\\n      <s:element minOccurs=\\\"0\\\" maxOccurs=\\\"1\\\" name=\\\"PictureURL\\\" type=\\\"s:string\\\" />\\r\\n    </s:sequence>\\r\\n  </s:complexType>\\r\\n  <s:element name=\\\"GetCityForecastByZIP\\\">\\r\\n    <s:complexType>\\r\\n      <s:sequence>\\r\\n        <s:element minOccurs=\\\"0\\\" maxOccurs=\\\"1\\\" name=\\\"ZIP\\\" type=\\\"s:string\\\" />\\r\\n      </s:sequence>\\r\\n    </s:complexType>\\r\\n  </s:element>\\r\\n  <s:element name=\\\"GetCityForecastByZIPResponse\\\">\\r\\n    <s:complexType>\\r\\n      <s:sequence>\\r\\n        <s:element minOccurs=\\\"0\\\" maxOccurs=\\\"1\\\" name=\\\"GetCityForecastByZIPResult\\\" type=\\\"tns:ForecastReturn\\\" />\\r\\n      </s:sequence>\\r\\n    </s:complexType>\\r\\n  </s:element>\\r\\n  <s:complexType name=\\\"ForecastReturn\\\">\\r\\n    <s:sequence>\\r\\n      <s:element minOccurs=\\\"1\\\" maxOccurs=\\\"1\\\" name=\\\"Success\\\" type=\\\"s:boolean\\\" />\\r\\n      <s:element minOccurs=\\\"0\\\" maxOccurs=\\\"1\\\" name=\\\"ResponseText\\\" type=\\\"s:string\\\" />\\r\\n      <s:element minOccurs=\\\"0\\\" maxOccurs=\\\"1\\\" name=\\\"State\\\" type=\\\"s:string\\\" />\\r\\n      <s:element minOccurs=\\\"0\\\" maxOccurs=\\\"1\\\" name=\\\"City\\\" type=\\\"s:string\\\" />\\r\\n      <s:element minOccurs=\\\"0\\\" maxOccurs=\\\"1\\\" name=\\\"WeatherStationCity\\\" type=\\\"s:string\\\" />\\r\\n      <s:element minOccurs=\\\"0\\\" maxOccurs=\\\"1\\\" name=\\\"ForecastResult\\\" type=\\\"tns:ArrayOfForecast\\\" />\\r\\n    </s:sequence>\\r\\n  </s:complexType>\\r\\n  <s:complexType name=\\\"ArrayOfForecast\\\">\\r\\n    <s:sequence>\\r\\n      <s:element minOccurs=\\\"0\\\" maxOccurs=\\\"unbounded\\\" name=\\\"Forecast\\\" nillable=\\\"true\\\" type=\\\"tns:Forecast\\\" />\\r\\n    </s:sequence>\\r\\n  </s:complexType>\\r\\n  <s:complexType name=\\\"Forecast\\\">\\r\\n    <s:sequence>\\r\\n      <s:element minOccurs=\\\"1\\\" maxOccurs=\\\"1\\\" name=\\\"Date\\\" type=\\\"s:dateTime\\\" />\\r\\n      <s:element minOccurs=\\\"1\\\" maxOccurs=\\\"1\\\" name=\\\"WeatherID\\\" type=\\\"s:short\\\" />\\r\\n      <s:element minOccurs=\\\"0\\\" maxOccurs=\\\"1\\\" name=\\\"Desciption\\\" type=\\\"s:string\\\" />\\r\\n      <s:element minOccurs=\\\"1\\\" maxOccurs=\\\"1\\\" name=\\\"Temperatures\\\" type=\\\"tns:temp\\\" />\\r\\n      <s:element minOccurs=\\\"1\\\" maxOccurs=\\\"1\\\" name=\\\"ProbabilityOfPrecipiation\\\" type=\\\"tns:POP\\\" />\\r\\n    </s:sequence>\\r\\n  </s:complexType>\\r\\n  <s:complexType name=\\\"temp\\\">\\r\\n    <s:sequence>\\r\\n      <s:element minOccurs=\\\"0\\\" maxOccurs=\\\"1\\\" name=\\\"MorningLow\\\" type=\\\"s:string\\\" />\\r\\n      <s:element minOccurs=\\\"0\\\" maxOccurs=\\\"1\\\" name=\\\"DaytimeHigh\\\" type=\\\"s:string\\\" />\\r\\n    </s:sequence>\\r\\n  </s:complexType>\\r\\n  <s:complexType name=\\\"POP\\\">\\r\\n    <s:sequence>\\r\\n      <s:element minOccurs=\\\"0\\\" maxOccurs=\\\"1\\\" name=\\\"Nighttime\\\" type=\\\"s:string\\\" />\\r\\n      <s:element minOccurs=\\\"0\\\" maxOccurs=\\\"1\\\" name=\\\"Daytime\\\" type=\\\"s:string\\\" />\\r\\n    </s:sequence>\\r\\n  </s:complexType>\\r\\n  <s:element name=\\\"GetCityWeatherByZIP\\\">\\r\\n    <s:complexType>\\r\\n      <s:sequence>\\r\\n        <s:element minOccurs=\\\"0\\\" maxOccurs=\\\"1\\\" name=\\\"ZIP\\\" type=\\\"s:string\\\" />\\r\\n      </s:sequence>\\r\\n    </s:complexType>\\r\\n  </s:element>\\r\\n  <s:element name=\\\"GetCityWeatherByZIPResponse\\\">\\r\\n    <s:complexType>\\r\\n      <s:sequence>\\r\\n        <s:element minOccurs=\\\"1\\\" maxOccurs=\\\"1\\\" name=\\\"GetCityWeatherByZIPResult\\\" type=\\\"tns:WeatherReturn\\\" />\\r\\n      </s:sequence>\\r\\n    </s:complexType>\\r\\n  </s:element>\\r\\n  <s:complexType name=\\\"WeatherReturn\\\">\\r\\n    <s:sequence>\\r\\n      <s:element minOccurs=\\\"1\\\" maxOccurs=\\\"1\\\" name=\\\"Success\\\" type=\\\"s:boolean\\\" />\\r\\n      <s:element minOccurs=\\\"0\\\" maxOccurs=\\\"1\\\" name=\\\"ResponseText\\\" type=\\\"s:string\\\" />\\r\\n      <s:element minOccurs=\\\"0\\\" maxOccurs=\\\"1\\\" name=\\\"State\\\" type=\\\"s:string\\\" />\\r\\n      <s:element minOccurs=\\\"0\\\" maxOccurs=\\\"1\\\" name=\\\"City\\\" type=\\\"s:string\\\" />\\r\\n      <s:element minOccurs=\\\"0\\\" maxOccurs=\\\"1\\\" name=\\\"WeatherStationCity\\\" type=\\\"s:string\\\" />\\r\\n      <s:element minOccurs=\\\"1\\\" maxOccurs=\\\"1\\\" name=\\\"WeatherID\\\" type=\\\"s:short\\\" />\\r\\n      <s:element minOccurs=\\\"0\\\" maxOccurs=\\\"1\\\" name=\\\"Description\\\" type=\\\"s:string\\\" />\\r\\n      <s:element minOccurs=\\\"0\\\" maxOccurs=\\\"1\\\" name=\\\"Temperature\\\" type=\\\"s:string\\\" />\\r\\n      <s:element minOccurs=\\\"0\\\" maxOccurs=\\\"1\\\" name=\\\"RelativeHumidity\\\" type=\\\"s:string\\\" />\\r\\n      <s:element minOccurs=\\\"0\\\" maxOccurs=\\\"1\\\" name=\\\"Wind\\\" type=\\\"s:string\\\" />\\r\\n      <s:element minOccurs=\\\"0\\\" maxOccurs=\\\"1\\\" name=\\\"Pressure\\\" type=\\\"s:string\\\" />\\r\\n      <s:element minOccurs=\\\"0\\\" maxOccurs=\\\"1\\\" name=\\\"Visibility\\\" type=\\\"s:string\\\" />\\r\\n      <s:element minOccurs=\\\"0\\\" maxOccurs=\\\"1\\\" name=\\\"WindChill\\\" type=\\\"s:string\\\" />\\r\\n      <s:element minOccurs=\\\"0\\\" maxOccurs=\\\"1\\\" name=\\\"Remarks\\\" type=\\\"s:string\\\" />\\r\\n    </s:sequence>\\r\\n  </s:complexType>\\r\\n  <s:element name=\\\"ArrayOfWeatherDescription\\\" nillable=\\\"true\\\" type=\\\"tns:ArrayOfWeatherDescription\\\" />\\r\\n  <s:element name=\\\"ForecastReturn\\\" nillable=\\\"true\\\" type=\\\"tns:ForecastReturn\\\" />\\r\\n  <s:element name=\\\"WeatherReturn\\\" type=\\\"tns:WeatherReturn\\\" />\\r\\n</s:schema>\"\r\n        }\r\n      }\r\n    }\r\n  ],\r\n  \"count\": 1\r\n}",
      "StatusCode": 200
    },
    {
      "RequestUri": "/subscriptions/a200340d-6b82-494d-9dbf-687ba6e33f9e/resourceGroups/powershelltest/providers/Microsoft.ApiManagement/service/powershellsdkservice/apis/ps5080/schemas?api-version=2019-12-01",
      "EncodedRequestUri": "L3N1YnNjcmlwdGlvbnMvYTIwMDM0MGQtNmI4Mi00OTRkLTlkYmYtNjg3YmE2ZTMzZjllL3Jlc291cmNlR3JvdXBzL3Bvd2Vyc2hlbGx0ZXN0L3Byb3ZpZGVycy9NaWNyb3NvZnQuQXBpTWFuYWdlbWVudC9zZXJ2aWNlL3Bvd2Vyc2hlbGxzZGtzZXJ2aWNlL2FwaXMvcHM1MDgwL3NjaGVtYXM/YXBpLXZlcnNpb249MjAxOS0xMi0wMQ==",
>>>>>>> e5fcd5c7b105c638909ca50ef4370d71fce2137e
      "RequestMethod": "GET",
      "RequestBody": "",
      "RequestHeaders": {
        "x-ms-client-request-id": [
<<<<<<< HEAD
          "31ebca0b-c682-4880-8a2c-b979d528162c"
=======
          "8168676c-6baa-4b21-8609-4975a90bb205"
>>>>>>> e5fcd5c7b105c638909ca50ef4370d71fce2137e
        ],
        "Accept-Language": [
          "en-US"
        ],
        "User-Agent": [
<<<<<<< HEAD
          "FxVersion/4.6.27817.01",
          "OSName/Windows",
          "OSVersion/Microsoft.Windows.10.0.18362.",
          "Microsoft.Azure.Management.ApiManagement.ApiManagementClient/4.11.0.0"
=======
          "FxVersion/4.6.27817.03",
          "OSName/Windows",
          "OSVersion/Microsoft.Windows.10.0.18363.",
          "Microsoft.Azure.Management.ApiManagement.ApiManagementClient/5.0.0.0"
>>>>>>> e5fcd5c7b105c638909ca50ef4370d71fce2137e
        ]
      },
      "ResponseHeaders": {
        "Cache-Control": [
          "no-cache"
        ],
        "Pragma": [
          "no-cache"
        ],
        "Strict-Transport-Security": [
          "max-age=31536000; includeSubDomains"
        ],
        "x-ms-request-id": [
<<<<<<< HEAD
          "39164b34-8b9c-458f-bbb5-980c630813db"
=======
          "cffe6bd9-d973-437c-b967-6f9068e61e65"
>>>>>>> e5fcd5c7b105c638909ca50ef4370d71fce2137e
        ],
        "Server": [
          "Microsoft-HTTPAPI/2.0"
        ],
        "x-ms-ratelimit-remaining-subscription-reads": [
<<<<<<< HEAD
          "11995"
        ],
        "x-ms-correlation-request-id": [
          "cdf48325-0125-42f3-9b38-8a0344a01afd"
        ],
        "x-ms-routing-request-id": [
          "WESTUS:20190930T215234Z:cdf48325-0125-42f3-9b38-8a0344a01afd"
=======
          "11994"
        ],
        "x-ms-correlation-request-id": [
          "ea93d991-33a3-4542-808c-32afb9a6ad05"
        ],
        "x-ms-routing-request-id": [
          "WESTUS:20200430T192938Z:ea93d991-33a3-4542-808c-32afb9a6ad05"
>>>>>>> e5fcd5c7b105c638909ca50ef4370d71fce2137e
        ],
        "X-Content-Type-Options": [
          "nosniff"
        ],
        "Date": [
<<<<<<< HEAD
          "Mon, 30 Sep 2019 21:52:34 GMT"
=======
          "Thu, 30 Apr 2020 19:29:37 GMT"
>>>>>>> e5fcd5c7b105c638909ca50ef4370d71fce2137e
        ],
        "Content-Length": [
          "1960"
        ],
        "Content-Type": [
          "application/json; charset=utf-8"
        ],
        "Expires": [
          "-1"
        ]
      },
<<<<<<< HEAD
      "ResponseBody": "{\r\n  \"value\": [\r\n    {\r\n      \"id\": \"/subscriptions/a200340d-6b82-494d-9dbf-687ba6e33f9e/resourceGroups/powershelltest/providers/Microsoft.ApiManagement/service/powershellsdkservice/apis/ps2056/schemas/84f0e9cc-1a1c-40fa-9504-ffa5544ffbb1\",\r\n      \"type\": \"Microsoft.ApiManagement/service/apis/schemas\",\r\n      \"name\": \"84f0e9cc-1a1c-40fa-9504-ffa5544ffbb1\",\r\n      \"properties\": {\r\n        \"contentType\": \"application/vnd.ms-azure-apim.xsd+xml\",\r\n        \"document\": {\r\n          \"value\": \"<?xml version=\\\"\\\"1.0\\\"\\\" encoding=\\\"\\\"UTF-8\\\"\\\" ?>\\r\\n<xs:schema xmlns:xs=\\\"\\\"http://www.w3.org/2001/XMLSchema\\\"\\\">\\r\\n<xs:element name=\\\"\\\"shiporder\\\"\\\">\\r\\n  <xs:complexType>\\r\\n    <xs:sequence>\\r\\n      <xs:element name=\\\"\\\"orderperson\\\"\\\" type=\\\"\\\"xs:string\\\"\\\"/>\\r\\n      <xs:element name=\\\"\\\"shipto\\\"\\\">\\r\\n        <xs:complexType>\\r\\n          <xs:sequence>\\r\\n            <xs:element name=\\\"\\\"name\\\"\\\" type=\\\"\\\"xs:string\\\"\\\"/>\\r\\n            <xs:element name=\\\"\\\"address\\\"\\\" type=\\\"\\\"xs:string\\\"\\\"/>\\r\\n            <xs:element name=\\\"\\\"city\\\"\\\" type=\\\"\\\"xs:string\\\"\\\"/>\\r\\n            <xs:element name=\\\"\\\"country\\\"\\\" type=\\\"\\\"xs:string\\\"\\\"/>\\r\\n          </xs:sequence>\\r\\n        </xs:complexType>\\r\\n      </xs:element>\\r\\n      <xs:element name=\\\"\\\"item\\\"\\\" maxOccurs=\\\"\\\"unbounded\\\"\\\">\\r\\n        <xs:complexType>\\r\\n          <xs:sequence>\\r\\n            <xs:element name=\\\"\\\"title\\\"\\\" type=\\\"\\\"xs:string\\\"\\\"/>\\r\\n            <xs:element name=\\\"\\\"note\\\"\\\" type=\\\"\\\"xs:string\\\"\\\" minOccurs=\\\"\\\"0\\\"\\\"/>\\r\\n            <xs:element name=\\\"\\\"quantity\\\"\\\" type=\\\"\\\"xs:positiveInteger\\\"\\\"/>\\r\\n            <xs:element name=\\\"\\\"price\\\"\\\" type=\\\"\\\"xs:decimal\\\"\\\"/>\\r\\n          </xs:sequence>\\r\\n        </xs:complexType>\\r\\n      </xs:element>\\r\\n    </xs:sequence>\\r\\n    <xs:attribute name=\\\"\\\"orderid\\\"\\\" type=\\\"\\\"xs:string\\\"\\\" use=\\\"\\\"required\\\"\\\"/>\\r\\n  </xs:complexType>\\r\\n</xs:element>\\r\\n</xs:schema> \"\r\n        }\r\n      }\r\n    }\r\n  ],\r\n  \"count\": 1\r\n}",
      "StatusCode": 200
    },
    {
      "RequestUri": "/subscriptions/a200340d-6b82-494d-9dbf-687ba6e33f9e/resourceGroups/powershelltest/providers/Microsoft.ApiManagement/service/powershellsdkservice/apis/ps2056/schemas/84f0e9cc-1a1c-40fa-9504-ffa5544ffbb1?api-version=2019-01-01",
      "EncodedRequestUri": "L3N1YnNjcmlwdGlvbnMvYTIwMDM0MGQtNmI4Mi00OTRkLTlkYmYtNjg3YmE2ZTMzZjllL3Jlc291cmNlR3JvdXBzL3Bvd2Vyc2hlbGx0ZXN0L3Byb3ZpZGVycy9NaWNyb3NvZnQuQXBpTWFuYWdlbWVudC9zZXJ2aWNlL3Bvd2Vyc2hlbGxzZGtzZXJ2aWNlL2FwaXMvcHMyMDU2L3NjaGVtYXMvODRmMGU5Y2MtMWExYy00MGZhLTk1MDQtZmZhNTU0NGZmYmIxP2FwaS12ZXJzaW9uPTIwMTktMDEtMDE=",
=======
      "ResponseBody": "{\r\n  \"value\": [\r\n    {\r\n      \"id\": \"/subscriptions/a200340d-6b82-494d-9dbf-687ba6e33f9e/resourceGroups/powershelltest/providers/Microsoft.ApiManagement/service/powershellsdkservice/apis/ps5080/schemas/c79a38bd-3cc5-4e8e-a711-8b53562cd533\",\r\n      \"type\": \"Microsoft.ApiManagement/service/apis/schemas\",\r\n      \"name\": \"c79a38bd-3cc5-4e8e-a711-8b53562cd533\",\r\n      \"properties\": {\r\n        \"contentType\": \"application/vnd.ms-azure-apim.xsd+xml\",\r\n        \"document\": {\r\n          \"value\": \"<?xml version=\\\"\\\"1.0\\\"\\\" encoding=\\\"\\\"UTF-8\\\"\\\" ?>\\r\\n<xs:schema xmlns:xs=\\\"\\\"http://www.w3.org/2001/XMLSchema\\\"\\\">\\r\\n<xs:element name=\\\"\\\"shiporder\\\"\\\">\\r\\n  <xs:complexType>\\r\\n    <xs:sequence>\\r\\n      <xs:element name=\\\"\\\"orderperson\\\"\\\" type=\\\"\\\"xs:string\\\"\\\"/>\\r\\n      <xs:element name=\\\"\\\"shipto\\\"\\\">\\r\\n        <xs:complexType>\\r\\n          <xs:sequence>\\r\\n            <xs:element name=\\\"\\\"name\\\"\\\" type=\\\"\\\"xs:string\\\"\\\"/>\\r\\n            <xs:element name=\\\"\\\"address\\\"\\\" type=\\\"\\\"xs:string\\\"\\\"/>\\r\\n            <xs:element name=\\\"\\\"city\\\"\\\" type=\\\"\\\"xs:string\\\"\\\"/>\\r\\n            <xs:element name=\\\"\\\"country\\\"\\\" type=\\\"\\\"xs:string\\\"\\\"/>\\r\\n          </xs:sequence>\\r\\n        </xs:complexType>\\r\\n      </xs:element>\\r\\n      <xs:element name=\\\"\\\"item\\\"\\\" maxOccurs=\\\"\\\"unbounded\\\"\\\">\\r\\n        <xs:complexType>\\r\\n          <xs:sequence>\\r\\n            <xs:element name=\\\"\\\"title\\\"\\\" type=\\\"\\\"xs:string\\\"\\\"/>\\r\\n            <xs:element name=\\\"\\\"note\\\"\\\" type=\\\"\\\"xs:string\\\"\\\" minOccurs=\\\"\\\"0\\\"\\\"/>\\r\\n            <xs:element name=\\\"\\\"quantity\\\"\\\" type=\\\"\\\"xs:positiveInteger\\\"\\\"/>\\r\\n            <xs:element name=\\\"\\\"price\\\"\\\" type=\\\"\\\"xs:decimal\\\"\\\"/>\\r\\n          </xs:sequence>\\r\\n        </xs:complexType>\\r\\n      </xs:element>\\r\\n    </xs:sequence>\\r\\n    <xs:attribute name=\\\"\\\"orderid\\\"\\\" type=\\\"\\\"xs:string\\\"\\\" use=\\\"\\\"required\\\"\\\"/>\\r\\n  </xs:complexType>\\r\\n</xs:element>\\r\\n</xs:schema> \"\r\n        }\r\n      }\r\n    }\r\n  ],\r\n  \"count\": 1\r\n}",
      "StatusCode": 200
    },
    {
      "RequestUri": "/subscriptions/a200340d-6b82-494d-9dbf-687ba6e33f9e/resourceGroups/powershelltest/providers/Microsoft.ApiManagement/service/powershellsdkservice/apis/ps5080/schemas/c79a38bd-3cc5-4e8e-a711-8b53562cd533?api-version=2019-12-01",
      "EncodedRequestUri": "L3N1YnNjcmlwdGlvbnMvYTIwMDM0MGQtNmI4Mi00OTRkLTlkYmYtNjg3YmE2ZTMzZjllL3Jlc291cmNlR3JvdXBzL3Bvd2Vyc2hlbGx0ZXN0L3Byb3ZpZGVycy9NaWNyb3NvZnQuQXBpTWFuYWdlbWVudC9zZXJ2aWNlL3Bvd2Vyc2hlbGxzZGtzZXJ2aWNlL2FwaXMvcHM1MDgwL3NjaGVtYXMvYzc5YTM4YmQtM2NjNS00ZThlLWE3MTEtOGI1MzU2MmNkNTMzP2FwaS12ZXJzaW9uPTIwMTktMTItMDE=",
>>>>>>> e5fcd5c7b105c638909ca50ef4370d71fce2137e
      "RequestMethod": "PUT",
      "RequestBody": "{\r\n  \"properties\": {\r\n    \"contentType\": \"application/vnd.ms-azure-apim.xsd+xml\",\r\n    \"document\": {\r\n      \"value\": \"<?xml version=\\\"\\\"1.0\\\"\\\" encoding=\\\"\\\"UTF-8\\\"\\\" ?>\\r\\n<xs:schema xmlns:xs=\\\"\\\"http://www.w3.org/2001/XMLSchema\\\"\\\">\\r\\n<xs:element name=\\\"\\\"shiporder\\\"\\\">\\r\\n  <xs:complexType>\\r\\n    <xs:sequence>\\r\\n      <xs:element name=\\\"\\\"orderperson\\\"\\\" type=\\\"\\\"xs:string\\\"\\\"/>\\r\\n      <xs:element name=\\\"\\\"shipto\\\"\\\">\\r\\n        <xs:complexType>\\r\\n          <xs:sequence>\\r\\n            <xs:element name=\\\"\\\"name\\\"\\\" type=\\\"\\\"xs:string\\\"\\\"/>\\r\\n            <xs:element name=\\\"\\\"address\\\"\\\" type=\\\"\\\"xs:string\\\"\\\"/>\\r\\n            <xs:element name=\\\"\\\"city\\\"\\\" type=\\\"\\\"xs:string\\\"\\\"/>\\r\\n            <xs:element name=\\\"\\\"country\\\"\\\" type=\\\"\\\"xs:string\\\"\\\"/>\\r\\n          </xs:sequence>\\r\\n        </xs:complexType>\\r\\n      </xs:element>\\r\\n      <xs:element name=\\\"\\\"item\\\"\\\" maxOccurs=\\\"\\\"unbounded\\\"\\\">\\r\\n        <xs:complexType>\\r\\n          <xs:sequence>\\r\\n            <xs:element name=\\\"\\\"title\\\"\\\" type=\\\"\\\"xs:string\\\"\\\"/>\\r\\n            <xs:element name=\\\"\\\"note\\\"\\\" type=\\\"\\\"xs:string\\\"\\\" minOccurs=\\\"\\\"0\\\"\\\"/>\\r\\n            <xs:element name=\\\"\\\"quantity\\\"\\\" type=\\\"\\\"xs:positiveInteger\\\"\\\"/>\\r\\n            <xs:element name=\\\"\\\"price\\\"\\\" type=\\\"\\\"xs:decimal\\\"\\\"/>\\r\\n          </xs:sequence>\\r\\n        </xs:complexType>\\r\\n      </xs:element>\\r\\n    </xs:sequence>\\r\\n    <xs:attribute name=\\\"\\\"orderid\\\"\\\" type=\\\"\\\"xs:string\\\"\\\" use=\\\"\\\"required\\\"\\\"/>\\r\\n  </xs:complexType>\\r\\n</xs:element>\\r\\n</xs:schema> \"\r\n    }\r\n  }\r\n}",
      "RequestHeaders": {
        "x-ms-client-request-id": [
<<<<<<< HEAD
          "cd664224-5b1d-42b2-8278-9f0405b1b5e6"
=======
          "cd3a5ed1-3f6c-4933-93ed-74da64ea97dc"
>>>>>>> e5fcd5c7b105c638909ca50ef4370d71fce2137e
        ],
        "Accept-Language": [
          "en-US"
        ],
        "User-Agent": [
<<<<<<< HEAD
          "FxVersion/4.6.27817.01",
          "OSName/Windows",
          "OSVersion/Microsoft.Windows.10.0.18362.",
          "Microsoft.Azure.Management.ApiManagement.ApiManagementClient/4.11.0.0"
=======
          "FxVersion/4.6.27817.03",
          "OSName/Windows",
          "OSVersion/Microsoft.Windows.10.0.18363.",
          "Microsoft.Azure.Management.ApiManagement.ApiManagementClient/5.0.0.0"
>>>>>>> e5fcd5c7b105c638909ca50ef4370d71fce2137e
        ],
        "Content-Type": [
          "application/json; charset=utf-8"
        ],
        "Content-Length": [
          "1552"
        ]
      },
      "ResponseHeaders": {
        "Cache-Control": [
          "no-cache"
        ],
        "Pragma": [
          "no-cache"
        ],
<<<<<<< HEAD
        "ETag": [
          "\"AAAAAAAAJZk=\""
=======
        "Location": [
          "https://management.azure.com/subscriptions/a200340d-6b82-494d-9dbf-687ba6e33f9e/resourceGroups/powershelltest/providers/Microsoft.ApiManagement/service/powershellsdkservice/apis/ps5080/schemas/c79a38bd-3cc5-4e8e-a711-8b53562cd533?api-version=2019-12-01&asyncId=5eab2703a2ca601230023135&asyncCode=200"
>>>>>>> e5fcd5c7b105c638909ca50ef4370d71fce2137e
        ],
        "Strict-Transport-Security": [
          "max-age=31536000; includeSubDomains"
        ],
        "x-ms-request-id": [
<<<<<<< HEAD
          "736c3d8e-019a-4916-a87f-77852be210d1"
=======
          "a1999860-cb65-4d2e-ad86-f473ecf639a4"
>>>>>>> e5fcd5c7b105c638909ca50ef4370d71fce2137e
        ],
        "Server": [
          "Microsoft-HTTPAPI/2.0"
        ],
        "x-ms-ratelimit-remaining-subscription-writes": [
          "1198"
        ],
        "x-ms-correlation-request-id": [
<<<<<<< HEAD
          "e8303163-3bf8-4009-af59-f566a76bea59"
        ],
        "x-ms-routing-request-id": [
          "WESTUS:20190930T215233Z:e8303163-3bf8-4009-af59-f566a76bea59"
=======
          "a23912f7-8956-42da-ad28-73176d1936cb"
        ],
        "x-ms-routing-request-id": [
          "WESTUS:20200430T192907Z:a23912f7-8956-42da-ad28-73176d1936cb"
>>>>>>> e5fcd5c7b105c638909ca50ef4370d71fce2137e
        ],
        "X-Content-Type-Options": [
          "nosniff"
        ],
        "Date": [
<<<<<<< HEAD
          "Mon, 30 Sep 2019 21:52:33 GMT"
        ],
        "Content-Length": [
          "1876"
        ],
        "Content-Type": [
          "application/json; charset=utf-8"
        ],
        "Expires": [
          "-1"
        ]
      },
      "ResponseBody": "{\r\n  \"id\": \"/subscriptions/a200340d-6b82-494d-9dbf-687ba6e33f9e/resourceGroups/powershelltest/providers/Microsoft.ApiManagement/service/powershellsdkservice/apis/ps2056/schemas/84f0e9cc-1a1c-40fa-9504-ffa5544ffbb1\",\r\n  \"type\": \"Microsoft.ApiManagement/service/apis/schemas\",\r\n  \"name\": \"84f0e9cc-1a1c-40fa-9504-ffa5544ffbb1\",\r\n  \"properties\": {\r\n    \"contentType\": \"application/vnd.ms-azure-apim.xsd+xml\",\r\n    \"document\": {\r\n      \"value\": \"<?xml version=\\\"\\\"1.0\\\"\\\" encoding=\\\"\\\"UTF-8\\\"\\\" ?>\\r\\n<xs:schema xmlns:xs=\\\"\\\"http://www.w3.org/2001/XMLSchema\\\"\\\">\\r\\n<xs:element name=\\\"\\\"shiporder\\\"\\\">\\r\\n  <xs:complexType>\\r\\n    <xs:sequence>\\r\\n      <xs:element name=\\\"\\\"orderperson\\\"\\\" type=\\\"\\\"xs:string\\\"\\\"/>\\r\\n      <xs:element name=\\\"\\\"shipto\\\"\\\">\\r\\n        <xs:complexType>\\r\\n          <xs:sequence>\\r\\n            <xs:element name=\\\"\\\"name\\\"\\\" type=\\\"\\\"xs:string\\\"\\\"/>\\r\\n            <xs:element name=\\\"\\\"address\\\"\\\" type=\\\"\\\"xs:string\\\"\\\"/>\\r\\n            <xs:element name=\\\"\\\"city\\\"\\\" type=\\\"\\\"xs:string\\\"\\\"/>\\r\\n            <xs:element name=\\\"\\\"country\\\"\\\" type=\\\"\\\"xs:string\\\"\\\"/>\\r\\n          </xs:sequence>\\r\\n        </xs:complexType>\\r\\n      </xs:element>\\r\\n      <xs:element name=\\\"\\\"item\\\"\\\" maxOccurs=\\\"\\\"unbounded\\\"\\\">\\r\\n        <xs:complexType>\\r\\n          <xs:sequence>\\r\\n            <xs:element name=\\\"\\\"title\\\"\\\" type=\\\"\\\"xs:string\\\"\\\"/>\\r\\n            <xs:element name=\\\"\\\"note\\\"\\\" type=\\\"\\\"xs:string\\\"\\\" minOccurs=\\\"\\\"0\\\"\\\"/>\\r\\n            <xs:element name=\\\"\\\"quantity\\\"\\\" type=\\\"\\\"xs:positiveInteger\\\"\\\"/>\\r\\n            <xs:element name=\\\"\\\"price\\\"\\\" type=\\\"\\\"xs:decimal\\\"\\\"/>\\r\\n          </xs:sequence>\\r\\n        </xs:complexType>\\r\\n      </xs:element>\\r\\n    </xs:sequence>\\r\\n    <xs:attribute name=\\\"\\\"orderid\\\"\\\" type=\\\"\\\"xs:string\\\"\\\" use=\\\"\\\"required\\\"\\\"/>\\r\\n  </xs:complexType>\\r\\n</xs:element>\\r\\n</xs:schema> \"\r\n    }\r\n  }\r\n}",
      "StatusCode": 200
    },
    {
      "RequestUri": "/subscriptions/a200340d-6b82-494d-9dbf-687ba6e33f9e/resourceGroups/powershelltest/providers/Microsoft.ApiManagement/service/powershellsdkservice/apis/ps2056/schemas/84f0e9cc-1a1c-40fa-9504-ffa5544ffbb1?api-version=2019-01-01",
      "EncodedRequestUri": "L3N1YnNjcmlwdGlvbnMvYTIwMDM0MGQtNmI4Mi00OTRkLTlkYmYtNjg3YmE2ZTMzZjllL3Jlc291cmNlR3JvdXBzL3Bvd2Vyc2hlbGx0ZXN0L3Byb3ZpZGVycy9NaWNyb3NvZnQuQXBpTWFuYWdlbWVudC9zZXJ2aWNlL3Bvd2Vyc2hlbGxzZGtzZXJ2aWNlL2FwaXMvcHMyMDU2L3NjaGVtYXMvODRmMGU5Y2MtMWExYy00MGZhLTk1MDQtZmZhNTU0NGZmYmIxP2FwaS12ZXJzaW9uPTIwMTktMDEtMDE=",
=======
          "Thu, 30 Apr 2020 19:29:07 GMT"
        ],
        "Expires": [
          "-1"
        ],
        "Content-Length": [
          "0"
        ]
      },
      "ResponseBody": "",
      "StatusCode": 202
    },
    {
      "RequestUri": "/subscriptions/a200340d-6b82-494d-9dbf-687ba6e33f9e/resourceGroups/powershelltest/providers/Microsoft.ApiManagement/service/powershellsdkservice/apis/ps5080/schemas/c79a38bd-3cc5-4e8e-a711-8b53562cd533?api-version=2019-12-01",
      "EncodedRequestUri": "L3N1YnNjcmlwdGlvbnMvYTIwMDM0MGQtNmI4Mi00OTRkLTlkYmYtNjg3YmE2ZTMzZjllL3Jlc291cmNlR3JvdXBzL3Bvd2Vyc2hlbGx0ZXN0L3Byb3ZpZGVycy9NaWNyb3NvZnQuQXBpTWFuYWdlbWVudC9zZXJ2aWNlL3Bvd2Vyc2hlbGxzZGtzZXJ2aWNlL2FwaXMvcHM1MDgwL3NjaGVtYXMvYzc5YTM4YmQtM2NjNS00ZThlLWE3MTEtOGI1MzU2MmNkNTMzP2FwaS12ZXJzaW9uPTIwMTktMTItMDE=",
>>>>>>> e5fcd5c7b105c638909ca50ef4370d71fce2137e
      "RequestMethod": "PUT",
      "RequestBody": "{\r\n  \"properties\": {\r\n    \"contentType\": \"application/json\",\r\n    \"document\": {\r\n      \"value\": \"<?xml version=\\\"\\\"1.0\\\"\\\" encoding=\\\"\\\"UTF-8\\\"\\\" ?>\\r\\n<xs:schema xmlns:xs=\\\"\\\"http://www.w3.org/2001/XMLSchema\\\"\\\">\\r\\n<xs:element name=\\\"\\\"shiporder\\\"\\\">\\r\\n  <xs:complexType>\\r\\n    <xs:sequence>\\r\\n      <xs:element name=\\\"\\\"orderperson\\\"\\\" type=\\\"\\\"xs:string\\\"\\\"/>\\r\\n      <xs:element name=\\\"\\\"shipto\\\"\\\">\\r\\n        <xs:complexType>\\r\\n          <xs:sequence>\\r\\n            <xs:element name=\\\"\\\"name\\\"\\\" type=\\\"\\\"xs:string\\\"\\\"/>\\r\\n            <xs:element name=\\\"\\\"address\\\"\\\" type=\\\"\\\"xs:string\\\"\\\"/>\\r\\n            <xs:element name=\\\"\\\"city\\\"\\\" type=\\\"\\\"xs:string\\\"\\\"/>\\r\\n            <xs:element name=\\\"\\\"country\\\"\\\" type=\\\"\\\"xs:string\\\"\\\"/>\\r\\n          </xs:sequence>\\r\\n        </xs:complexType>\\r\\n      </xs:element>\\r\\n      <xs:element name=\\\"\\\"item\\\"\\\" maxOccurs=\\\"\\\"unbounded\\\"\\\">\\r\\n        <xs:complexType>\\r\\n          <xs:sequence>\\r\\n            <xs:element name=\\\"\\\"title\\\"\\\" type=\\\"\\\"xs:string\\\"\\\"/>\\r\\n            <xs:element name=\\\"\\\"note\\\"\\\" type=\\\"\\\"xs:string\\\"\\\" minOccurs=\\\"\\\"0\\\"\\\"/>\\r\\n            <xs:element name=\\\"\\\"quantity\\\"\\\" type=\\\"\\\"xs:positiveInteger\\\"\\\"/>\\r\\n            <xs:element name=\\\"\\\"price\\\"\\\" type=\\\"\\\"xs:decimal\\\"\\\"/>\\r\\n          </xs:sequence>\\r\\n        </xs:complexType>\\r\\n      </xs:element>\\r\\n    </xs:sequence>\\r\\n    <xs:attribute name=\\\"\\\"orderid\\\"\\\" type=\\\"\\\"xs:string\\\"\\\" use=\\\"\\\"required\\\"\\\"/>\\r\\n  </xs:complexType>\\r\\n</xs:element>\\r\\n</xs:schema> \"\r\n    }\r\n  }\r\n}",
      "RequestHeaders": {
        "x-ms-client-request-id": [
<<<<<<< HEAD
          "accdb4ce-e388-4e0b-b38a-fb2d80f10b5a"
=======
          "19acdeaa-7a8e-4256-84ba-ce23abeffb62"
>>>>>>> e5fcd5c7b105c638909ca50ef4370d71fce2137e
        ],
        "If-Match": [
          "*"
        ],
        "Accept-Language": [
          "en-US"
        ],
        "User-Agent": [
<<<<<<< HEAD
          "FxVersion/4.6.27817.01",
          "OSName/Windows",
          "OSVersion/Microsoft.Windows.10.0.18362.",
          "Microsoft.Azure.Management.ApiManagement.ApiManagementClient/4.11.0.0"
=======
          "FxVersion/4.6.27817.03",
          "OSName/Windows",
          "OSVersion/Microsoft.Windows.10.0.18363.",
          "Microsoft.Azure.Management.ApiManagement.ApiManagementClient/5.0.0.0"
>>>>>>> e5fcd5c7b105c638909ca50ef4370d71fce2137e
        ],
        "Content-Type": [
          "application/json; charset=utf-8"
        ],
        "Content-Length": [
          "1531"
        ]
      },
      "ResponseHeaders": {
        "Cache-Control": [
          "no-cache"
        ],
        "Pragma": [
          "no-cache"
        ],
<<<<<<< HEAD
        "ETag": [
          "\"AAAAAAAAJZo=\""
=======
        "Location": [
          "https://management.azure.com/subscriptions/a200340d-6b82-494d-9dbf-687ba6e33f9e/resourceGroups/powershelltest/providers/Microsoft.ApiManagement/service/powershellsdkservice/apis/ps5080/schemas/c79a38bd-3cc5-4e8e-a711-8b53562cd533?api-version=2019-12-01&asyncId=5eab2722a2ca601230023139&asyncCode=200"
>>>>>>> e5fcd5c7b105c638909ca50ef4370d71fce2137e
        ],
        "Strict-Transport-Security": [
          "max-age=31536000; includeSubDomains"
        ],
        "x-ms-request-id": [
<<<<<<< HEAD
          "74313473-ce6e-4109-8b68-95df662e6daa"
=======
          "22b26e19-08d9-44a5-895f-8bc4228dfa3a"
>>>>>>> e5fcd5c7b105c638909ca50ef4370d71fce2137e
        ],
        "Server": [
          "Microsoft-HTTPAPI/2.0"
        ],
        "x-ms-ratelimit-remaining-subscription-writes": [
          "1197"
        ],
        "x-ms-correlation-request-id": [
<<<<<<< HEAD
          "923f07eb-c73b-4fed-b8b0-b08848e39a8b"
        ],
        "x-ms-routing-request-id": [
          "WESTUS:20190930T215234Z:923f07eb-c73b-4fed-b8b0-b08848e39a8b"
=======
          "3a0b9682-122e-414f-aa03-571789351958"
        ],
        "x-ms-routing-request-id": [
          "WESTUS:20200430T192938Z:3a0b9682-122e-414f-aa03-571789351958"
>>>>>>> e5fcd5c7b105c638909ca50ef4370d71fce2137e
        ],
        "X-Content-Type-Options": [
          "nosniff"
        ],
        "Date": [
<<<<<<< HEAD
          "Mon, 30 Sep 2019 21:52:34 GMT"
        ],
        "Content-Length": [
          "1855"
=======
          "Thu, 30 Apr 2020 19:29:38 GMT"
        ],
        "Expires": [
          "-1"
        ],
        "Content-Length": [
          "0"
        ]
      },
      "ResponseBody": "",
      "StatusCode": 202
    },
    {
      "RequestUri": "/subscriptions/a200340d-6b82-494d-9dbf-687ba6e33f9e/resourceGroups/powershelltest/providers/Microsoft.ApiManagement/service/powershellsdkservice/apis/ps5080/schemas/c79a38bd-3cc5-4e8e-a711-8b53562cd533?api-version=2019-12-01&asyncId=5eab2703a2ca601230023135&asyncCode=200",
      "EncodedRequestUri": "L3N1YnNjcmlwdGlvbnMvYTIwMDM0MGQtNmI4Mi00OTRkLTlkYmYtNjg3YmE2ZTMzZjllL3Jlc291cmNlR3JvdXBzL3Bvd2Vyc2hlbGx0ZXN0L3Byb3ZpZGVycy9NaWNyb3NvZnQuQXBpTWFuYWdlbWVudC9zZXJ2aWNlL3Bvd2Vyc2hlbGxzZGtzZXJ2aWNlL2FwaXMvcHM1MDgwL3NjaGVtYXMvYzc5YTM4YmQtM2NjNS00ZThlLWE3MTEtOGI1MzU2MmNkNTMzP2FwaS12ZXJzaW9uPTIwMTktMTItMDEmYXN5bmNJZD01ZWFiMjcwM2EyY2E2MDEyMzAwMjMxMzUmYXN5bmNDb2RlPTIwMA==",
      "RequestMethod": "GET",
      "RequestBody": "",
      "RequestHeaders": {
        "User-Agent": [
          "FxVersion/4.6.27817.03",
          "OSName/Windows",
          "OSVersion/Microsoft.Windows.10.0.18363.",
          "Microsoft.Azure.Management.ApiManagement.ApiManagementClient/5.0.0.0"
        ]
      },
      "ResponseHeaders": {
        "Cache-Control": [
          "no-cache"
        ],
        "Pragma": [
          "no-cache"
        ],
        "ETag": [
          "\"AAAAAAAACiU=\""
        ],
        "Strict-Transport-Security": [
          "max-age=31536000; includeSubDomains"
        ],
        "x-ms-request-id": [
          "70d9b2ff-fab8-4af7-a7af-84cdbba13906"
        ],
        "Server": [
          "Microsoft-HTTPAPI/2.0"
        ],
        "x-ms-ratelimit-remaining-subscription-reads": [
          "11996"
        ],
        "x-ms-correlation-request-id": [
          "cd218525-6693-439c-8a8b-5f9b9f893cf5"
        ],
        "x-ms-routing-request-id": [
          "WESTUS:20200430T192938Z:cd218525-6693-439c-8a8b-5f9b9f893cf5"
        ],
        "X-Content-Type-Options": [
          "nosniff"
        ],
        "Date": [
          "Thu, 30 Apr 2020 19:29:37 GMT"
        ],
        "Content-Length": [
          "1876"
>>>>>>> e5fcd5c7b105c638909ca50ef4370d71fce2137e
        ],
        "Content-Type": [
          "application/json; charset=utf-8"
        ],
        "Expires": [
          "-1"
        ]
      },
<<<<<<< HEAD
      "ResponseBody": "{\r\n  \"id\": \"/subscriptions/a200340d-6b82-494d-9dbf-687ba6e33f9e/resourceGroups/powershelltest/providers/Microsoft.ApiManagement/service/powershellsdkservice/apis/ps2056/schemas/84f0e9cc-1a1c-40fa-9504-ffa5544ffbb1\",\r\n  \"type\": \"Microsoft.ApiManagement/service/apis/schemas\",\r\n  \"name\": \"84f0e9cc-1a1c-40fa-9504-ffa5544ffbb1\",\r\n  \"properties\": {\r\n    \"contentType\": \"application/json\",\r\n    \"document\": {\r\n      \"value\": \"<?xml version=\\\"\\\"1.0\\\"\\\" encoding=\\\"\\\"UTF-8\\\"\\\" ?>\\r\\n<xs:schema xmlns:xs=\\\"\\\"http://www.w3.org/2001/XMLSchema\\\"\\\">\\r\\n<xs:element name=\\\"\\\"shiporder\\\"\\\">\\r\\n  <xs:complexType>\\r\\n    <xs:sequence>\\r\\n      <xs:element name=\\\"\\\"orderperson\\\"\\\" type=\\\"\\\"xs:string\\\"\\\"/>\\r\\n      <xs:element name=\\\"\\\"shipto\\\"\\\">\\r\\n        <xs:complexType>\\r\\n          <xs:sequence>\\r\\n            <xs:element name=\\\"\\\"name\\\"\\\" type=\\\"\\\"xs:string\\\"\\\"/>\\r\\n            <xs:element name=\\\"\\\"address\\\"\\\" type=\\\"\\\"xs:string\\\"\\\"/>\\r\\n            <xs:element name=\\\"\\\"city\\\"\\\" type=\\\"\\\"xs:string\\\"\\\"/>\\r\\n            <xs:element name=\\\"\\\"country\\\"\\\" type=\\\"\\\"xs:string\\\"\\\"/>\\r\\n          </xs:sequence>\\r\\n        </xs:complexType>\\r\\n      </xs:element>\\r\\n      <xs:element name=\\\"\\\"item\\\"\\\" maxOccurs=\\\"\\\"unbounded\\\"\\\">\\r\\n        <xs:complexType>\\r\\n          <xs:sequence>\\r\\n            <xs:element name=\\\"\\\"title\\\"\\\" type=\\\"\\\"xs:string\\\"\\\"/>\\r\\n            <xs:element name=\\\"\\\"note\\\"\\\" type=\\\"\\\"xs:string\\\"\\\" minOccurs=\\\"\\\"0\\\"\\\"/>\\r\\n            <xs:element name=\\\"\\\"quantity\\\"\\\" type=\\\"\\\"xs:positiveInteger\\\"\\\"/>\\r\\n            <xs:element name=\\\"\\\"price\\\"\\\" type=\\\"\\\"xs:decimal\\\"\\\"/>\\r\\n          </xs:sequence>\\r\\n        </xs:complexType>\\r\\n      </xs:element>\\r\\n    </xs:sequence>\\r\\n    <xs:attribute name=\\\"\\\"orderid\\\"\\\" type=\\\"\\\"xs:string\\\"\\\" use=\\\"\\\"required\\\"\\\"/>\\r\\n  </xs:complexType>\\r\\n</xs:element>\\r\\n</xs:schema> \"\r\n    }\r\n  }\r\n}",
      "StatusCode": 200
    },
    {
      "RequestUri": "/subscriptions/a200340d-6b82-494d-9dbf-687ba6e33f9e/resourceGroups/powershelltest/providers/Microsoft.ApiManagement/service/powershellsdkservice/apis/ps2056/schemas/84f0e9cc-1a1c-40fa-9504-ffa5544ffbb1?api-version=2019-01-01",
      "EncodedRequestUri": "L3N1YnNjcmlwdGlvbnMvYTIwMDM0MGQtNmI4Mi00OTRkLTlkYmYtNjg3YmE2ZTMzZjllL3Jlc291cmNlR3JvdXBzL3Bvd2Vyc2hlbGx0ZXN0L3Byb3ZpZGVycy9NaWNyb3NvZnQuQXBpTWFuYWdlbWVudC9zZXJ2aWNlL3Bvd2Vyc2hlbGxzZGtzZXJ2aWNlL2FwaXMvcHMyMDU2L3NjaGVtYXMvODRmMGU5Y2MtMWExYy00MGZhLTk1MDQtZmZhNTU0NGZmYmIxP2FwaS12ZXJzaW9uPTIwMTktMDEtMDE=",
=======
      "ResponseBody": "{\r\n  \"id\": \"/subscriptions/a200340d-6b82-494d-9dbf-687ba6e33f9e/resourceGroups/powershelltest/providers/Microsoft.ApiManagement/service/powershellsdkservice/apis/ps5080/schemas/c79a38bd-3cc5-4e8e-a711-8b53562cd533\",\r\n  \"type\": \"Microsoft.ApiManagement/service/apis/schemas\",\r\n  \"name\": \"c79a38bd-3cc5-4e8e-a711-8b53562cd533\",\r\n  \"properties\": {\r\n    \"contentType\": \"application/vnd.ms-azure-apim.xsd+xml\",\r\n    \"document\": {\r\n      \"value\": \"<?xml version=\\\"\\\"1.0\\\"\\\" encoding=\\\"\\\"UTF-8\\\"\\\" ?>\\r\\n<xs:schema xmlns:xs=\\\"\\\"http://www.w3.org/2001/XMLSchema\\\"\\\">\\r\\n<xs:element name=\\\"\\\"shiporder\\\"\\\">\\r\\n  <xs:complexType>\\r\\n    <xs:sequence>\\r\\n      <xs:element name=\\\"\\\"orderperson\\\"\\\" type=\\\"\\\"xs:string\\\"\\\"/>\\r\\n      <xs:element name=\\\"\\\"shipto\\\"\\\">\\r\\n        <xs:complexType>\\r\\n          <xs:sequence>\\r\\n            <xs:element name=\\\"\\\"name\\\"\\\" type=\\\"\\\"xs:string\\\"\\\"/>\\r\\n            <xs:element name=\\\"\\\"address\\\"\\\" type=\\\"\\\"xs:string\\\"\\\"/>\\r\\n            <xs:element name=\\\"\\\"city\\\"\\\" type=\\\"\\\"xs:string\\\"\\\"/>\\r\\n            <xs:element name=\\\"\\\"country\\\"\\\" type=\\\"\\\"xs:string\\\"\\\"/>\\r\\n          </xs:sequence>\\r\\n        </xs:complexType>\\r\\n      </xs:element>\\r\\n      <xs:element name=\\\"\\\"item\\\"\\\" maxOccurs=\\\"\\\"unbounded\\\"\\\">\\r\\n        <xs:complexType>\\r\\n          <xs:sequence>\\r\\n            <xs:element name=\\\"\\\"title\\\"\\\" type=\\\"\\\"xs:string\\\"\\\"/>\\r\\n            <xs:element name=\\\"\\\"note\\\"\\\" type=\\\"\\\"xs:string\\\"\\\" minOccurs=\\\"\\\"0\\\"\\\"/>\\r\\n            <xs:element name=\\\"\\\"quantity\\\"\\\" type=\\\"\\\"xs:positiveInteger\\\"\\\"/>\\r\\n            <xs:element name=\\\"\\\"price\\\"\\\" type=\\\"\\\"xs:decimal\\\"\\\"/>\\r\\n          </xs:sequence>\\r\\n        </xs:complexType>\\r\\n      </xs:element>\\r\\n    </xs:sequence>\\r\\n    <xs:attribute name=\\\"\\\"orderid\\\"\\\" type=\\\"\\\"xs:string\\\"\\\" use=\\\"\\\"required\\\"\\\"/>\\r\\n  </xs:complexType>\\r\\n</xs:element>\\r\\n</xs:schema> \"\r\n    }\r\n  }\r\n}",
      "StatusCode": 200
    },
    {
      "RequestUri": "/subscriptions/a200340d-6b82-494d-9dbf-687ba6e33f9e/resourceGroups/powershelltest/providers/Microsoft.ApiManagement/service/powershellsdkservice/apis/ps5080/schemas/c79a38bd-3cc5-4e8e-a711-8b53562cd533?api-version=2019-12-01",
      "EncodedRequestUri": "L3N1YnNjcmlwdGlvbnMvYTIwMDM0MGQtNmI4Mi00OTRkLTlkYmYtNjg3YmE2ZTMzZjllL3Jlc291cmNlR3JvdXBzL3Bvd2Vyc2hlbGx0ZXN0L3Byb3ZpZGVycy9NaWNyb3NvZnQuQXBpTWFuYWdlbWVudC9zZXJ2aWNlL3Bvd2Vyc2hlbGxzZGtzZXJ2aWNlL2FwaXMvcHM1MDgwL3NjaGVtYXMvYzc5YTM4YmQtM2NjNS00ZThlLWE3MTEtOGI1MzU2MmNkNTMzP2FwaS12ZXJzaW9uPTIwMTktMTItMDE=",
>>>>>>> e5fcd5c7b105c638909ca50ef4370d71fce2137e
      "RequestMethod": "GET",
      "RequestBody": "",
      "RequestHeaders": {
        "x-ms-client-request-id": [
<<<<<<< HEAD
          "fcbc9ce9-e50a-4440-9083-c8a7ec08861c"
=======
          "a95c6938-f0d8-4971-8c27-d483d187f50e"
>>>>>>> e5fcd5c7b105c638909ca50ef4370d71fce2137e
        ],
        "Accept-Language": [
          "en-US"
        ],
        "User-Agent": [
<<<<<<< HEAD
          "FxVersion/4.6.27817.01",
          "OSName/Windows",
          "OSVersion/Microsoft.Windows.10.0.18362.",
          "Microsoft.Azure.Management.ApiManagement.ApiManagementClient/4.11.0.0"
=======
          "FxVersion/4.6.27817.03",
          "OSName/Windows",
          "OSVersion/Microsoft.Windows.10.0.18363.",
          "Microsoft.Azure.Management.ApiManagement.ApiManagementClient/5.0.0.0"
>>>>>>> e5fcd5c7b105c638909ca50ef4370d71fce2137e
        ]
      },
      "ResponseHeaders": {
        "Cache-Control": [
          "no-cache"
        ],
        "Pragma": [
          "no-cache"
        ],
        "ETag": [
<<<<<<< HEAD
          "\"AAAAAAAAJZk=\""
=======
          "\"AAAAAAAACiU=\""
>>>>>>> e5fcd5c7b105c638909ca50ef4370d71fce2137e
        ],
        "Strict-Transport-Security": [
          "max-age=31536000; includeSubDomains"
        ],
        "x-ms-request-id": [
<<<<<<< HEAD
          "8754edc2-5108-4601-82a4-e97e1c0e10e3"
=======
          "37575852-d9e5-415b-bdea-5eeb91fd7565"
>>>>>>> e5fcd5c7b105c638909ca50ef4370d71fce2137e
        ],
        "Server": [
          "Microsoft-HTTPAPI/2.0"
        ],
        "x-ms-ratelimit-remaining-subscription-reads": [
<<<<<<< HEAD
          "11996"
        ],
        "x-ms-correlation-request-id": [
          "f8cb706d-2eb0-4a47-a629-357426bd6891"
        ],
        "x-ms-routing-request-id": [
          "WESTUS:20190930T215234Z:f8cb706d-2eb0-4a47-a629-357426bd6891"
=======
          "11995"
        ],
        "x-ms-correlation-request-id": [
          "249c4867-108c-42a2-9b88-166b62745d3f"
        ],
        "x-ms-routing-request-id": [
          "WESTUS:20200430T192938Z:249c4867-108c-42a2-9b88-166b62745d3f"
>>>>>>> e5fcd5c7b105c638909ca50ef4370d71fce2137e
        ],
        "X-Content-Type-Options": [
          "nosniff"
        ],
        "Date": [
<<<<<<< HEAD
          "Mon, 30 Sep 2019 21:52:33 GMT"
=======
          "Thu, 30 Apr 2020 19:29:37 GMT"
>>>>>>> e5fcd5c7b105c638909ca50ef4370d71fce2137e
        ],
        "Content-Length": [
          "1876"
        ],
        "Content-Type": [
          "application/json; charset=utf-8"
        ],
        "Expires": [
          "-1"
        ]
      },
<<<<<<< HEAD
      "ResponseBody": "{\r\n  \"id\": \"/subscriptions/a200340d-6b82-494d-9dbf-687ba6e33f9e/resourceGroups/powershelltest/providers/Microsoft.ApiManagement/service/powershellsdkservice/apis/ps2056/schemas/84f0e9cc-1a1c-40fa-9504-ffa5544ffbb1\",\r\n  \"type\": \"Microsoft.ApiManagement/service/apis/schemas\",\r\n  \"name\": \"84f0e9cc-1a1c-40fa-9504-ffa5544ffbb1\",\r\n  \"properties\": {\r\n    \"contentType\": \"application/vnd.ms-azure-apim.xsd+xml\",\r\n    \"document\": {\r\n      \"value\": \"<?xml version=\\\"\\\"1.0\\\"\\\" encoding=\\\"\\\"UTF-8\\\"\\\" ?>\\r\\n<xs:schema xmlns:xs=\\\"\\\"http://www.w3.org/2001/XMLSchema\\\"\\\">\\r\\n<xs:element name=\\\"\\\"shiporder\\\"\\\">\\r\\n  <xs:complexType>\\r\\n    <xs:sequence>\\r\\n      <xs:element name=\\\"\\\"orderperson\\\"\\\" type=\\\"\\\"xs:string\\\"\\\"/>\\r\\n      <xs:element name=\\\"\\\"shipto\\\"\\\">\\r\\n        <xs:complexType>\\r\\n          <xs:sequence>\\r\\n            <xs:element name=\\\"\\\"name\\\"\\\" type=\\\"\\\"xs:string\\\"\\\"/>\\r\\n            <xs:element name=\\\"\\\"address\\\"\\\" type=\\\"\\\"xs:string\\\"\\\"/>\\r\\n            <xs:element name=\\\"\\\"city\\\"\\\" type=\\\"\\\"xs:string\\\"\\\"/>\\r\\n            <xs:element name=\\\"\\\"country\\\"\\\" type=\\\"\\\"xs:string\\\"\\\"/>\\r\\n          </xs:sequence>\\r\\n        </xs:complexType>\\r\\n      </xs:element>\\r\\n      <xs:element name=\\\"\\\"item\\\"\\\" maxOccurs=\\\"\\\"unbounded\\\"\\\">\\r\\n        <xs:complexType>\\r\\n          <xs:sequence>\\r\\n            <xs:element name=\\\"\\\"title\\\"\\\" type=\\\"\\\"xs:string\\\"\\\"/>\\r\\n            <xs:element name=\\\"\\\"note\\\"\\\" type=\\\"\\\"xs:string\\\"\\\" minOccurs=\\\"\\\"0\\\"\\\"/>\\r\\n            <xs:element name=\\\"\\\"quantity\\\"\\\" type=\\\"\\\"xs:positiveInteger\\\"\\\"/>\\r\\n            <xs:element name=\\\"\\\"price\\\"\\\" type=\\\"\\\"xs:decimal\\\"\\\"/>\\r\\n          </xs:sequence>\\r\\n        </xs:complexType>\\r\\n      </xs:element>\\r\\n    </xs:sequence>\\r\\n    <xs:attribute name=\\\"\\\"orderid\\\"\\\" type=\\\"\\\"xs:string\\\"\\\" use=\\\"\\\"required\\\"\\\"/>\\r\\n  </xs:complexType>\\r\\n</xs:element>\\r\\n</xs:schema> \"\r\n    }\r\n  }\r\n}",
      "StatusCode": 200
    },
    {
      "RequestUri": "/subscriptions/a200340d-6b82-494d-9dbf-687ba6e33f9e/resourceGroups/powershelltest/providers/Microsoft.ApiManagement/service/powershellsdkservice/apis/ps2056?deleteRevisions=true&api-version=2019-01-01",
      "EncodedRequestUri": "L3N1YnNjcmlwdGlvbnMvYTIwMDM0MGQtNmI4Mi00OTRkLTlkYmYtNjg3YmE2ZTMzZjllL3Jlc291cmNlR3JvdXBzL3Bvd2Vyc2hlbGx0ZXN0L3Byb3ZpZGVycy9NaWNyb3NvZnQuQXBpTWFuYWdlbWVudC9zZXJ2aWNlL3Bvd2Vyc2hlbGxzZGtzZXJ2aWNlL2FwaXMvcHMyMDU2P2RlbGV0ZVJldmlzaW9ucz10cnVlJmFwaS12ZXJzaW9uPTIwMTktMDEtMDE=",
=======
      "ResponseBody": "{\r\n  \"id\": \"/subscriptions/a200340d-6b82-494d-9dbf-687ba6e33f9e/resourceGroups/powershelltest/providers/Microsoft.ApiManagement/service/powershellsdkservice/apis/ps5080/schemas/c79a38bd-3cc5-4e8e-a711-8b53562cd533\",\r\n  \"type\": \"Microsoft.ApiManagement/service/apis/schemas\",\r\n  \"name\": \"c79a38bd-3cc5-4e8e-a711-8b53562cd533\",\r\n  \"properties\": {\r\n    \"contentType\": \"application/vnd.ms-azure-apim.xsd+xml\",\r\n    \"document\": {\r\n      \"value\": \"<?xml version=\\\"\\\"1.0\\\"\\\" encoding=\\\"\\\"UTF-8\\\"\\\" ?>\\r\\n<xs:schema xmlns:xs=\\\"\\\"http://www.w3.org/2001/XMLSchema\\\"\\\">\\r\\n<xs:element name=\\\"\\\"shiporder\\\"\\\">\\r\\n  <xs:complexType>\\r\\n    <xs:sequence>\\r\\n      <xs:element name=\\\"\\\"orderperson\\\"\\\" type=\\\"\\\"xs:string\\\"\\\"/>\\r\\n      <xs:element name=\\\"\\\"shipto\\\"\\\">\\r\\n        <xs:complexType>\\r\\n          <xs:sequence>\\r\\n            <xs:element name=\\\"\\\"name\\\"\\\" type=\\\"\\\"xs:string\\\"\\\"/>\\r\\n            <xs:element name=\\\"\\\"address\\\"\\\" type=\\\"\\\"xs:string\\\"\\\"/>\\r\\n            <xs:element name=\\\"\\\"city\\\"\\\" type=\\\"\\\"xs:string\\\"\\\"/>\\r\\n            <xs:element name=\\\"\\\"country\\\"\\\" type=\\\"\\\"xs:string\\\"\\\"/>\\r\\n          </xs:sequence>\\r\\n        </xs:complexType>\\r\\n      </xs:element>\\r\\n      <xs:element name=\\\"\\\"item\\\"\\\" maxOccurs=\\\"\\\"unbounded\\\"\\\">\\r\\n        <xs:complexType>\\r\\n          <xs:sequence>\\r\\n            <xs:element name=\\\"\\\"title\\\"\\\" type=\\\"\\\"xs:string\\\"\\\"/>\\r\\n            <xs:element name=\\\"\\\"note\\\"\\\" type=\\\"\\\"xs:string\\\"\\\" minOccurs=\\\"\\\"0\\\"\\\"/>\\r\\n            <xs:element name=\\\"\\\"quantity\\\"\\\" type=\\\"\\\"xs:positiveInteger\\\"\\\"/>\\r\\n            <xs:element name=\\\"\\\"price\\\"\\\" type=\\\"\\\"xs:decimal\\\"\\\"/>\\r\\n          </xs:sequence>\\r\\n        </xs:complexType>\\r\\n      </xs:element>\\r\\n    </xs:sequence>\\r\\n    <xs:attribute name=\\\"\\\"orderid\\\"\\\" type=\\\"\\\"xs:string\\\"\\\" use=\\\"\\\"required\\\"\\\"/>\\r\\n  </xs:complexType>\\r\\n</xs:element>\\r\\n</xs:schema> \"\r\n    }\r\n  }\r\n}",
      "StatusCode": 200
    },
    {
      "RequestUri": "/subscriptions/a200340d-6b82-494d-9dbf-687ba6e33f9e/resourceGroups/powershelltest/providers/Microsoft.ApiManagement/service/powershellsdkservice/apis/ps5080/schemas/c79a38bd-3cc5-4e8e-a711-8b53562cd533?api-version=2019-12-01&asyncId=5eab2722a2ca601230023139&asyncCode=200",
      "EncodedRequestUri": "L3N1YnNjcmlwdGlvbnMvYTIwMDM0MGQtNmI4Mi00OTRkLTlkYmYtNjg3YmE2ZTMzZjllL3Jlc291cmNlR3JvdXBzL3Bvd2Vyc2hlbGx0ZXN0L3Byb3ZpZGVycy9NaWNyb3NvZnQuQXBpTWFuYWdlbWVudC9zZXJ2aWNlL3Bvd2Vyc2hlbGxzZGtzZXJ2aWNlL2FwaXMvcHM1MDgwL3NjaGVtYXMvYzc5YTM4YmQtM2NjNS00ZThlLWE3MTEtOGI1MzU2MmNkNTMzP2FwaS12ZXJzaW9uPTIwMTktMTItMDEmYXN5bmNJZD01ZWFiMjcyMmEyY2E2MDEyMzAwMjMxMzkmYXN5bmNDb2RlPTIwMA==",
      "RequestMethod": "GET",
      "RequestBody": "",
      "RequestHeaders": {
        "User-Agent": [
          "FxVersion/4.6.27817.03",
          "OSName/Windows",
          "OSVersion/Microsoft.Windows.10.0.18363.",
          "Microsoft.Azure.Management.ApiManagement.ApiManagementClient/5.0.0.0"
        ]
      },
      "ResponseHeaders": {
        "Cache-Control": [
          "no-cache"
        ],
        "Pragma": [
          "no-cache"
        ],
        "ETag": [
          "\"AAAAAAAACiY=\""
        ],
        "Strict-Transport-Security": [
          "max-age=31536000; includeSubDomains"
        ],
        "x-ms-request-id": [
          "f3d99851-2581-4840-8123-59aadba6aef2"
        ],
        "x-ms-ratelimit-remaining-subscription-reads": [
          "11993"
        ],
        "Server": [
          "Microsoft-HTTPAPI/2.0"
        ],
        "x-ms-correlation-request-id": [
          "397a3ffb-e92b-46b3-8a17-8802824e2425"
        ],
        "x-ms-routing-request-id": [
          "WESTUS:20200430T193008Z:397a3ffb-e92b-46b3-8a17-8802824e2425"
        ],
        "X-Content-Type-Options": [
          "nosniff"
        ],
        "Date": [
          "Thu, 30 Apr 2020 19:30:07 GMT"
        ],
        "Content-Length": [
          "1855"
        ],
        "Content-Type": [
          "application/json; charset=utf-8"
        ],
        "Expires": [
          "-1"
        ]
      },
      "ResponseBody": "{\r\n  \"id\": \"/subscriptions/a200340d-6b82-494d-9dbf-687ba6e33f9e/resourceGroups/powershelltest/providers/Microsoft.ApiManagement/service/powershellsdkservice/apis/ps5080/schemas/c79a38bd-3cc5-4e8e-a711-8b53562cd533\",\r\n  \"type\": \"Microsoft.ApiManagement/service/apis/schemas\",\r\n  \"name\": \"c79a38bd-3cc5-4e8e-a711-8b53562cd533\",\r\n  \"properties\": {\r\n    \"contentType\": \"application/json\",\r\n    \"document\": {\r\n      \"value\": \"<?xml version=\\\"\\\"1.0\\\"\\\" encoding=\\\"\\\"UTF-8\\\"\\\" ?>\\r\\n<xs:schema xmlns:xs=\\\"\\\"http://www.w3.org/2001/XMLSchema\\\"\\\">\\r\\n<xs:element name=\\\"\\\"shiporder\\\"\\\">\\r\\n  <xs:complexType>\\r\\n    <xs:sequence>\\r\\n      <xs:element name=\\\"\\\"orderperson\\\"\\\" type=\\\"\\\"xs:string\\\"\\\"/>\\r\\n      <xs:element name=\\\"\\\"shipto\\\"\\\">\\r\\n        <xs:complexType>\\r\\n          <xs:sequence>\\r\\n            <xs:element name=\\\"\\\"name\\\"\\\" type=\\\"\\\"xs:string\\\"\\\"/>\\r\\n            <xs:element name=\\\"\\\"address\\\"\\\" type=\\\"\\\"xs:string\\\"\\\"/>\\r\\n            <xs:element name=\\\"\\\"city\\\"\\\" type=\\\"\\\"xs:string\\\"\\\"/>\\r\\n            <xs:element name=\\\"\\\"country\\\"\\\" type=\\\"\\\"xs:string\\\"\\\"/>\\r\\n          </xs:sequence>\\r\\n        </xs:complexType>\\r\\n      </xs:element>\\r\\n      <xs:element name=\\\"\\\"item\\\"\\\" maxOccurs=\\\"\\\"unbounded\\\"\\\">\\r\\n        <xs:complexType>\\r\\n          <xs:sequence>\\r\\n            <xs:element name=\\\"\\\"title\\\"\\\" type=\\\"\\\"xs:string\\\"\\\"/>\\r\\n            <xs:element name=\\\"\\\"note\\\"\\\" type=\\\"\\\"xs:string\\\"\\\" minOccurs=\\\"\\\"0\\\"\\\"/>\\r\\n            <xs:element name=\\\"\\\"quantity\\\"\\\" type=\\\"\\\"xs:positiveInteger\\\"\\\"/>\\r\\n            <xs:element name=\\\"\\\"price\\\"\\\" type=\\\"\\\"xs:decimal\\\"\\\"/>\\r\\n          </xs:sequence>\\r\\n        </xs:complexType>\\r\\n      </xs:element>\\r\\n    </xs:sequence>\\r\\n    <xs:attribute name=\\\"\\\"orderid\\\"\\\" type=\\\"\\\"xs:string\\\"\\\" use=\\\"\\\"required\\\"\\\"/>\\r\\n  </xs:complexType>\\r\\n</xs:element>\\r\\n</xs:schema> \"\r\n    }\r\n  }\r\n}",
      "StatusCode": 200
    },
    {
      "RequestUri": "/subscriptions/a200340d-6b82-494d-9dbf-687ba6e33f9e/resourceGroups/powershelltest/providers/Microsoft.ApiManagement/service/powershellsdkservice/apis/ps5080?deleteRevisions=true&api-version=2019-12-01",
      "EncodedRequestUri": "L3N1YnNjcmlwdGlvbnMvYTIwMDM0MGQtNmI4Mi00OTRkLTlkYmYtNjg3YmE2ZTMzZjllL3Jlc291cmNlR3JvdXBzL3Bvd2Vyc2hlbGx0ZXN0L3Byb3ZpZGVycy9NaWNyb3NvZnQuQXBpTWFuYWdlbWVudC9zZXJ2aWNlL3Bvd2Vyc2hlbGxzZGtzZXJ2aWNlL2FwaXMvcHM1MDgwP2RlbGV0ZVJldmlzaW9ucz10cnVlJmFwaS12ZXJzaW9uPTIwMTktMTItMDE=",
>>>>>>> e5fcd5c7b105c638909ca50ef4370d71fce2137e
      "RequestMethod": "DELETE",
      "RequestBody": "",
      "RequestHeaders": {
        "x-ms-client-request-id": [
<<<<<<< HEAD
          "cf67d06c-f020-4087-954c-2549ecfd7bc2"
=======
          "1034bf6d-3b70-47d7-b26d-007c1ffbdbb2"
>>>>>>> e5fcd5c7b105c638909ca50ef4370d71fce2137e
        ],
        "If-Match": [
          "*"
        ],
        "Accept-Language": [
          "en-US"
        ],
        "User-Agent": [
<<<<<<< HEAD
          "FxVersion/4.6.27817.01",
          "OSName/Windows",
          "OSVersion/Microsoft.Windows.10.0.18362.",
          "Microsoft.Azure.Management.ApiManagement.ApiManagementClient/4.11.0.0"
=======
          "FxVersion/4.6.27817.03",
          "OSName/Windows",
          "OSVersion/Microsoft.Windows.10.0.18363.",
          "Microsoft.Azure.Management.ApiManagement.ApiManagementClient/5.0.0.0"
>>>>>>> e5fcd5c7b105c638909ca50ef4370d71fce2137e
        ]
      },
      "ResponseHeaders": {
        "Cache-Control": [
          "no-cache"
        ],
        "Pragma": [
          "no-cache"
        ],
        "Strict-Transport-Security": [
          "max-age=31536000; includeSubDomains"
        ],
        "x-ms-request-id": [
<<<<<<< HEAD
          "0ebdfbaa-617b-46f7-92b0-7c39dd4ee3af"
=======
          "e6ef61b3-a4ea-4cb8-9e01-469b171a3ffa"
>>>>>>> e5fcd5c7b105c638909ca50ef4370d71fce2137e
        ],
        "Server": [
          "Microsoft-HTTPAPI/2.0"
        ],
        "x-ms-ratelimit-remaining-subscription-deletes": [
          "14999"
        ],
        "x-ms-correlation-request-id": [
<<<<<<< HEAD
          "e9cbeb3b-1cd9-445a-b700-ccf093bc846a"
        ],
        "x-ms-routing-request-id": [
          "WESTUS:20190930T215235Z:e9cbeb3b-1cd9-445a-b700-ccf093bc846a"
=======
          "5c38f321-68ad-490f-bc72-90d4f233a356"
        ],
        "x-ms-routing-request-id": [
          "WESTUS:20200430T193008Z:5c38f321-68ad-490f-bc72-90d4f233a356"
>>>>>>> e5fcd5c7b105c638909ca50ef4370d71fce2137e
        ],
        "X-Content-Type-Options": [
          "nosniff"
        ],
        "Date": [
<<<<<<< HEAD
          "Mon, 30 Sep 2019 21:52:35 GMT"
=======
          "Thu, 30 Apr 2020 19:30:08 GMT"
>>>>>>> e5fcd5c7b105c638909ca50ef4370d71fce2137e
        ],
        "Expires": [
          "-1"
        ],
        "Content-Length": [
          "0"
        ]
      },
      "ResponseBody": "",
      "StatusCode": 200
    }
  ],
  "Names": {
    "": [
<<<<<<< HEAD
      "ps2056",
      "ps9687"
=======
      "ps5080",
      "ps4778"
>>>>>>> e5fcd5c7b105c638909ca50ef4370d71fce2137e
    ]
  },
  "Variables": {
    "SubscriptionId": "a200340d-6b82-494d-9dbf-687ba6e33f9e"
  }
}