{
  "Entries": [
    {
<<<<<<< HEAD
      "RequestUri": "/subscriptions/3e919f9a-4e26-4736-aa8d-d596d9a49239/providers/Microsoft.Peering/peerAsns/Global4030?api-version=2019-09-01-preview",
      "EncodedRequestUri": "L3N1YnNjcmlwdGlvbnMvM2U5MTlmOWEtNGUyNi00NzM2LWFhOGQtZDU5NmQ5YTQ5MjM5L3Byb3ZpZGVycy9NaWNyb3NvZnQuUGVlcmluZy9wZWVyQXNucy9HbG9iYWw0MDMwP2FwaS12ZXJzaW9uPTIwMTktMDktMDEtcHJldmlldw==",
      "RequestMethod": "PUT",
      "RequestBody": "{\r\n  \"properties\": {\r\n    \"peerAsn\": 65000,\r\n    \"peerContactInfo\": {\r\n      \"emails\": [\r\n        \"noc@ps8831.com\",\r\n        \"noc@Global4030.com\"\r\n      ],\r\n      \"phone\": [\r\n        \"ps1704\"\r\n      ]\r\n    },\r\n    \"peerName\": \"ps8831\"\r\n  }\r\n}",
      "RequestHeaders": {
        "x-ms-client-request-id": [
          "a8fc6fbe-3633-42c5-8df5-01375cb8be40"
=======
      "RequestUri": "/subscriptions/3e919f9a-4e26-4736-aa8d-d596d9a49239/providers/Microsoft.Peering/peerAsns/Global5177?api-version=2020-01-01-preview",
      "EncodedRequestUri": "L3N1YnNjcmlwdGlvbnMvM2U5MTlmOWEtNGUyNi00NzM2LWFhOGQtZDU5NmQ5YTQ5MjM5L3Byb3ZpZGVycy9NaWNyb3NvZnQuUGVlcmluZy9wZWVyQXNucy9HbG9iYWw1MTc3P2FwaS12ZXJzaW9uPTIwMjAtMDEtMDEtcHJldmlldw==",
      "RequestMethod": "PUT",
      "RequestBody": "{\r\n  \"properties\": {\r\n    \"peerAsn\": 38109,\r\n    \"peerContactDetail\": [\r\n      {\r\n        \"role\": \"Noc\",\r\n        \"email\": \"Noc@ps1674.com\",\r\n        \"phone\": \"+1(888)-889-8088\"\r\n      },\r\n      {\r\n        \"role\": \"Policy\",\r\n        \"email\": \"Policy@ps1674.com\",\r\n        \"phone\": \"+1(888)-889-8088\"\r\n      }\r\n    ],\r\n    \"peerName\": \"ps1674\"\r\n  }\r\n}",
      "RequestHeaders": {
        "x-ms-client-request-id": [
          "08a0279b-cb21-4b8a-be97-23e9b93402d5"
>>>>>>> e5fcd5c7b105c638909ca50ef4370d71fce2137e
        ],
        "Accept-Language": [
          "en-US"
        ],
        "User-Agent": [
<<<<<<< HEAD
          "FxVersion/4.6.27817.01",
          "OSName/Windows",
          "OSVersion/Microsoft.Windows.10.0.18362.",
          "Microsoft.Azure.Management.Peering.PeeringManagementClient/0.12.0.0"
=======
          "FxVersion/4.6.28619.01",
          "OSName/Windows",
          "OSVersion/Microsoft.Windows.10.0.18363.",
          "Microsoft.Azure.Management.Peering.PeeringManagementClient/2.0.0.1"
>>>>>>> e5fcd5c7b105c638909ca50ef4370d71fce2137e
        ],
        "Content-Type": [
          "application/json; charset=utf-8"
        ],
        "Content-Length": [
<<<<<<< HEAD
          "242"
=======
          "350"
>>>>>>> e5fcd5c7b105c638909ca50ef4370d71fce2137e
        ]
      },
      "ResponseHeaders": {
        "Cache-Control": [
          "no-cache"
        ],
        "Pragma": [
          "no-cache"
        ],
        "x-ms-request-id": [
<<<<<<< HEAD
          "66c069fb-d39d-48b6-ad79-0daa9e59503e"
        ],
        "x-ms-ratelimit-remaining-subscription-resource-requests": [
          "55"
        ],
        "x-ms-correlation-request-id": [
          "6349aea0-8953-43d3-94cb-a3982569f393"
        ],
        "x-ms-routing-request-id": [
          "NORTHEUROPE:20191007T185128Z:6349aea0-8953-43d3-94cb-a3982569f393"
=======
          "5550d2cb-187d-4d1e-a87e-3741bf278b10"
        ],
        "x-ms-ratelimit-remaining-subscription-resource-requests": [
          "57"
        ],
        "x-ms-correlation-request-id": [
          "8f852208-a9d7-4034-ade2-266910bd6f57"
        ],
        "x-ms-routing-request-id": [
          "NORTHEUROPE:20200421T015431Z:8f852208-a9d7-4034-ade2-266910bd6f57"
>>>>>>> e5fcd5c7b105c638909ca50ef4370d71fce2137e
        ],
        "Strict-Transport-Security": [
          "max-age=31536000; includeSubDomains"
        ],
        "X-Content-Type-Options": [
          "nosniff"
        ],
        "Date": [
<<<<<<< HEAD
          "Mon, 07 Oct 2019 18:51:27 GMT"
        ],
        "Content-Length": [
          "452"
=======
          "Tue, 21 Apr 2020 01:54:30 GMT"
        ],
        "Content-Length": [
          "563"
>>>>>>> e5fcd5c7b105c638909ca50ef4370d71fce2137e
        ],
        "Content-Type": [
          "application/json; charset=utf-8"
        ],
        "Expires": [
          "-1"
        ]
      },
<<<<<<< HEAD
      "ResponseBody": "{\r\n  \"properties\": {\r\n    \"peerAsn\": 65000,\r\n    \"peerContactInfo\": {\r\n      \"emails\": [\r\n        \"noc@ps8831.com\",\r\n        \"noc@Global4030.com\"\r\n      ],\r\n      \"phone\": [\r\n        \"ps1704\"\r\n      ]\r\n    },\r\n    \"peerName\": \"ps8831\",\r\n    \"validationState\": \"None\"\r\n  },\r\n  \"name\": \"Global4030\",\r\n  \"id\": \"/subscriptions/3e919f9a-4e26-4736-aa8d-d596d9a49239/providers/Microsoft.Peering/peerAsns/Global4030\",\r\n  \"type\": \"Microsoft.Peering/peerAsns\"\r\n}",
      "StatusCode": 201
    },
    {
      "RequestUri": "/subscriptions/3e919f9a-4e26-4736-aa8d-d596d9a49239/providers/Microsoft.Peering/peerAsns/Global4030?api-version=2019-09-01-preview",
      "EncodedRequestUri": "L3N1YnNjcmlwdGlvbnMvM2U5MTlmOWEtNGUyNi00NzM2LWFhOGQtZDU5NmQ5YTQ5MjM5L3Byb3ZpZGVycy9NaWNyb3NvZnQuUGVlcmluZy9wZWVyQXNucy9HbG9iYWw0MDMwP2FwaS12ZXJzaW9uPTIwMTktMDktMDEtcHJldmlldw==",
=======
      "ResponseBody": "{\r\n  \"properties\": {\r\n    \"peerAsn\": 38109,\r\n    \"peerContactDetail\": [\r\n      {\r\n        \"role\": \"Noc\",\r\n        \"email\": \"Noc@ps1674.com\",\r\n        \"phone\": \"+1(888)-889-8088\"\r\n      },\r\n      {\r\n        \"role\": \"Policy\",\r\n        \"email\": \"Policy@ps1674.com\",\r\n        \"phone\": \"+1(888)-889-8088\"\r\n      }\r\n    ],\r\n    \"peerName\": \"ps1674\",\r\n    \"validationState\": \"Pending\"\r\n  },\r\n  \"name\": \"Global5177\",\r\n  \"id\": \"/subscriptions/3e919f9a-4e26-4736-aa8d-d596d9a49239/providers/Microsoft.Peering/peerAsns/Global5177\",\r\n  \"type\": \"Microsoft.Peering/peerAsns\"\r\n}",
      "StatusCode": 201
    },
    {
      "RequestUri": "/subscriptions/3e919f9a-4e26-4736-aa8d-d596d9a49239/providers/Microsoft.Peering/peerAsns/Global5177?api-version=2020-01-01-preview",
      "EncodedRequestUri": "L3N1YnNjcmlwdGlvbnMvM2U5MTlmOWEtNGUyNi00NzM2LWFhOGQtZDU5NmQ5YTQ5MjM5L3Byb3ZpZGVycy9NaWNyb3NvZnQuUGVlcmluZy9wZWVyQXNucy9HbG9iYWw1MTc3P2FwaS12ZXJzaW9uPTIwMjAtMDEtMDEtcHJldmlldw==",
>>>>>>> e5fcd5c7b105c638909ca50ef4370d71fce2137e
      "RequestMethod": "GET",
      "RequestBody": "",
      "RequestHeaders": {
        "x-ms-client-request-id": [
<<<<<<< HEAD
          "cd7115e9-dd89-4885-8de4-d168ecbc5ef4"
=======
          "205b5a41-24a1-44ce-86ef-378da1dcb0a6"
>>>>>>> e5fcd5c7b105c638909ca50ef4370d71fce2137e
        ],
        "Accept-Language": [
          "en-US"
        ],
        "User-Agent": [
<<<<<<< HEAD
          "FxVersion/4.6.27817.01",
          "OSName/Windows",
          "OSVersion/Microsoft.Windows.10.0.18362.",
          "Microsoft.Azure.Management.Peering.PeeringManagementClient/0.12.0.0"
=======
          "FxVersion/4.6.28619.01",
          "OSName/Windows",
          "OSVersion/Microsoft.Windows.10.0.18363.",
          "Microsoft.Azure.Management.Peering.PeeringManagementClient/2.0.0.1"
>>>>>>> e5fcd5c7b105c638909ca50ef4370d71fce2137e
        ]
      },
      "ResponseHeaders": {
        "Cache-Control": [
          "no-cache"
        ],
        "Pragma": [
          "no-cache"
        ],
        "x-ms-request-id": [
<<<<<<< HEAD
          "ade85cd7-097b-40a2-88be-6a2ae182226a"
        ],
        "x-ms-ratelimit-remaining-subscription-resource-requests": [
          "56"
        ],
        "x-ms-correlation-request-id": [
          "e85bbb1d-e65e-48e3-a14b-f539a0ff9c30"
        ],
        "x-ms-routing-request-id": [
          "NORTHEUROPE:20191007T185128Z:e85bbb1d-e65e-48e3-a14b-f539a0ff9c30"
=======
          "3049e8da-bd84-4786-8d39-6b5de14a0f9a"
        ],
        "x-ms-ratelimit-remaining-subscription-resource-requests": [
          "59"
        ],
        "x-ms-correlation-request-id": [
          "2591d6fa-f4ef-45bd-aed8-e19e70dada8c"
        ],
        "x-ms-routing-request-id": [
          "NORTHEUROPE:20200421T015431Z:2591d6fa-f4ef-45bd-aed8-e19e70dada8c"
>>>>>>> e5fcd5c7b105c638909ca50ef4370d71fce2137e
        ],
        "Strict-Transport-Security": [
          "max-age=31536000; includeSubDomains"
        ],
        "X-Content-Type-Options": [
          "nosniff"
        ],
        "Date": [
<<<<<<< HEAD
          "Mon, 07 Oct 2019 18:51:27 GMT"
        ],
        "Content-Length": [
          "452"
=======
          "Tue, 21 Apr 2020 01:54:31 GMT"
        ],
        "Content-Length": [
          "563"
>>>>>>> e5fcd5c7b105c638909ca50ef4370d71fce2137e
        ],
        "Content-Type": [
          "application/json; charset=utf-8"
        ],
        "Expires": [
          "-1"
        ]
      },
<<<<<<< HEAD
      "ResponseBody": "{\r\n  \"properties\": {\r\n    \"peerAsn\": 65000,\r\n    \"peerContactInfo\": {\r\n      \"emails\": [\r\n        \"noc@ps8831.com\",\r\n        \"noc@Global4030.com\"\r\n      ],\r\n      \"phone\": [\r\n        \"ps1704\"\r\n      ]\r\n    },\r\n    \"peerName\": \"ps8831\",\r\n    \"validationState\": \"None\"\r\n  },\r\n  \"name\": \"Global4030\",\r\n  \"id\": \"/subscriptions/3e919f9a-4e26-4736-aa8d-d596d9a49239/providers/Microsoft.Peering/peerAsns/Global4030\",\r\n  \"type\": \"Microsoft.Peering/peerAsns\"\r\n}",
      "StatusCode": 200
    },
    {
      "RequestUri": "/subscriptions/3e919f9a-4e26-4736-aa8d-d596d9a49239/providers/Microsoft.Peering/peerAsns/Global4030?api-version=2019-09-01-preview",
      "EncodedRequestUri": "L3N1YnNjcmlwdGlvbnMvM2U5MTlmOWEtNGUyNi00NzM2LWFhOGQtZDU5NmQ5YTQ5MjM5L3Byb3ZpZGVycy9NaWNyb3NvZnQuUGVlcmluZy9wZWVyQXNucy9HbG9iYWw0MDMwP2FwaS12ZXJzaW9uPTIwMTktMDktMDEtcHJldmlldw==",
=======
      "ResponseBody": "{\r\n  \"properties\": {\r\n    \"peerAsn\": 38109,\r\n    \"peerContactDetail\": [\r\n      {\r\n        \"role\": \"Noc\",\r\n        \"email\": \"Noc@ps1674.com\",\r\n        \"phone\": \"+1(888)-889-8088\"\r\n      },\r\n      {\r\n        \"role\": \"Policy\",\r\n        \"email\": \"Policy@ps1674.com\",\r\n        \"phone\": \"+1(888)-889-8088\"\r\n      }\r\n    ],\r\n    \"peerName\": \"ps1674\",\r\n    \"validationState\": \"Pending\"\r\n  },\r\n  \"name\": \"Global5177\",\r\n  \"id\": \"/subscriptions/3e919f9a-4e26-4736-aa8d-d596d9a49239/providers/Microsoft.Peering/peerAsns/Global5177\",\r\n  \"type\": \"Microsoft.Peering/peerAsns\"\r\n}",
      "StatusCode": 200
    },
    {
      "RequestUri": "/subscriptions/3e919f9a-4e26-4736-aa8d-d596d9a49239/providers/Microsoft.Peering/peerAsns/Global5177?api-version=2020-01-01-preview",
      "EncodedRequestUri": "L3N1YnNjcmlwdGlvbnMvM2U5MTlmOWEtNGUyNi00NzM2LWFhOGQtZDU5NmQ5YTQ5MjM5L3Byb3ZpZGVycy9NaWNyb3NvZnQuUGVlcmluZy9wZWVyQXNucy9HbG9iYWw1MTc3P2FwaS12ZXJzaW9uPTIwMjAtMDEtMDEtcHJldmlldw==",
>>>>>>> e5fcd5c7b105c638909ca50ef4370d71fce2137e
      "RequestMethod": "DELETE",
      "RequestBody": "",
      "RequestHeaders": {
        "x-ms-client-request-id": [
<<<<<<< HEAD
          "b99f65f9-49c4-4d52-aedc-95c10e132a08"
=======
          "8569094e-23df-47ef-b935-264b591133ee"
>>>>>>> e5fcd5c7b105c638909ca50ef4370d71fce2137e
        ],
        "Accept-Language": [
          "en-US"
        ],
        "User-Agent": [
<<<<<<< HEAD
          "FxVersion/4.6.27817.01",
          "OSName/Windows",
          "OSVersion/Microsoft.Windows.10.0.18362.",
          "Microsoft.Azure.Management.Peering.PeeringManagementClient/0.12.0.0"
=======
          "FxVersion/4.6.28619.01",
          "OSName/Windows",
          "OSVersion/Microsoft.Windows.10.0.18363.",
          "Microsoft.Azure.Management.Peering.PeeringManagementClient/2.0.0.1"
>>>>>>> e5fcd5c7b105c638909ca50ef4370d71fce2137e
        ]
      },
      "ResponseHeaders": {
        "Cache-Control": [
          "no-cache"
        ],
        "Pragma": [
          "no-cache"
        ],
        "x-ms-request-id": [
<<<<<<< HEAD
          "95fd52a0-a9e3-451a-9b42-1881d63c7121"
        ],
        "x-ms-ratelimit-remaining-subscription-deletes": [
          "14997"
        ],
        "x-ms-correlation-request-id": [
          "8245be4a-9b5b-422b-96e4-a95ad64c030d"
        ],
        "x-ms-routing-request-id": [
          "NORTHEUROPE:20191007T185129Z:8245be4a-9b5b-422b-96e4-a95ad64c030d"
=======
          "920bedb6-21ae-4e2a-9e6a-7f91ebbf7068"
        ],
        "x-ms-ratelimit-remaining-subscription-deletes": [
          "14998"
        ],
        "x-ms-correlation-request-id": [
          "bc29b0b1-830e-4301-9cb3-0a9df2a687dc"
        ],
        "x-ms-routing-request-id": [
          "NORTHEUROPE:20200421T015432Z:bc29b0b1-830e-4301-9cb3-0a9df2a687dc"
>>>>>>> e5fcd5c7b105c638909ca50ef4370d71fce2137e
        ],
        "Strict-Transport-Security": [
          "max-age=31536000; includeSubDomains"
        ],
        "X-Content-Type-Options": [
          "nosniff"
        ],
        "Date": [
<<<<<<< HEAD
          "Mon, 07 Oct 2019 18:51:29 GMT"
=======
          "Tue, 21 Apr 2020 01:54:31 GMT"
>>>>>>> e5fcd5c7b105c638909ca50ef4370d71fce2137e
        ],
        "Expires": [
          "-1"
        ],
        "Content-Length": [
          "0"
        ]
      },
      "ResponseBody": "",
      "StatusCode": 200
    }
  ],
  "Names": {
    "Test-NewPeerAsn": [
<<<<<<< HEAD
      "Global4030",
      "ps8831",
      "ps1704"
=======
      "Global5177",
      "ps1674"
>>>>>>> e5fcd5c7b105c638909ca50ef4370d71fce2137e
    ]
  },
  "Variables": {
    "SubscriptionId": "3e919f9a-4e26-4736-aa8d-d596d9a49239"
  }
}